Execute         source -notrace -encoding utf-8 /tools/software/xilinx/2025.1.1/Vitis/tps/tcl/tcl8.6/clock.tcl 
Execute           source -encoding utf-8 /tools/software/xilinx/2025.1.1/tps/tcl/tcl8/8.5/msgcat-1.6.1.tm 
INFO-FLOW: Workspace /nethome/sparakh7/fpga_8893/2026_Spring/lab0/project_1/hls opened at Thu Jan 22 16:03:45 EST 2026
Execute         send_msg_by_id INFO @200-1505@%s%s default  vivado 
INFO: [HLS 200-1505] Using default flow_target 'vivado'
Execute         source /tools/software/xilinx/2025.1.1/Vitis/tps/tcl/tcllib2.0/yaml/huddle.tcl 
Execute           source /tools/software/xilinx/2025.1.1/tps/tcl/tcllib2.0/yaml/huddle_types.tcl 
Execute         source /tools/software/xilinx/2025.1.1/Vitis/tps/tcl/tcllib2.0/yaml/json2huddle.tcl 
Execute           source /tools/software/xilinx/2025.1.1/Vitis/tps/tcl/tcllib2.0/try/try.tcl 
Execute         write_component -config /nethome/sparakh7/fpga_8893/2026_Spring/lab0/project_1/hls_config.cfg 
Execute           send_msg_by_id INFO @200-2176@%s /nethome/sparakh7/fpga_8893/2026_Spring/lab0/project_1/vitis-comp.json 
INFO: [HLS 200-2176] Writing Vitis IDE component file /nethome/sparakh7/fpga_8893/2026_Spring/lab0/project_1/vitis-comp.json
Execute         write_ini /nethome/sparakh7/fpga_8893/2026_Spring/lab0/project_1/hls_config.cfg -apsfile /nethome/sparakh7/fpga_8893/2026_Spring/lab0/project_1/hls/hls.aps -filepaths relative 
Execute           send_msg_by_id INFO @200-1915@%s /nethome/sparakh7/fpga_8893/2026_Spring/lab0/project_1/hls_config.cfg 
INFO: [HLS 200-1915] Writing HLS config ini file /nethome/sparakh7/fpga_8893/2026_Spring/lab0/project_1/hls_config.cfg
Command       open_solution done; 0.23 sec.
Command     open_component done; 0.24 sec.
Execute     set_top top_kernel 
INFO: [HLS 200-1510] Running: set_top top_kernel 
Execute     add_files top.cpp 
INFO: [HLS 200-1510] Running: add_files top.cpp 
INFO: [HLS 200-10] Adding design file 'top.cpp' to the project
Execute     add_files -tb host.cpp 
INFO: [HLS 200-1510] Running: add_files -tb host.cpp 
INFO: [HLS 200-10] Adding test bench file 'host.cpp' to the project
Execute     set_part xczu3eg-sbva484-1-e 
INFO: [HLS 200-1510] Running: set_part xczu3eg-sbva484-1-e 
Execute       create_platform xczu3eg-sbva484-1-e -board  
DBG:HLSDevice: Trying to load device library: /tools/software/xilinx//2025.1.1/Vitis/lib/lnx64.o/libxv_hlsvwrap.so
DBG:HLSDevice: first parts/arch.xml in RDI_DATADIR: /tools/software/xilinx//2025.1.1/Vivado/data/parts/arch.xml
DBG:HLSDevice: init success
INFO: [HLS 200-1611] Setting target device to 'xczu3eg-sbva484-1-e'
Command       create_platform done; 3.96 sec.
Execute       source /tools/software/xilinx/2025.1.1/Vitis/common/technology/xilinx/common/xilinx.gen 
Execute         source /tools/software/xilinx/2025.1.1/Vitis/common/technology/xilinx/interface/plb46.gen 
Execute         source /tools/software/xilinx/2025.1.1/Vitis/common/technology/xilinx/interface/axi4.gen 
Execute         source /tools/software/xilinx/2025.1.1/Vitis/common/technology/xilinx/interface/nativeAXI4.gen 
Execute           source /tools/software/xilinx/2025.1.1/Vitis/common/technology/xilinx/interface/saxilite.gen 
Execute         source /tools/software/xilinx/2025.1.1/Vitis/common/technology/xilinx/scripts/xilinxcoregen.gen 
Execute         source /tools/software/xilinx/2025.1.1/Vitis/common/technology/xilinx/interface/XilEDKCoreGen.gen 
Execute         source /tools/software/xilinx/2025.1.1/Vitis/common/technology/xilinx/ip/util.gen 
Execute         source /tools/software/xilinx/2025.1.1/Vitis/common/technology/xilinx/ip/xfft.gen 
Execute         source /tools/software/xilinx/2025.1.1/Vitis/common/technology/xilinx/ip/xfir.gen 
Execute         source /tools/software/xilinx/2025.1.1/Vitis/common/technology/xilinx/ip/dds_compiler.gen 
Execute         source /tools/software/xilinx/2025.1.1/Vitis/common/technology/xilinx/DSP48/dsp48.gen 
Command       ap_source done; 0.16 sec.
Execute       ap_part_info -name xczu3eg-sbva484-1-e -data info 
Execute       config_compile -quiet -complex-mul-dsp=0 
Command     set_part done; 4.18 sec.
Execute     csynth_design 
INFO: [HLS 200-1510] Running: csynth_design 
Execute       ::AP::init_summary_file csynth 
Execute         AP::app_get_file_relativeroot [AP::app_get_root] {}
Command       AP::init_summary_file done; 7.54 sec.
Execute       write_ini /nethome/sparakh7/fpga_8893/2026_Spring/lab0/project_1/hls_config.cfg -apsfile /nethome/sparakh7/fpga_8893/2026_Spring/lab0/project_1/hls/hls.aps -filepaths relative 
Execute         send_msg_by_id INFO @200-1915@%s /nethome/sparakh7/fpga_8893/2026_Spring/lab0/project_1/hls_config.cfg 
INFO: [HLS 200-1915] Writing HLS config ini file /nethome/sparakh7/fpga_8893/2026_Spring/lab0/project_1/hls_config.cfg
Execute       ap_part_info -name xczu3eg-sbva484-1-e -data info 
INFO-FLOW: run_clang exec: /tools/software/xilinx/2025.1.1/Vitis/lnx64/tools/clang-3.9-csynth/bin/xilinx-performance-pragma-detector top.cpp -- -fhls -D__VITIS_HLS__ -DAESL_SYN -D__SYNTHESIS__ -D__HLS_SYN__ -I /tools/software/xilinx/2025.1.1/Vitis/common/technology/autopilot -I /tools/software/xilinx/2025.1.1/Vitis/common/technology/autopilot/ap_sysc -include etc/autopilot_ssdm_op.h -D__DSP48E2__ -I /usr/include/x86_64-linux-gnu > /nethome/sparakh7/fpga_8893/2026_Spring/lab0/project_1/hls/.autopilot/db/top.cpp.xilinx-performance-pragma-detector.out.log 2> /nethome/sparakh7/fpga_8893/2026_Spring/lab0/project_1/hls/.autopilot/db/top.cpp.xilinx-performance-pragma-detector.err.log
INFO-FLOW: Running SLX 'csynth' proc: ::SLX::run_csynth
Execute       elaborate -effort=medium -skip_syncheck=0 -keep_printf=0 -skip_cdt=0 -skip_transform=0 -ng=0 -g=0 -from_csynth_design=1 
INFO: [HLS 200-111] Finished File checks and directory preparation: CPU user time: 0.17 seconds. CPU system time: 0.09 seconds. Elapsed time: 7.81 seconds; current allocated memory: 0.000 MB.
Execute         set_directive_top top_kernel -name=top_kernel 
INFO: [HLS 200-10] Analyzing design file 'top.cpp' ... 
INFO-FLOW: Compiling one TU...
INFO-FLOW: Handling top.cpp as C++
Execute         ap_part_info -name xczu3eg-sbva484-1-e -data info 
INFO-FLOW: Running: GCC PP 39
INFO-FLOW: Source preprocessing
INFO-FLOW: run_clang exec: /tools/software/xilinx/2025.1.1/Vitis/lnx64/tools/clang-3.9-csynth/bin/clang top.cpp -foptimization-record-file=/nethome/sparakh7/fpga_8893/2026_Spring/lab0/project_1/hls/.autopilot/db/top.cpp.clang.diag.yml -mllvm -pass-remarks-missed=reflow|pasta|unroll|inline -mllvm -pass-remarks=reflow|pasta|unroll|inline -fno-limit-debug-info --gcc-toolchain=/tools/software/xilinx/2025.1.1/Vitis/tps/lnx64/gcc-8.3.0 -fhls -fno-exceptions -insert-hls-directive=/nethome/sparakh7/fpga_8893/2026_Spring/lab0/project_1/hls/.autopilot/db/all.directive.json -E -fno-math-errno -c -emit-llvm -mllvm -disable-llvm-optzns -Werror=implicit-function-declaration -Werror=implicit-hls-streams -Werror=return-type -Wpragmas -Wunused-parameter -Wdump-hls-pragmas -Wno-error=dump-hls-pragmas -hls-clock-period=10 -fno-threadsafe-statics -fno-use-cxa-atexit -target fpga64-xilinx-linux-gnu -fno-threadsafe-statics -fno-use-cxa-atexit -D__VITIS_HLS__ -DAESL_SYN -D__SYNTHESIS__ -D__HLS_SYN__ -I /tools/software/xilinx/2025.1.1/Vitis/common/technology/autopilot -I /tools/software/xilinx/2025.1.1/Vitis/common/technology/autopilot/ap_sysc -include etc/autopilot_ssdm_op.h -D__DSP48E2__ -I /usr/include/x86_64-linux-gnu -o /nethome/sparakh7/fpga_8893/2026_Spring/lab0/project_1/hls/.autopilot/db/top.pp.0.cpp -hls-platform-db-name=/tools/software/xilinx//2025.1.1/Vitis/common/technology/xilinx/common/platform.db -hls-platform-name=zynquplus_slow -device-resource-info=BRAM_432.000000_DSP_360.000000_FF_141120.000000_LUT_70560.000000_SLICE_8820.000000_URAM_0.000000 -device-name-info=xczu3eg-sbva484-1-e > /nethome/sparakh7/fpga_8893/2026_Spring/lab0/project_1/hls/.autopilot/db/top.cpp.clang.out.log 2> /nethome/sparakh7/fpga_8893/2026_Spring/lab0/project_1/hls/.autopilot/db/top.cpp.clang.err.log
INFO-FLOW: Done: GCC PP 39 time: 0.2 seconds per iteration
INFO-FLOW: Source syntax check for synthesis
INFO-FLOW: run_clang exec: /tools/software/xilinx/2025.1.1/Vitis/lnx64/tools/clang-3.9-csynth/bin/clang -foptimization-record-file=/nethome/sparakh7/fpga_8893/2026_Spring/lab0/project_1/hls/.autopilot/db/clang.diag.yml -mllvm -pass-remarks-missed=reflow|pasta|unroll|inline -mllvm -pass-remarks=reflow|pasta|unroll|inline -fsyntax-only -fhls -target fpga64-xilinx-linux-gnu /nethome/sparakh7/fpga_8893/2026_Spring/lab0/project_1/hls/.autopilot/db/top.pp.0.cpp -hls-platform-db-name=/tools/software/xilinx//2025.1.1/Vitis/common/technology/xilinx/common/platform.db -hls-platform-name=zynquplus_slow -device-resource-info=BRAM_432.000000_DSP_360.000000_FF_141120.000000_LUT_70560.000000_SLICE_8820.000000_URAM_0.000000 -device-name-info=xczu3eg-sbva484-1-e > /nethome/sparakh7/fpga_8893/2026_Spring/lab0/project_1/hls/.autopilot/db/clang.out.log 2> /nethome/sparakh7/fpga_8893/2026_Spring/lab0/project_1/hls/.autopilot/db/clang.err.log
Execute         clang_tidy xilinx-systemc-detector -desc systemc-detector /nethome/sparakh7/fpga_8893/2026_Spring/lab0/project_1/hls/.autopilot/db/top.pp.0.cpp  -target fpga  -directive=/nethome/sparakh7/fpga_8893/2026_Spring/lab0/project_1/hls/.autopilot/db/.systemc_flag 
INFO-FLOW: exec /tools/software/xilinx/2025.1.1/Vitis/lnx64/tools/clang-3.9-csynth/bin/clang-tidy -header-filter=.* --checks=-*,xilinx-systemc-detector -import-directive=/nethome/sparakh7/fpga_8893/2026_Spring/lab0/project_1/hls/.autopilot/db/.systemc_flag -fix-errors /nethome/sparakh7/fpga_8893/2026_Spring/lab0/project_1/hls/.autopilot/db/top.pp.0.cpp -- - -target fpga -fhls -ferror-limit=0
Command         clang_tidy done; 0.23 sec.
INFO-FLOW: Running: clang-tidy CDT preprocess 39
Execute         clang_tidy xilinx-directive2pragma -desc directive2pragma /nethome/sparakh7/fpga_8893/2026_Spring/lab0/project_1/hls/.autopilot/db/top.pp.0.cpp  -target fpga  -directive=/nethome/sparakh7/fpga_8893/2026_Spring/lab0/project_1/hls/.autopilot/db/all.directive.json 
INFO-FLOW: exec /tools/software/xilinx/2025.1.1/Vitis/lnx64/tools/clang-3.9-csynth/bin/clang-tidy -header-filter=.* --checks=-*,xilinx-directive2pragma -import-directive=/nethome/sparakh7/fpga_8893/2026_Spring/lab0/project_1/hls/.autopilot/db/all.directive.json -fix-errors /nethome/sparakh7/fpga_8893/2026_Spring/lab0/project_1/hls/.autopilot/db/top.pp.0.cpp -- - -target fpga -fhls -ferror-limit=0
INFO-FLOW: Done: clang-tidy CDT preprocess 39 time: 0.1 seconds per iteration
INFO-FLOW: Calling xilinx-label-all-loops ... 
INFO-FLOW: Calling xilinx-aggregate-on-hls-vector ... 
Execute         clang_tidy -errorcheck -desc loop-label xilinx-label-all-loops,xilinx-aggregate-on-hls-vector,,xilinx-warn-mayneed-no-ctor-attribute /nethome/sparakh7/fpga_8893/2026_Spring/lab0/project_1/hls/.autopilot/db/top.pp.0.cpp  -target fpga  
INFO-FLOW: run_clang exec: /tools/software/xilinx/2025.1.1/Vitis/lnx64/tools/clang-3.9-csynth/bin/clang-tidy -export-fixes=/nethome/sparakh7/fpga_8893/2026_Spring/lab0/project_1/hls/.autopilot/db/top.pp.0.cpp.clang-tidy.loop-label.diag.yml -header-filter=.* --checks=-*,xilinx-label-all-loops,xilinx-aggregate-on-hls-vector,,xilinx-warn-mayneed-no-ctor-attribute -fix-errors /nethome/sparakh7/fpga_8893/2026_Spring/lab0/project_1/hls/.autopilot/db/top.pp.0.cpp -- - -target fpga -fhls -ferror-limit=0 > /nethome/sparakh7/fpga_8893/2026_Spring/lab0/project_1/hls/.autopilot/db/top.pp.0.cpp.clang-tidy.loop-label.out.log 2> /nethome/sparakh7/fpga_8893/2026_Spring/lab0/project_1/hls/.autopilot/db/top.pp.0.cpp.clang-tidy.loop-label.err.log
Execute           source /tools/software/xilinx/2025.1.1/Vitis/tps/tcl/tcllib2.0/yaml/yaml.tcl 
Command         clang_tidy done; 0.11 sec.
INFO-FLOW: run_clang exec: /tools/software/xilinx/2025.1.1/Vitis/lnx64/tools/clang-3.9-csynth/bin/xilinx-dataflow-lawyer -export-fixes=/nethome/sparakh7/fpga_8893/2026_Spring/lab0/project_1/hls/.autopilot/db/top.pp.0.cpp.xilinx-dataflow-lawyer.diag.yml /nethome/sparakh7/fpga_8893/2026_Spring/lab0/project_1/hls/.autopilot/db/top.pp.0.cpp -- - -target fpga -fhls -ferror-limit=0 -fstrict-dataflow > /nethome/sparakh7/fpga_8893/2026_Spring/lab0/project_1/hls/.autopilot/db/top.pp.0.cpp.xilinx-dataflow-lawyer.out.log 2> /nethome/sparakh7/fpga_8893/2026_Spring/lab0/project_1/hls/.autopilot/db/top.pp.0.cpp.xilinx-dataflow-lawyer.err.log
Execute         ap_part_info -name xczu3eg-sbva484-1-e -data info 
INFO-FLOW: compiling source code to llvm bc
INFO-FLOW: run_clang exec: /tools/software/xilinx/2025.1.1/Vitis/lnx64/tools/clang-3.9-csynth/bin/clang -foptimization-record-file=/nethome/sparakh7/fpga_8893/2026_Spring/lab0/project_1/hls/.autopilot/db/top.pp.0.cpp.clang.diag.yml -mllvm -pass-remarks-missed=reflow|pasta|unroll|inline -mllvm -pass-remarks=reflow|pasta|unroll|inline -fno-limit-debug-info -fhls -flto -fno-exceptions -Wno-error=c++11-narrowing -hls-emit-hint-scope /nethome/sparakh7/fpga_8893/2026_Spring/lab0/project_1/hls/.autopilot/db/top.pp.0.cpp -fno-math-errno -c -emit-llvm -mllvm -disable-llvm-optzns -Werror=implicit-function-declaration -Werror=implicit-hls-streams -Werror=return-type -Wpragmas -Wunused-parameter -Wdump-hls-pragmas -Wno-error=dump-hls-pragmas -hls-clock-period=10 -fno-threadsafe-statics -fno-use-cxa-atexit -target fpga64-xilinx-linux-gnu -D__VITIS_HLS__ -DAESL_SYN -D__SYNTHESIS__ -D__HLS_SYN__ -I /tools/software/xilinx/2025.1.1/Vitis/common/technology/autopilot -I /tools/software/xilinx/2025.1.1/Vitis/common/technology/autopilot/ap_sysc -include etc/autopilot_ssdm_op.h -D__DSP48E2__ -g -o /nethome/sparakh7/fpga_8893/2026_Spring/lab0/project_1/hls/.autopilot/db/top.bc -hls-platform-db-name=/tools/software/xilinx//2025.1.1/Vitis/common/technology/xilinx/common/platform.db -hls-platform-name=zynquplus_slow -device-resource-info=BRAM_432.000000_DSP_360.000000_FF_141120.000000_LUT_70560.000000_SLICE_8820.000000_URAM_0.000000 -device-name-info=xczu3eg-sbva484-1-e > /nethome/sparakh7/fpga_8893/2026_Spring/lab0/project_1/hls/.autopilot/db/top.pp.0.cpp.clang.out.log 2> /nethome/sparakh7/fpga_8893/2026_Spring/lab0/project_1/hls/.autopilot/db/top.pp.0.cpp.clang.err.log
INFO: [HLS 200-111] Finished Source Code Analysis and Preprocessing: CPU user time: 0.46 seconds. CPU system time: 0.63 seconds. Elapsed time: 1.33 seconds; current allocated memory: 0.000 MB.
INFO-FLOW: Linking Debug ...
INFO-FLOW: Linking dut bc code.
Execute         run_link_or_opt -out /nethome/sparakh7/fpga_8893/2026_Spring/lab0/project_1/hls/.autopilot/db/a.g.ld.0.bc -args  "/nethome/sparakh7/fpga_8893/2026_Spring/lab0/project_1/hls/.autopilot/db/top.g.bc"  
INFO-FLOW: run_clang exec: /tools/software/xilinx/2025.1.1/Vitis/lnx64/tools/clang-3.9-csynth/bin/llvm-link /nethome/sparakh7/fpga_8893/2026_Spring/lab0/project_1/hls/.autopilot/db/top.g.bc -o /nethome/sparakh7/fpga_8893/2026_Spring/lab0/project_1/hls/.autopilot/db/a.g.ld.0.bc > /nethome/sparakh7/fpga_8893/2026_Spring/lab0/project_1/hls/.autopilot/db/a.g.ld.0.bc.llvm-link.out.log 2> /nethome/sparakh7/fpga_8893/2026_Spring/lab0/project_1/hls/.autopilot/db/a.g.ld.0.bc.llvm-link.err.log
Execute         run_link_or_opt -opt -out /nethome/sparakh7/fpga_8893/2026_Spring/lab0/project_1/hls/.autopilot/db/a.g.ld.1.lower.bc -args /nethome/sparakh7/fpga_8893/2026_Spring/lab0/project_1/hls/.autopilot/db/a.g.ld.0.bc -reflow-lower-math-intrinsics 
INFO-FLOW: run_clang exec: /tools/software/xilinx/2025.1.1/Vitis/lnx64/tools/clang-3.9-csynth/bin/opt -pass-remarks-missed=reflow|pasta|unroll|inline -pass-remarks=reflow|pasta|unroll|inline -pass-remarks-output=/nethome/sparakh7/fpga_8893/2026_Spring/lab0/project_1/hls/.autopilot/db/a.g.ld.1.lower.bc.opt.diag.yml /nethome/sparakh7/fpga_8893/2026_Spring/lab0/project_1/hls/.autopilot/db/a.g.ld.0.bc -reflow-lower-math-intrinsics -o /nethome/sparakh7/fpga_8893/2026_Spring/lab0/project_1/hls/.autopilot/db/a.g.ld.1.lower.bc > /nethome/sparakh7/fpga_8893/2026_Spring/lab0/project_1/hls/.autopilot/db/a.g.ld.1.lower.bc.opt.out.log 2> /nethome/sparakh7/fpga_8893/2026_Spring/lab0/project_1/hls/.autopilot/db/a.g.ld.1.lower.bc.opt.err.log
INFO-FLOW: Running: gen_design_size_report post-opt
INFO-FLOW: Done: gen_design_size_report post-opt time: 0 seconds per iteration
Command         run_link_or_opt done; 0.35 sec.
INFO-FLOW: Linking math bc lib
Execute         run_link_or_opt -out /nethome/sparakh7/fpga_8893/2026_Spring/lab0/project_1/hls/.autopilot/db/a.g.ld.2.m1.bc -args /nethome/sparakh7/fpga_8893/2026_Spring/lab0/project_1/hls/.autopilot/db/a.g.ld.1.lower.bc -only-needed /tools/software/xilinx/2025.1.1/Vitis/lnx64/lib/libhlsm_39.bc /tools/software/xilinx/2025.1.1/Vitis/lnx64/lib/libhlsmc++_39.bc 
INFO-FLOW: run_clang exec: /tools/software/xilinx/2025.1.1/Vitis/lnx64/tools/clang-3.9-csynth/bin/llvm-link /nethome/sparakh7/fpga_8893/2026_Spring/lab0/project_1/hls/.autopilot/db/a.g.ld.1.lower.bc -only-needed /tools/software/xilinx/2025.1.1/Vitis/lnx64/lib/libhlsm_39.bc /tools/software/xilinx/2025.1.1/Vitis/lnx64/lib/libhlsmc++_39.bc -o /nethome/sparakh7/fpga_8893/2026_Spring/lab0/project_1/hls/.autopilot/db/a.g.ld.2.m1.bc > /nethome/sparakh7/fpga_8893/2026_Spring/lab0/project_1/hls/.autopilot/db/a.g.ld.2.m1.bc.llvm-link.out.log 2> /nethome/sparakh7/fpga_8893/2026_Spring/lab0/project_1/hls/.autopilot/db/a.g.ld.2.m1.bc.llvm-link.err.log
Command         run_link_or_opt done; 2.57 sec.
Execute         run_link_or_opt -opt -out /nethome/sparakh7/fpga_8893/2026_Spring/lab0/project_1/hls/.autopilot/db/a.g.ld.3.fpc.bc -args /nethome/sparakh7/fpga_8893/2026_Spring/lab0/project_1/hls/.autopilot/db/a.g.ld.2.m1.bc -reflow-globaldce -hls-top-function-name=top_kernel -reflow-float-conversion 
INFO-FLOW: run_clang exec: /tools/software/xilinx/2025.1.1/Vitis/lnx64/tools/clang-3.9-csynth/bin/opt -pass-remarks-missed=reflow|pasta|unroll|inline -pass-remarks=reflow|pasta|unroll|inline -pass-remarks-output=/nethome/sparakh7/fpga_8893/2026_Spring/lab0/project_1/hls/.autopilot/db/a.g.ld.3.fpc.bc.opt.diag.yml /nethome/sparakh7/fpga_8893/2026_Spring/lab0/project_1/hls/.autopilot/db/a.g.ld.2.m1.bc -reflow-globaldce -hls-top-function-name=top_kernel -reflow-float-conversion -o /nethome/sparakh7/fpga_8893/2026_Spring/lab0/project_1/hls/.autopilot/db/a.g.ld.3.fpc.bc > /nethome/sparakh7/fpga_8893/2026_Spring/lab0/project_1/hls/.autopilot/db/a.g.ld.3.fpc.bc.opt.out.log 2> /nethome/sparakh7/fpga_8893/2026_Spring/lab0/project_1/hls/.autopilot/db/a.g.ld.3.fpc.bc.opt.err.log
INFO-FLOW: Running: gen_design_size_report post-opt
INFO-FLOW: Done: gen_design_size_report post-opt time: 0 seconds per iteration
Command         run_link_or_opt done; 2.6 sec.
Execute         run_link_or_opt -out /nethome/sparakh7/fpga_8893/2026_Spring/lab0/project_1/hls/.autopilot/db/a.g.ld.4.m2.bc -args /nethome/sparakh7/fpga_8893/2026_Spring/lab0/project_1/hls/.autopilot/db/a.g.ld.3.fpc.bc -only-needed /tools/software/xilinx/2025.1.1/Vitis/lnx64/lib/libfloatconversion_39.bc 
INFO-FLOW: run_clang exec: /tools/software/xilinx/2025.1.1/Vitis/lnx64/tools/clang-3.9-csynth/bin/llvm-link /nethome/sparakh7/fpga_8893/2026_Spring/lab0/project_1/hls/.autopilot/db/a.g.ld.3.fpc.bc -only-needed /tools/software/xilinx/2025.1.1/Vitis/lnx64/lib/libfloatconversion_39.bc -o /nethome/sparakh7/fpga_8893/2026_Spring/lab0/project_1/hls/.autopilot/db/a.g.ld.4.m2.bc > /nethome/sparakh7/fpga_8893/2026_Spring/lab0/project_1/hls/.autopilot/db/a.g.ld.4.m2.bc.llvm-link.out.log 2> /nethome/sparakh7/fpga_8893/2026_Spring/lab0/project_1/hls/.autopilot/db/a.g.ld.4.m2.bc.llvm-link.err.log
Execute         run_link_or_opt -opt -out /nethome/sparakh7/fpga_8893/2026_Spring/lab0/project_1/hls/.autopilot/db/a.g.ld.5.gdce.bc -args /nethome/sparakh7/fpga_8893/2026_Spring/lab0/project_1/hls/.autopilot/db/a.g.ld.4.m2.bc -reflow-globaldce -hls-top-function-name=top_kernel 
INFO-FLOW: run_clang exec: /tools/software/xilinx/2025.1.1/Vitis/lnx64/tools/clang-3.9-csynth/bin/opt -pass-remarks-missed=reflow|pasta|unroll|inline -pass-remarks=reflow|pasta|unroll|inline -pass-remarks-output=/nethome/sparakh7/fpga_8893/2026_Spring/lab0/project_1/hls/.autopilot/db/a.g.ld.5.gdce.bc.opt.diag.yml /nethome/sparakh7/fpga_8893/2026_Spring/lab0/project_1/hls/.autopilot/db/a.g.ld.4.m2.bc -reflow-globaldce -hls-top-function-name=top_kernel -o /nethome/sparakh7/fpga_8893/2026_Spring/lab0/project_1/hls/.autopilot/db/a.g.ld.5.gdce.bc > /nethome/sparakh7/fpga_8893/2026_Spring/lab0/project_1/hls/.autopilot/db/a.g.ld.5.gdce.bc.opt.out.log 2> /nethome/sparakh7/fpga_8893/2026_Spring/lab0/project_1/hls/.autopilot/db/a.g.ld.5.gdce.bc.opt.err.log
INFO-FLOW: Running: gen_design_size_report post-opt
INFO-FLOW: Done: gen_design_size_report post-opt time: 0 seconds per iteration
Execute         send_msg_by_id INFO @200-777@%s Vivado 
INFO: [HLS 200-777] Using interface defaults for 'Vivado' flow target.
Execute         is_m_axi_addr64 
INFO-FLOW: Doing LTO.
INFO-FLOW: run_clang (background poll_ms 5000) exec: /tools/software/xilinx/2025.1.1/Vitis/lnx64/tools/clang-3.9-csynth/bin/clang -foptimization-record-file=/nethome/sparakh7/fpga_8893/2026_Spring/lab0/project_1/hls/.autopilot/db/a.g.ld.0.bc.clang.reflow.diag.yml -mllvm -pass-remarks-missed=reflow|pasta|unroll|inline -mllvm -pass-remarks=reflow|pasta|unroll|inline -fhls -mllvm -hls-top-function-name=top_kernel -mllvm -hls-db-dir -mllvm /nethome/sparakh7/fpga_8893/2026_Spring/lab0/project_1/hls/.autopilot/db -emit-llvm -c -target fpga64-xilinx-none -mllvm -xcl-xmlinfo=/nethome/sparakh7/fpga_8893/2026_Spring/lab0/project_1/hls/.autopilot/db/kernel.internal.xml -mllvm -top-io-mapping-info=/nethome/sparakh7/fpga_8893/2026_Spring/lab0/project_1/hls/.autopilot/db/top-io-fe.xml -mllvm -hls-bitcode-version=3.1 -mllvm -reflow-enable-slave-interface-default-setting=true -mllvm -gen-kernel-xml=false -mllvm -default-maxi-offset=slave -mllvm -reflow-unroll-size-threshold=10000 -mllvm -reflow-unroll-cost-threshold=1000000 -mllvm -maxi-latency=0 -mllvm -hls-maxi-data-size-in-bits=8 -mllvm -hls-maxi-max-data-size-in-bits=1024 -mllvm -hls-max-widen-size-in-bits=0 -mllvm -xcl-kernel-max-mem-ports=0 -mllvm -maxi-read-trans=16 -mllvm -maxi-write-trans=16 -mllvm -maxi-read-burst-len=16 -mllvm -maxi-write-burst-len=16 -mllvm -reflow-enable-saxi-64bits=0 -mllvm -reflow-basic-block-instr-threshold=200000 -mllvm -reflow-auto-pipeline-threshold=64 -mllvm -reflow-enable-maxi-auto-id-channel=0 -mllvm -reflow-bdd-simplify-threshold=1048576 -mllvm -reflow-fanout-threshold=16 -mllvm -reflow-force-aggressive-unroll=0 -mllvm -reflow-aggressive-unroll-adjust-factor=1.000000 -mllvm -reflow-complete-threshold=4 -mllvm -reflow-array-promotion-threshold=64 -mllvm -reflow-enable-critical-path-for-performance=1 -mllvm -assume-maxi-align=1 -mllvm -reflow-enable-dataflow-strict-mode-checking=1 -ftime-report -mllvm -time-passes -mllvm -reflow-auto-array-partition-mode=default -mllvm -reflow-enable-auto-small-array-partition=true -mllvm -reflow-enable-auto-array-promotion=true -mllvm -reflow-enable-auto-array-partition-for-flatten=true -mllvm -reflow-enable-auto-parallel-performance-driven=true -mllvm -reflow-enable-partition-for-automation=true -mllvm -reflow-aggregate-bitwidth-threshold=4096 -mllvm -reflow-reserved-saxilite-registers=0 -mllvm -enable-reflow-auto-loop-pipeline -mllvm -reflow-max-unroll-threshold=409600 -mllvm -auto-unroll-tripcount-threshold=0 -mllvm -reflow-assume-no-address-wrap=true -mllvm -reflow-enable-occurrence-inference=true -mllvm -reflow-emit-hint-scope=true -mllvm -reflow-enable-codegen-with-if=true -mllvm -reflow-enable-dataflow-canon=true -mllvm -reflow-enable-dataflow-canon2=true -mllvm -reflow-dump-extra-complexity-metric=true -mllvm -hls -mllvm -disable-inlined-alloca-merging=true -mllvm -default-clock-period=10 -mllvm -use_read_first_ram_in_loop=1 -mllvm -default-clock-uncertainty=2.7 -x ir /nethome/sparakh7/fpga_8893/2026_Spring/lab0/project_1/hls/.autopilot/db/a.g.ld.5.gdce.bc -o /nethome/sparakh7/fpga_8893/2026_Spring/lab0/project_1/hls/.autopilot/db/a.g.lto.bc -hls-platform-db-name=/tools/software/xilinx//2025.1.1/Vitis/common/technology/xilinx/common/platform.db -hls-platform-name=zynquplus_slow -device-resource-info=BRAM_432.000000_DSP_360.000000_FF_141120.000000_LUT_70560.000000_SLICE_8820.000000_URAM_0.000000 -device-name-info=xczu3eg-sbva484-1-e 2> /nethome/sparakh7/fpga_8893/2026_Spring/lab0/project_1/hls/.autopilot/db/a.g.ld.0.bc.clang.reflow.err.log bg_poll_cmd: ::AP::poll_clang_39_closed_source
Execute         send_msg_by_id INFO @200-1995@%s%s%s 24 Compile/Link (/nethome/sparakh7/fpga_8893/2026_Spring/lab0/project_1/hls/syn/report/csynth_design_size.rpt:2) 
INFO: [HLS 200-1995] There were 24 instructions in the design after the 'Compile/Link' phase of compilation. See the Design Size Report for more details (/nethome/sparakh7/fpga_8893/2026_Spring/lab0/project_1/hls/syn/report/csynth_design_size.rpt:2)
Execute         send_msg_by_id INFO @200-1995@%s%s%s 22 Unroll/Inline (step 1) (/nethome/sparakh7/fpga_8893/2026_Spring/lab0/project_1/hls/syn/report/csynth_design_size.rpt:2) 
INFO: [HLS 200-1995] There were 22 instructions in the design after the 'Unroll/Inline (step 1)' phase of compilation. See the Design Size Report for more details (/nethome/sparakh7/fpga_8893/2026_Spring/lab0/project_1/hls/syn/report/csynth_design_size.rpt:2)
Execute         send_msg_by_id INFO @200-1995@%s%s%s 18 Unroll/Inline (step 2) (/nethome/sparakh7/fpga_8893/2026_Spring/lab0/project_1/hls/syn/report/csynth_design_size.rpt:2) 
INFO: [HLS 200-1995] There were 18 instructions in the design after the 'Unroll/Inline (step 2)' phase of compilation. See the Design Size Report for more details (/nethome/sparakh7/fpga_8893/2026_Spring/lab0/project_1/hls/syn/report/csynth_design_size.rpt:2)
Execute         send_msg_by_id INFO @200-1995@%s%s%s 20 Unroll/Inline (step 3) (/nethome/sparakh7/fpga_8893/2026_Spring/lab0/project_1/hls/syn/report/csynth_design_size.rpt:2) 
INFO: [HLS 200-1995] There were 20 instructions in the design after the 'Unroll/Inline (step 3)' phase of compilation. See the Design Size Report for more details (/nethome/sparakh7/fpga_8893/2026_Spring/lab0/project_1/hls/syn/report/csynth_design_size.rpt:2)
Execute         send_msg_by_id INFO @200-1995@%s%s%s 20 Unroll/Inline (step 4) (/nethome/sparakh7/fpga_8893/2026_Spring/lab0/project_1/hls/syn/report/csynth_design_size.rpt:2) 
INFO: [HLS 200-1995] There were 20 instructions in the design after the 'Unroll/Inline (step 4)' phase of compilation. See the Design Size Report for more details (/nethome/sparakh7/fpga_8893/2026_Spring/lab0/project_1/hls/syn/report/csynth_design_size.rpt:2)
Execute         send_msg_by_id INFO @200-1995@%s%s%s 23 Array/Struct (step 1) (/nethome/sparakh7/fpga_8893/2026_Spring/lab0/project_1/hls/syn/report/csynth_design_size.rpt:2) 
INFO: [HLS 200-1995] There were 23 instructions in the design after the 'Array/Struct (step 1)' phase of compilation. See the Design Size Report for more details (/nethome/sparakh7/fpga_8893/2026_Spring/lab0/project_1/hls/syn/report/csynth_design_size.rpt:2)
Execute         send_msg_by_id INFO @200-1995@%s%s%s 23 Array/Struct (step 2) (/nethome/sparakh7/fpga_8893/2026_Spring/lab0/project_1/hls/syn/report/csynth_design_size.rpt:2) 
INFO: [HLS 200-1995] There were 23 instructions in the design after the 'Array/Struct (step 2)' phase of compilation. See the Design Size Report for more details (/nethome/sparakh7/fpga_8893/2026_Spring/lab0/project_1/hls/syn/report/csynth_design_size.rpt:2)
Execute         send_msg_by_id INFO @200-1995@%s%s%s 23 Array/Struct (step 3) (/nethome/sparakh7/fpga_8893/2026_Spring/lab0/project_1/hls/syn/report/csynth_design_size.rpt:2) 
INFO: [HLS 200-1995] There were 23 instructions in the design after the 'Array/Struct (step 3)' phase of compilation. See the Design Size Report for more details (/nethome/sparakh7/fpga_8893/2026_Spring/lab0/project_1/hls/syn/report/csynth_design_size.rpt:2)
Execute         send_msg_by_id INFO @200-1995@%s%s%s 23 Array/Struct (step 4) (/nethome/sparakh7/fpga_8893/2026_Spring/lab0/project_1/hls/syn/report/csynth_design_size.rpt:2) 
INFO: [HLS 200-1995] There were 23 instructions in the design after the 'Array/Struct (step 4)' phase of compilation. See the Design Size Report for more details (/nethome/sparakh7/fpga_8893/2026_Spring/lab0/project_1/hls/syn/report/csynth_design_size.rpt:2)
Execute         send_msg_by_id INFO @200-1995@%s%s%s 29 Array/Struct (step 5) (/nethome/sparakh7/fpga_8893/2026_Spring/lab0/project_1/hls/syn/report/csynth_design_size.rpt:2) 
INFO: [HLS 200-1995] There were 29 instructions in the design after the 'Array/Struct (step 5)' phase of compilation. See the Design Size Report for more details (/nethome/sparakh7/fpga_8893/2026_Spring/lab0/project_1/hls/syn/report/csynth_design_size.rpt:2)
Execute         send_msg_by_id INFO @200-1995@%s%s%s 26 Performance (step 1) (/nethome/sparakh7/fpga_8893/2026_Spring/lab0/project_1/hls/syn/report/csynth_design_size.rpt:2) 
INFO: [HLS 200-1995] There were 26 instructions in the design after the 'Performance (step 1)' phase of compilation. See the Design Size Report for more details (/nethome/sparakh7/fpga_8893/2026_Spring/lab0/project_1/hls/syn/report/csynth_design_size.rpt:2)
Execute         send_msg_by_id INFO @200-1995@%s%s%s 26 Performance (step 2) (/nethome/sparakh7/fpga_8893/2026_Spring/lab0/project_1/hls/syn/report/csynth_design_size.rpt:2) 
INFO: [HLS 200-1995] There were 26 instructions in the design after the 'Performance (step 2)' phase of compilation. See the Design Size Report for more details (/nethome/sparakh7/fpga_8893/2026_Spring/lab0/project_1/hls/syn/report/csynth_design_size.rpt:2)
Execute         send_msg_by_id INFO @200-1995@%s%s%s 26 Performance (step 3) (/nethome/sparakh7/fpga_8893/2026_Spring/lab0/project_1/hls/syn/report/csynth_design_size.rpt:2) 
INFO: [HLS 200-1995] There were 26 instructions in the design after the 'Performance (step 3)' phase of compilation. See the Design Size Report for more details (/nethome/sparakh7/fpga_8893/2026_Spring/lab0/project_1/hls/syn/report/csynth_design_size.rpt:2)
Execute         send_msg_by_id INFO @200-1995@%s%s%s 26 Performance (step 4) (/nethome/sparakh7/fpga_8893/2026_Spring/lab0/project_1/hls/syn/report/csynth_design_size.rpt:2) 
INFO: [HLS 200-1995] There were 26 instructions in the design after the 'Performance (step 4)' phase of compilation. See the Design Size Report for more details (/nethome/sparakh7/fpga_8893/2026_Spring/lab0/project_1/hls/syn/report/csynth_design_size.rpt:2)
Execute         send_msg_by_id INFO @200-1995@%s%s%s 35 HW Transforms (step 1) (/nethome/sparakh7/fpga_8893/2026_Spring/lab0/project_1/hls/syn/report/csynth_design_size.rpt:2) 
INFO: [HLS 200-1995] There were 35 instructions in the design after the 'HW Transforms (step 1)' phase of compilation. See the Design Size Report for more details (/nethome/sparakh7/fpga_8893/2026_Spring/lab0/project_1/hls/syn/report/csynth_design_size.rpt:2)
Execute         send_msg_by_id INFO @200-1995@%s%s%s 38 HW Transforms (step 2) (/nethome/sparakh7/fpga_8893/2026_Spring/lab0/project_1/hls/syn/report/csynth_design_size.rpt:2) 
INFO: [HLS 200-1995] There were 38 instructions in the design after the 'HW Transforms (step 2)' phase of compilation. See the Design Size Report for more details (/nethome/sparakh7/fpga_8893/2026_Spring/lab0/project_1/hls/syn/report/csynth_design_size.rpt:2)
INFO: [HLS 214-376] automatically set the pipeline for Loop< VITIS_LOOP_11_1> at top.cpp:11:19 
INFO: [HLS 214-115] Multiple burst reads of length 100 and bit width 32 in loop 'VITIS_LOOP_11_1'(top.cpp:11:19) has been inferred on bundle 'a'. These burst requests might be further partitioned into multiple requests during RTL generation, based on max_read_burst_length or max_write_burst_length settings. (top.cpp:11:19)
INFO: [HLS 214-115] Multiple burst reads of length 100 and bit width 32 in loop 'VITIS_LOOP_11_1'(top.cpp:11:19) has been inferred on bundle 'b'. These burst requests might be further partitioned into multiple requests during RTL generation, based on max_read_burst_length or max_write_burst_length settings. (top.cpp:11:19)
INFO: [HLS 214-115] Multiple burst writes of length 100 and bit width 32 in loop 'VITIS_LOOP_11_1'(top.cpp:11:19) has been inferred on bundle 'sum'. These burst requests might be further partitioned into multiple requests during RTL generation, based on max_read_burst_length or max_write_burst_length settings. (top.cpp:11:19)
INFO-FLOW: DBG:PUTS: copy_raw_kernel_xml ap_link_39: kernel.xml not generated: /nethome/sparakh7/fpga_8893/2026_Spring/lab0/project_1/hls/.autopilot/db/kernel.internal.xml
INFO: [HLS 200-111] Finished Compiling Optimization and Transform: CPU user time: 3.39 seconds. CPU system time: 0.87 seconds. Elapsed time: 11.24 seconds; current allocated memory: 0.000 MB.
INFO: [HLS 200-111] Finished Checking Pragmas: CPU user time: 0 seconds. CPU system time: 0 seconds. Elapsed time: 0 seconds; current allocated memory: 0.000 MB.
Execute         opt_and_import_c a -opt_level=2 -skip_syncheck=0 -ng=0 -keep_printf=0 
Execute           cleanup_all_models 
INFO: [HLS 200-10] Starting code transformations ...
INFO-FLOW: Running Standard Transforms...
Execute           transform -hls -share-std-xform -demangle-name -inline-byval-memcpy -always-inline -promote-dbg-pointer -interface-preproc -mem2reg -scalarrepl -mem2reg -keep-read-access -instcombine -dce -promote-dbg-pointer -bitop-raise -loop-simplify -indvarspre -indvars -loop-simplify -constprop -instcombine -simplifycfg -indvars -simplifycfg -dce -globaldce -basicaa -simplifycfg -mem2reg -globalopt -global-constprop -deadargelim -instcombine -simplifycfg -scalarrepl -instcombine -reassociate -licm -simplifycfg -loop-simplify -indvars -instcombine -simplifycfg -mem2reg -loop-simplify -indvars -instcombine -gvn -gvn -instcombine -adce -break-crit-edges -simplifycfg -loop-delete -global-array-opt -dce -dse -adce -find-syn-modules -top top_kernel -deadargelim -mem2reg -instcombine -dce -presyn-prepare -interface-preproc -syn-check -check-rec-only -find-region -simplifycfg -func-extr -function-inline -globaldce -mem2reg -instcombine -dce -gvn -globaldce -adce -adse -constprop -instcombine -bit-constprop -instcombine -dce -simplifycfg -bitop-raise -simplifycfg -dce -loop-delete -reassociate -globalopt -global-privatize -mem2reg -dce -global-constprop -pointer-simplify -constprop -dce -promote-dbg-pointer -norm-name /nethome/sparakh7/fpga_8893/2026_Spring/lab0/project_1/hls/.autopilot/db/a.g.0.bc -o /nethome/sparakh7/fpga_8893/2026_Spring/lab0/project_1/hls/.autopilot/db/a.g.1.bc -f -phase std-opt 
INFO: [HLS 200-111] Finished Standard Transforms: CPU user time: 0.01 seconds. CPU system time: 0 seconds. Elapsed time: 0.04 seconds; current allocated memory: 0.000 MB.
INFO: [HLS 200-10] Checking synthesizability ...
INFO-FLOW: Checking Synthesizability 1/2..
Execute           transform -hls -syn-check -check-rec-only -scalarrepl -norm-name -dce -mem2reg -instcombine -directive-preproc -mem2reg -dse -dce -dce -pag -array-normalize -instcombine -dce -array-seg-normalize -instcombine -dce -data-pack -instcombine -dce -inst-simplify -array-flatten -instcombine -dce -array-burst -dce -deadargelim -promote-global-argument -simplifycfg -mem2reg -globaldce -dce -deadargelim -dce -instcombine -function-inline -globaldce -dce -doublePtrSimplify -doublePtrElim -dce -doublePtrSimplify -promote-dbg-pointer -dce -scalarrepl -dse -adse -instcombine -ptrLegalization -simplifycfg -dce -instcombine -pointer-simplify -ptrArgReplace -dce -instcombine -resolve-double-ptr -scalarrepl -norm-name -dce -mem2reg -instcombine -ptrLegalization -simplifycfg -deadargelim -instcombine -dce -inst-simplify -directive-preproc -mem2reg -dse -dce -globaldce /nethome/sparakh7/fpga_8893/2026_Spring/lab0/project_1/hls/.autopilot/db/a.g.1.bc -o /nethome/sparakh7/fpga_8893/2026_Spring/lab0/project_1/hls/.autopilot/db/a.g.2.prechk.bc -f 
INFO-FLOW: Checking Synthesizability 2/2..
Execute           transform -syn-check /nethome/sparakh7/fpga_8893/2026_Spring/lab0/project_1/hls/.autopilot/db/a.g.2.prechk.bc -o /nethome/sparakh7/fpga_8893/2026_Spring/lab0/project_1/hls/.autopilot/db/a.g.2.bc -f -phase syn-check 
INFO: [HLS 200-111] Finished Checking Synthesizability: CPU user time: 0.01 seconds. CPU system time: 0 seconds. Elapsed time: 0.09 seconds; current allocated memory: 0.000 MB.
INFO-FLOW: Compiler optimizing ...
INFO-FLOW: Share syncheck's 1.bc for syn flow: copy /nethome/sparakh7/fpga_8893/2026_Spring/lab0/project_1/hls/.autopilot/db/a.g.1.bc to /nethome/sparakh7/fpga_8893/2026_Spring/lab0/project_1/hls/.autopilot/db/a.o.1.bc
INFO-FLOW: Presyn 1...
Execute           transform -hls -tmp /nethome/sparakh7/fpga_8893/2026_Spring/lab0/project_1/hls/.autopilot/db -interface-port-rename -directive-preproc -mem2reg -dse -dce -scalarrepl -norm-name -deadargelim -dce -hls-dead-arg-elim -deadargelim -mem2reg -instcombine -dce -simplifycfg -dce -resource-proc -clib-intrinsic-prepare -dce -func-buffer -dce -pag -array-normalize -func-legal -instcombine -gvn -constprop -dce -simplifycfg -mem2reg -globaldce -resolve-double-ptr -dce -deadargelim -dce -instcombine -ptrArgReplace -mem2reg -dce -array-seg-normalize -deadargelim -instcombine -dce -directive-preproc -mem2reg -dse -dce -pointer-simplify -dce -port-alignment -dce -interface-preproc -data-pack -instcombine -dce -basicaa -aggr-aa -aggrmodref-aa -aggr-aa -gvn -gvn -basicaa -aggr-aa -aggrmodref-aa -aggr-aa -dse -adse -adce -loop-simplify -indvars -instcombine -gvn -loop-simplify -mem2reg -dce -find-region -instcombine -inst-simplify -interface-preproc -cfgopt -instcombine -indvars -loop-simplify -loop-bound -constprop -instcombine -simplifycfg -indvars -simplifycfg -dce -globaldce -clean-region -attach-range -gvn -inst-simplify -constprop -simplifycfg -dce -pointer-simplify -dce -globalopt -constprop -dce -ptrArgReplace -mem2reg -simplifycfg -dce -instcombine -dce -array-transform-check -array-reshape -instcombine -simplifycfg -dce -ptrArgReplace -deadargelim -mem2reg -instcombine -simplifycfg -dce -indvars -loop-simplify -loop-bound -constprop -instcombine -simplifycfg -indvars -simplifycfg -dce -globaldce -basicaa -aggr-aa -aggrmodref-aa -aggr-aa -dse -duplicate-dataflow-processes -globaldce -instcombine -array-partition -prepare-dynamic-array-partition -instcombine -simplifycfg -dce -ptrArgReplace -global-constprop -deadargelim -mem2reg -func-legal -dce -global-constprop -deadargelim -mem2reg -simplifycfg -dce -merge-param -deadargelim -globalopt -constprop -dce -ptrArgReplace -mem2reg -simplifycfg -dce -mem-intrinsic-preproc -dce -global-internalize -global-privatize -mem2reg -globaldce -lcssa -loop-simplify -phi-select-elim -promote-global-argument -ptrArgReplace -mem2reg -dce -globalopt -mergereturn -simplify-global-access -mem2reg -dce -pointer-simplify -dce -basicaa -aggr-aa -aggrmodref-aa -aggr-aa -functionattrs -basicaa -aggr-aa -aggrmodref-aa -aggr-aa -gvn -gvn -basicaa -aggr-aa -aggrmodref-aa -aggr-aa -dse -adse -adce -dce -norm-name -basicaa -aggr-aa -aggrmodref-aa -aggr-aa -accesses-merge -function-inline -complex-op-raise -inst-simplify -globaldce -func-legal -dce -loop-bound -arraycheck -bitwidthmin2 -bitwidthmin2 -on-by-dataflow -loop-delete -instcombine -simplifycfg -globaldce -dce -gvn -deadargelim -dce -loop-simplify -clean-region -simplifycfg -propagate-stable-arguments -instcombine -simplifycfg -dce -globaldce -duplicate-dataflow-processes -stream-intrinsic-preproc -dce -check-ap-stream -loop-simplify -eliminate-keepreads -extract-dataflow-in-loop -loop-simplify -dce -gvn -deadargelim -dse -duplicate-dataflow-processes -check-dataflow-syntax -legalize-stream-variable -globaldce -extract-subproc -global-constprop -deadargelim -globaldce -legalize-global -dce -dead-channel-elimination -canonicalize-gep -globaldce -dce -gvn -hls-dead-arg-elim -deadargelim -canonicalize-dataflow -directive-preproc -dce -globaldce -scalar-preprocessing -scalar-propagation2 -scalar-stream -deadargelim -globaldce -mem2reg -check-dataflow-channels -function-stream -dce -globaldce -prop-fifo-spec -internal-stream-gen -canonicalize-gep -globaldce -dce -gvn -deadargelim -mergereturn -indvars -loop-simplify -instcombine -array-stream -array-seg-normalize -array-partition -clean-array-spec -func-legal -instcombine -simplifycfg -dce -bundle-memfifo-ops -deadargelim -directive-preproc -mem2reg -dse -dce -group-axi-access -licm -simplifycfg -dce -loop-delete -hls-display -norm-name /nethome/sparakh7/fpga_8893/2026_Spring/lab0/project_1/hls/.autopilot/db/a.o.1.bc -o /nethome/sparakh7/fpga_8893/2026_Spring/lab0/project_1/hls/.autopilot/db/a.o.1.tmp.bc -f 
INFO-FLOW: Presyn 2...
Execute           transform -hls -keep-callgraph -scalarrepl -mem2reg -port-alignment -attach-range -dce -pipe-mux-gen -indvars -loop-bound -inst-simplify -instcombine -dce -merge-array-access -mem2reg -dce -clean-region -mergereturn -if-conv -instcombine -dce -constprop -basicaa -aggr-aa -aggrmodref-aa -aggr-aa -gvn -gvn -basicaa -aggr-aa -aggrmodref-aa -aggr-aa -dse -adse -adce -scalarrepl -mem2reg -global-constprop -deadargelim -deadargelim -instcombine -dce -simplifycfg -ptrArgReplace -mem2reg -function-inline -globaldce -mem2reg -instcombine -dce -expr-balance -instcombine -dce -bitwidthmin2 -bitwidthmin2 -interface-preproc -directive-preproc -inst-rectify -instcombine -dce -basicaa -aggr-aa -aggrmodref-aa -aggr-aa -functionattrs -constprop -instcombine -bit-constprop -simplify-global-access -globalopt -globaldce -inst-simplify -instcombine -elimdeaddata -dce -loop-delete -simplifycfg -loop-simplify -barrier -norm-name /nethome/sparakh7/fpga_8893/2026_Spring/lab0/project_1/hls/.autopilot/db/a.o.1.tmp.bc -o /nethome/sparakh7/fpga_8893/2026_Spring/lab0/project_1/hls/.autopilot/db/a.o.2.bc -f -phase presyn 
INFO: [HLS 200-111] Finished Loop, function and other optimizations: CPU user time: 0.04 seconds. CPU system time: 0.02 seconds. Elapsed time: 0.06 seconds; current allocated memory: 0.000 MB.
Execute           transform -hls -auto-function-inline -globaldce -ptrArgReplace -mem2reg -dce -reset-lda -loop-simplify -indvars -aggr-aa -licm -loop-dep -loop-bound -licm -loop-simplify -loop-sink-hoist -flattenloopnest -array-flatten -gvn -instcombine -dce -array-map -dce -func-legal -gvn -adce -instcombine -cfgopt -simplifycfg-lite -loop-simplify -array-burst -promote-global-argument -dce -array-seg-normalize -basicaa -aggrmodref-aa -globalsmodref-aa -aggr-aa -gvn -gvn -basicaa -aggrmodref-aa -globalsmodref-aa -aggr-aa -dse -adse -adce -licm -inst-simplify -dce -globaldce -instcombine -array-stream -eliminate-keepreads -instcombine -dce -deadargelim -doublePtrSimplify -doublePtrElim -dce -doublePtrSimplify -promote-dbg-pointer -dce -scalarrepl -mem2reg -norm-name -mem2reg -instcombine -dse -adse -adce -ptrLegalization -dce -array-flatten -dce -instcombine -check-doubleptr -loop-rot -constprop -inst-simplify -cfgopt -simplifycfg-lite -loop-simplify -indvars -pointer-simplify -dce -loop-bound -loop-simplify -loop-preproc -constprop -global-constprop -gvn -mem2reg -instcombine -dce -loop-bound -loop-merge -dce -deadargelim -dce -canonicalize-dataflow -dce -deadargelim -globaldce -mem2reg -bram-byte-enable -inst-simplify -inst-rectify -instcombine -adce -deadargelim -load-elim -read-loop-dep -loop-simplify -loop-rewind-sink-hoist -loop-outline -hls-dead-arg-elim -directive-preproc -bitwidthmin2 -bitwidthmin2 -read-loop-dep -interface-preproc -directive-preproc -interface-gen -bram-byte-enable-spec-prop -mul2addshift -deadargelim -inst-simplify -dce -mem2reg -instcombine -gvn -dce -adse -loop-bound -instcombine -cfgopt -simplifycfg-lite -loop-simplify -clean-region -io-protocol -find-region -mem2reg -bitop-raise -complex-op-raise -inst-simplify -inst-rectify -instcombine -gvn -adce -deadargelim -float-op-raise -loop-simplify -phi-opt -bitop-raise -cfgopt -simplifycfg-lite -strip-dead-prototypes -interface-lower -bitop-lower -intrinsic-lower -auto-function-inline -basicaa -aggrmodref-aa -globalsmodref-aa -aggr-aa -inst-simplify -simplifycfg-lite -loop-simplify -mergereturn -inst-simplify -inst-rectify -globaldce -dce -load-elim -bitop-lower -float-op-raise -fma-raise -loop-rewind -pointer-simplify -dce -cfgopt -dce -loop-bound -loop-dep -read-loop-dep -dce -dyn-mem-reuse -dce -recurrence-min -dce -share-scalar-alloca -deadargelim -dce -check-stream -norm-name -legalize -inst-clarity -bitwidth -dce -validate-dataflow -dump-loop-dep-to-ir -check-all-ssdm -drop-inferred-ii -dump-complexity-metric /nethome/sparakh7/fpga_8893/2026_Spring/lab0/project_1/hls/.autopilot/db/a.o.2.bc -o /nethome/sparakh7/fpga_8893/2026_Spring/lab0/project_1/hls/.autopilot/db/a.o.3.bc -f -phase build-ssdm 
Execute             auto_get_db
INFO-FLOW: Building ssdm...
Execute           transform -hls -cdfg-build /nethome/sparakh7/fpga_8893/2026_Spring/lab0/project_1/hls/.autopilot/db/a.o.3.bc -o /nethome/sparakh7/fpga_8893/2026_Spring/lab0/project_1/hls/.autopilot/db/a.o.3.bc -f -phase build-ssdm 
INFO: [HLS 200-111] Finished Architecture Synthesis: CPU user time: 0.03 seconds. CPU system time: 0.01 seconds. Elapsed time: 0.04 seconds; current allocated memory: 0.000 MB.
INFO-FLOW: Finish building internal data model.
Command         opt_and_import_c done; 0.23 sec.
Command       elaborate done; 12.8 sec.
Execute       ap_eval exec zip -j /nethome/sparakh7/fpga_8893/2026_Spring/lab0/project_1/hls/.autopilot/db/dut.hcp $dbDir/a.o.3.bc $dbDir/${topname}.rtl_wrap.cfg.tcl $dbDir/apatb_${topname}.cpp $dbDir/apatb_${topname}_util.cpp $dbDir/apatb_${topname}_ir.ll $dbDir/mapper_${topname}.cpp $dbDir/top-io-fe.xml $dbDir/kernel.internal.xml $workdir/../hls.app 
Command       ap_eval done; 0.16 sec.
Execute       autosyn -from_csynth_design=1 
INFO: [HLS 200-10] Starting hardware synthesis ...
INFO-FLOW: Synthesizing C/C++ design ...
INFO: [HLS 200-10] Synthesizing 'top_kernel' ...
Execute         ap_set_top_model top_kernel 
Execute         get_model_list top_kernel -filter all-wo-channel -topdown 
Execute         preproc_iomode -model top_kernel 
Execute         create_clock 
Execute           ap_set_clock -name default -period 10 -unit ns -default=false 
INFO: [SYN 201-201] Setting up clock 'default' with a period of 10ns.
Execute         get_model_list top_kernel -filter all-wo-channel 
INFO-FLOW: Model list for configure: top_kernel
INFO-FLOW: Configuring Module : top_kernel ...
Execute         set_default_model top_kernel 
Execute         apply_spec_resource_limit top_kernel 
INFO-FLOW: Model list for preprocess: top_kernel
INFO-FLOW: Preprocessing Module: top_kernel ...
Execute         set_default_model top_kernel 
Execute         cdfg_preprocess -model top_kernel 
Execute         rtl_gen_preprocess top_kernel 
INFO-FLOW: Model list for synthesis: top_kernel
INFO: [HLS 200-10] ----------------------------------------------------------------
INFO: [HLS 200-42] -- Implementing module 'top_kernel' 
INFO: [HLS 200-10] ----------------------------------------------------------------
Execute         set_default_model top_kernel 
Execute         schedule -model top_kernel 
INFO: [SCHED 204-11] Starting scheduling ...
INFO: [SCHED 204-61] Pipelining loop 'VITIS_LOOP_11_1'.
INFO: [HLS 200-876] Unable to schedule the whole 8 cycles bus request operation ('empty', top.cpp:11) on port 'a' (top.cpp:11) within the first cycle (II = 1). Simulation mismatch may occur if the input data is modified before this operation completes.
INFO: [HLS 200-1470] Pipelining result : Target II = NA, Final II = 1, Depth = 17, loop 'VITIS_LOOP_11_1'
INFO: [SCHED 204-11] Finished scheduling.
INFO: [HLS 200-111] Finished Scheduling: CPU user time: 0.05 seconds. CPU system time: 0.04 seconds. Elapsed time: 0.22 seconds; current allocated memory: 0.000 MB.
Execute         syn_report -verbosereport -o /nethome/sparakh7/fpga_8893/2026_Spring/lab0/project_1/hls/.autopilot/db/top_kernel.verbose.sched.rpt 
Execute           list_part -family xczu3eg-sbva484-1-e 
Execute             ap_family_info -name xczu3eg-sbva484-1-e -data names 
Execute             ap_part_info -quiet -name xczu3eg-sbva484-1-e -data family 
Command         syn_report done; 0.37 sec.
Execute         db_write -o /nethome/sparakh7/fpga_8893/2026_Spring/lab0/project_1/hls/.autopilot/db/top_kernel.sched.adb -f 
INFO-FLOW: Finish scheduling top_kernel.
Execute         set_default_model top_kernel 
Execute         bind -model top_kernel 
INFO: [BIND 205-100] Starting micro-architecture generation ...
INFO: [BIND 205-101] Performing variable lifetime analysis.
INFO: [BIND 205-101] Exploring resource sharing.
INFO: [BIND 205-101] Binding ...
INFO: [BIND 205-100] Finished micro-architecture generation.
INFO: [HLS 200-111] Finished Binding: CPU user time: 0.03 seconds. CPU system time: 0 seconds. Elapsed time: 0.38 seconds; current allocated memory: 0.000 MB.
Execute         syn_report -verbosereport -o /nethome/sparakh7/fpga_8893/2026_Spring/lab0/project_1/hls/.autopilot/db/top_kernel.verbose.bind.rpt 
Execute           list_part -family xczu3eg-sbva484-1-e 
Execute             ap_family_info -name xczu3eg-sbva484-1-e -data names 
Execute             ap_part_info -quiet -name xczu3eg-sbva484-1-e -data family 
Execute         db_write -o /nethome/sparakh7/fpga_8893/2026_Spring/lab0/project_1/hls/.autopilot/db/top_kernel.bind.adb -f 
INFO-FLOW: Finish binding top_kernel.
Execute         get_model_list top_kernel -filter all-wo-channel 
INFO-FLOW: Preprocessing for RTLGen ...
Execute         rtl_gen_preprocess top_kernel 
INFO-FLOW: Model list for RTL generation: top_kernel
INFO: [HLS 200-10] ----------------------------------------------------------------
INFO: [HLS 200-10] -- Generating RTL for module 'top_kernel' 
INFO: [HLS 200-10] ----------------------------------------------------------------
Execute         create_rtl_model top_kernel -top_prefix  -sub_prefix top_kernel_ -mg_file /nethome/sparakh7/fpga_8893/2026_Spring/lab0/project_1/hls/.autopilot/db/top_kernel.compgen.tcl 
WARNING: [RTGEN 206-101] Design contains AXI ports. Reset is fixed to synchronous and active low.
INFO: [RTGEN 206-500] Setting interface mode on port 'top_kernel/a' to 'm_axi'.
INFO: [RTGEN 206-500] Setting interface mode on port 'top_kernel/b' to 'm_axi'.
INFO: [RTGEN 206-500] Setting interface mode on port 'top_kernel/sum' to 'm_axi'.
INFO: [RTGEN 206-500] Setting interface mode on port 'top_kernel/a_r' to 's_axilite & ap_none'.
INFO: [RTGEN 206-500] Setting interface mode on port 'top_kernel/b_r' to 's_axilite & ap_none'.
INFO: [RTGEN 206-500] Setting interface mode on port 'top_kernel/sum_r' to 's_axilite & ap_none'.
INFO: [RTGEN 206-500] Setting interface mode on function 'top_kernel' to 's_axilite & ap_ctrl_hs'.
INFO: [HLS 200-1030] Apply Unified Pipeline Control on module 'top_kernel' pipeline 'VITIS_LOOP_11_1' pipeline type 'loop pipeline'
INFO: [RTGEN 206-100] Bundling port 'a_r', 'b_r', 'sum_r' and 'return' to AXI-Lite port control.
INFO: [RTGEN 206-100] Generating core module 'mul_32s_32s_32_1_1': 1 instance(s).
INFO: [RTGEN 206-100] Finished creating RTL model for 'top_kernel'.
INFO: [HLS 200-111] Finished Creating RTL model: CPU user time: 0.08 seconds. CPU system time: 0.01 seconds. Elapsed time: 0.14 seconds; current allocated memory: 0.000 MB.
Execute         source /nethome/sparakh7/fpga_8893/2026_Spring/lab0/project_1/hls/.autopilot/db/top_kernel.rtl_wrap.cfg.tcl 
Execute         gen_rtl top_kernel -istop -style xilinx -f -lang vhdl -o /nethome/sparakh7/fpga_8893/2026_Spring/lab0/project_1/hls/syn/vhdl/top_kernel 
Execute         gen_rtl top_kernel -istop -style xilinx -f -lang vlog -o /nethome/sparakh7/fpga_8893/2026_Spring/lab0/project_1/hls/syn/verilog/top_kernel 
Execute         syn_report -csynth -model top_kernel -o /nethome/sparakh7/fpga_8893/2026_Spring/lab0/project_1/hls/syn/report/top_kernel_csynth.rpt 
Execute           list_part -family xczu3eg-sbva484-1-e 
Execute             ap_family_info -name xczu3eg-sbva484-1-e -data names 
Execute             ap_part_info -quiet -name xczu3eg-sbva484-1-e -data family 
Execute         syn_report -rtlxml -model top_kernel -o /nethome/sparakh7/fpga_8893/2026_Spring/lab0/project_1/hls/syn/report/top_kernel_csynth.xml 
Execute           list_part -family xczu3eg-sbva484-1-e 
Execute             ap_family_info -name xczu3eg-sbva484-1-e -data names 
Execute             ap_part_info -quiet -name xczu3eg-sbva484-1-e -data family 
Execute         syn_report -verbosereport -model top_kernel -o /nethome/sparakh7/fpga_8893/2026_Spring/lab0/project_1/hls/.autopilot/db/top_kernel.verbose.rpt 
Execute           list_part -family xczu3eg-sbva484-1-e 
Execute             ap_family_info -name xczu3eg-sbva484-1-e -data names 
Execute             ap_part_info -quiet -name xczu3eg-sbva484-1-e -data family 
Execute         db_write -model top_kernel -f -o /nethome/sparakh7/fpga_8893/2026_Spring/lab0/project_1/hls/.autopilot/db/top_kernel.adb 
Execute         db_write -model top_kernel -bindview -o /nethome/sparakh7/fpga_8893/2026_Spring/lab0/project_1/hls/.autopilot/db/design.bindinfo.xml 
Execute         gen_tb_info top_kernel -p /nethome/sparakh7/fpga_8893/2026_Spring/lab0/project_1/hls/.autopilot/db -o /nethome/sparakh7/fpga_8893/2026_Spring/lab0/project_1/hls/.autopilot/db/top_kernel 
Execute         export_constraint_db -f -tool general -o /nethome/sparakh7/fpga_8893/2026_Spring/lab0/project_1/hls/.autopilot/db/top_kernel.constraint.tcl 
Execute         syn_report -designview -model top_kernel -o /nethome/sparakh7/fpga_8893/2026_Spring/lab0/project_1/hls/.autopilot/db/top_kernel.design.xml 
Execute         syn_report -csynthDesign -model top_kernel -o /nethome/sparakh7/fpga_8893/2026_Spring/lab0/project_1/hls/syn/report/csynth.rpt -MHOut /nethome/sparakh7/fpga_8893/2026_Spring/lab0/project_1/hls/.autopilot/db/kernel_module_hierarchy.tcl 
Execute           list_part -family xczu3eg-sbva484-1-e 
Execute             ap_family_info -name xczu3eg-sbva484-1-e -data names 
Execute             ap_part_info -quiet -name xczu3eg-sbva484-1-e -data family 
Execute         syn_report -wcfg -model top_kernel -o /nethome/sparakh7/fpga_8893/2026_Spring/lab0/project_1/hls/.autopilot/db/top_kernel_dataflow_ana.wcfg 
Execute         syn_report -protoinst -model top_kernel -o /nethome/sparakh7/fpga_8893/2026_Spring/lab0/project_1/hls/.autopilot/db/top_kernel.protoinst 
Execute         sc_get_clocks top_kernel 
Execute         sc_get_portdomain top_kernel 
INFO-FLOW: Model list for RTL component generation: top_kernel
INFO-FLOW: Handling components in module [top_kernel] ... 
Execute         source /nethome/sparakh7/fpga_8893/2026_Spring/lab0/project_1/hls/.autopilot/db/top_kernel.compgen.tcl 
INFO-FLOW: Found component top_kernel_mul_32s_32s_32_1_1.
INFO-FLOW: Append model top_kernel_mul_32s_32s_32_1_1
INFO-FLOW: Found component top_kernel_a_m_axi.
INFO-FLOW: Append model top_kernel_a_m_axi
INFO-FLOW: Found component top_kernel_b_m_axi.
INFO-FLOW: Append model top_kernel_b_m_axi
INFO-FLOW: Found component top_kernel_sum_m_axi.
INFO-FLOW: Append model top_kernel_sum_m_axi
INFO-FLOW: Found component top_kernel_control_s_axi.
INFO-FLOW: Append model top_kernel_control_s_axi
INFO-FLOW: Found component top_kernel_flow_control_loop_pipe.
INFO-FLOW: Append model top_kernel_flow_control_loop_pipe
INFO-FLOW: Append model top_kernel
INFO-FLOW: Generating RTL model list ...
INFO-FLOW: All models in this session: top_kernel_mul_32s_32s_32_1_1 top_kernel_a_m_axi top_kernel_b_m_axi top_kernel_sum_m_axi top_kernel_control_s_axi top_kernel_flow_control_loop_pipe top_kernel
INFO-FLOW: Generating /nethome/sparakh7/fpga_8893/2026_Spring/lab0/project_1/hls/.autopilot/db/autopilot.rtl.models.txt file...
INFO-FLOW: To file: write model top_kernel_mul_32s_32s_32_1_1
INFO-FLOW: To file: write model top_kernel_a_m_axi
INFO-FLOW: To file: write model top_kernel_b_m_axi
INFO-FLOW: To file: write model top_kernel_sum_m_axi
INFO-FLOW: To file: write model top_kernel_control_s_axi
INFO-FLOW: To file: write model top_kernel_flow_control_loop_pipe
INFO-FLOW: To file: write model top_kernel
INFO-FLOW: Generating /nethome/sparakh7/fpga_8893/2026_Spring/lab0/project_1/hls/.autopilot/db/autopilot.rtl.models.tcl file...
INFO-FLOW: Finished generating RTL model list.


INFO-FLOW: RTL Generation done.
INFO-FLOW: CAS Generation done.
INFO-FLOW: CBC Generation done.
INFO-FLOW: DBG:PROC: ::AESL_AUTOMG::auto_generate_csynth_design
INFO-FLOW: DBG:PUTS: read_platform_lib /nethome/sparakh7/fpga_8893/2026_Spring/lab0/project_1/hls/.autopilot/db/global.setting.tcl
Execute         source /tools/software/xilinx/2025.1.1/Vitis/common/technology/generic/autopilot/common.gen 
Execute           source /tools/software/xilinx/2025.1.1/Vitis/common/technology/generic/autopilot/APCoreGen.gen 
Execute         source /tools/software/xilinx/2025.1.1/Vitis/common/technology/generic/autopilot/op.gen 
Execute         source /tools/software/xilinx/2025.1.1/Vitis/common/technology/generic/autopilot/op_simcore.gen 
Execute         source /tools/software/xilinx/2025.1.1/Vitis/common/technology/generic/autopilot/interface.gen 
Execute         source /nethome/sparakh7/fpga_8893/2026_Spring/lab0/project_1/hls/.autopilot/db/global.setting.tcl 
Execute         source /tools/software/xilinx/2025.1.1/Vitis/common/technology/xilinx/common/xilinx.gen 
Execute           source /tools/software/xilinx/2025.1.1/Vitis/common/technology/xilinx/interface/plb46.gen 
Execute           source /tools/software/xilinx/2025.1.1/Vitis/common/technology/xilinx/interface/axi4.gen 
Execute           source /tools/software/xilinx/2025.1.1/Vitis/common/technology/xilinx/interface/nativeAXI4.gen 
Execute             source /tools/software/xilinx/2025.1.1/Vitis/common/technology/xilinx/interface/saxilite.gen 
Execute           source /tools/software/xilinx/2025.1.1/Vitis/common/technology/xilinx/scripts/xilinxcoregen.gen 
Execute           source /tools/software/xilinx/2025.1.1/Vitis/common/technology/xilinx/interface/XilEDKCoreGen.gen 
Execute           source /tools/software/xilinx/2025.1.1/Vitis/common/technology/xilinx/ip/util.gen 
Execute           source /tools/software/xilinx/2025.1.1/Vitis/common/technology/xilinx/ip/xfft.gen 
Execute           source /tools/software/xilinx/2025.1.1/Vitis/common/technology/xilinx/ip/xfir.gen 
Execute           source /tools/software/xilinx/2025.1.1/Vitis/common/technology/xilinx/ip/dds_compiler.gen 
Execute           source /tools/software/xilinx/2025.1.1/Vitis/common/technology/xilinx/DSP48/dsp48.gen 
Command         ap_source done; 0.14 sec.
INFO-FLOW: DBG:PUTS:   using AESL_AUTOCG::g_clock_period=10.000 (was NA)
INFO-FLOW: DBG:PROC: ::AESL_AUTOMG::generate_ip_cores gen_sim_model='1' gen_fp_models='0' gen_for_export='0' dstSCDir='' dstVhdlDir='/nethome/sparakh7/fpga_8893/2026_Spring/lab0/project_1/hls/.autopilot/db/vhdl' dstVlogDir='/nethome/sparakh7/fpga_8893/2026_Spring/lab0/project_1/hls/.autopilot/db/vlog' tclDir='/nethome/sparakh7/fpga_8893/2026_Spring/lab0/project_1/hls/.autopilot/db' modelList='top_kernel_mul_32s_32s_32_1_1
top_kernel_a_m_axi
top_kernel_b_m_axi
top_kernel_sum_m_axi
top_kernel_control_s_axi
top_kernel_flow_control_loop_pipe
top_kernel
' expOnly='0'
Execute         source /nethome/sparakh7/fpga_8893/2026_Spring/lab0/project_1/hls/.autopilot/db/global.setting.tcl 
Execute         ap_part_info -name xczu3eg-sbva484-1-e -data names -quiet 
Execute         ap_part_info -name xczu3eg-sbva484-1-e -data info -quiet 
Execute         source /nethome/sparakh7/fpga_8893/2026_Spring/lab0/project_1/hls/.autopilot/db/global.setting.tcl 
Execute         source /nethome/sparakh7/fpga_8893/2026_Spring/lab0/project_1/hls/.autopilot/db/global.setting.tcl 
Execute         source /nethome/sparakh7/fpga_8893/2026_Spring/lab0/project_1/hls/.autopilot/db/top_kernel.compgen.tcl 
Execute           source ./control.slave.tcl 
INFO: [HLS 200-111] Finished Generating all RTL models: CPU user time: 0.38 seconds. CPU system time: 0.06 seconds. Elapsed time: 0.68 seconds; current allocated memory: 0.000 MB.
INFO-FLOW: DBG:PROC: ::HLSREPORTS::create_csynth_xml bind_info_var='bind_info' RtlSubPrefix='top_kernel_' outfile=''
INFO-FLOW: Running: create_csynth_xml read xml data
INFO-FLOW: Done: create_csynth_xml read xml data time: 0 seconds per iteration
INFO-FLOW: Running: create_csynth_xml bind info
INFO-FLOW: Done: create_csynth_xml bind info time: 0 seconds per iteration
INFO-FLOW: Running: create_csynth_xml config info
INFO-FLOW: Done: create_csynth_xml config info time: 0.3 seconds per iteration
INFO-FLOW: Running: create_csynth_xml write xml
INFO-FLOW: Done: create_csynth_xml write xml time: 0 seconds per iteration
INFO-FLOW: DBG:PUTS:      create_csynth_xml wrote csynth_xml=/nethome/sparakh7/fpga_8893/2026_Spring/lab0/project_1/hls/syn/report/csynth.xml
INFO-FLOW: DBG:PROC: ::AP::DESIGN_DATA::generate_json generate_bd_files='0' generate_xo_files='0' modelList='top_kernel_mul_32s_32s_32_1_1
top_kernel_a_m_axi
top_kernel_b_m_axi
top_kernel_sum_m_axi
top_kernel_control_s_axi
top_kernel_flow_control_loop_pipe
top_kernel
' rtl_lang='both' bootstrap_tcl='false' outdir='' outfilename=''
Execute         source /nethome/sparakh7/fpga_8893/2026_Spring/lab0/project_1/hls/.autopilot/db/global.setting.tcl 
Execute         source /nethome/sparakh7/fpga_8893/2026_Spring/lab0/project_1/hls/.autopilot/db/global.setting.tcl 
Execute         source /nethome/sparakh7/fpga_8893/2026_Spring/lab0/project_1/hls/.autopilot/db/top-io-be.tcl 
Execute         source /nethome/sparakh7/fpga_8893/2026_Spring/lab0/project_1/hls/.autopilot/db/top_kernel.tbgen.tcl 
Execute         source /nethome/sparakh7/fpga_8893/2026_Spring/lab0/project_1/hls/.autopilot/db/top_kernel.compgen.dataonly.tcl 
Execute         source /nethome/sparakh7/fpga_8893/2026_Spring/lab0/project_1/hls/.autopilot/db/top_kernel.compgen.dataonly.tcl 
Execute         source /nethome/sparakh7/fpga_8893/2026_Spring/lab0/project_1/hls/.autopilot/db/top_kernel.rtl_wrap.cfg.tcl 
Execute         source /nethome/sparakh7/fpga_8893/2026_Spring/lab0/project_1/hls/.autopilot/db/top_kernel.compgen.dataonly.tcl 
Execute         source /nethome/sparakh7/fpga_8893/2026_Spring/lab0/project_1/hls/.autopilot/db/top_kernel.tbgen.tcl 
Execute         source /nethome/sparakh7/fpga_8893/2026_Spring/lab0/project_1/hls/.autopilot/db/global.setting.tcl 
Execute         ap_part_info -name xczu3eg-sbva484-1-e -data names -quiet 
Execute         ap_part_info -name xczu3eg-sbva484-1-e -data info -quiet 
Execute         source /nethome/sparakh7/fpga_8893/2026_Spring/lab0/project_1/hls/.autopilot/db/top_kernel.constraint.tcl 
Execute         sc_get_clocks top_kernel 
Execute         source /nethome/sparakh7/fpga_8893/2026_Spring/lab0/project_1/hls/.autopilot/db/global.setting.tcl 
INFO-FLOW: DBG:PROC: ::HLSREPORTS::add_csynth_report_sections bind_info_dict='adapter_nodes {{BINDTYPE adapter ID {} IMPL {} LATENCY {} OPTYPE {} PRAGMA {} RTLNAME control_s_axi_U SOURCE {} VARIABLE {} LOOP {} BUNDLEDNAME control DSP 0 BRAM 0 URAM 0 STORAGESUBTYPE s_axilite STORAGESIZE {} STORAGEUSAGE interface DISPNAME {bind_adapter }} {BINDTYPE adapter ID {} IMPL {} LATENCY {} OPTYPE {} PRAGMA {} RTLNAME a_m_axi_U SOURCE {} VARIABLE {} LOOP {} BUNDLEDNAME a DSP 0 BRAM 2 URAM 0 STORAGESUBTYPE m_axi STORAGESIZE {} STORAGEUSAGE interface DISPNAME {bind_adapter }} {BINDTYPE adapter ID {} IMPL {} LATENCY {} OPTYPE {} PRAGMA {} RTLNAME b_m_axi_U SOURCE {} VARIABLE {} LOOP {} BUNDLEDNAME b DSP 0 BRAM 2 URAM 0 STORAGESUBTYPE m_axi STORAGESIZE {} STORAGEUSAGE interface DISPNAME {bind_adapter }} {BINDTYPE adapter ID {} IMPL {} LATENCY {} OPTYPE {} PRAGMA {} RTLNAME sum_m_axi_U SOURCE {} VARIABLE {} LOOP {} BUNDLEDNAME sum DSP 0 BRAM 0 URAM 0 STORAGESUBTYPE m_axi STORAGESIZE {} STORAGEUSAGE interface DISPNAME {bind_adapter }}} cache_nodes {} report_dict {TOPINST top_kernel MODULE2INSTS {top_kernel top_kernel} INST2MODULE {top_kernel top_kernel} INSTDATA {top_kernel {DEPTH 1 CHILDREN {}}} MODULEDATA {top_kernel {BINDINFO {{BINDTYPE op ID {} IMPL auto LATENCY 0 OPTYPE mul PRAGMA {} RTLNAME mul_32s_32s_32_1_1_U1 SOURCE top.cpp:12 VARIABLE mul_ln12 LOOP VITIS_LOOP_11_1 BUNDLEDNAME {} DSP 3 BRAM 0 URAM 0 STORAGESUBTYPE {} DISPNAME {bind_op mul} VISIBLE true} {BINDTYPE op ID {} IMPL fabric LATENCY 0 OPTYPE add PRAGMA {} RTLNAME i_fu_184_p2 SOURCE top.cpp:11 VARIABLE i LOOP VITIS_LOOP_11_1 BUNDLEDNAME {} DSP 0 BRAM 0 URAM 0 STORAGESUBTYPE {} DISPNAME {bind_op add} VISIBLE true} {BINDTYPE op ID {} IMPL auto LATENCY 0 OPTYPE seteq PRAGMA {} RTLNAME icmp_ln11_fu_190_p2 SOURCE top.cpp:11 VARIABLE icmp_ln11 LOOP VITIS_LOOP_11_1 BUNDLEDNAME {} DSP 0 BRAM 0 URAM 0 STORAGESUBTYPE {} DISPNAME {bind_op seteq} VISIBLE false}} AREA {DSP 3 BRAM 4 URAM 0}}}}'
INFO-FLOW: DBG:PUTS:      update_csynth_reports json2rpt_hw_sw_interfaces
Execute         send_msg_by_id INFO @200-1603@%s  and missed bursts 
INFO: [HLS 200-1603] Design has inferred MAXI bursts and missed bursts, see Vitis HLS GUI synthesis summary report for detailed information.
INFO-FLOW: Running: gen_csynth_sec_pragma
INFO-FLOW: Done: gen_csynth_sec_pragma time: 0 seconds per iteration
INFO-FLOW: DBG:PUTS:      update_csynth_reports wrote xml
INFO-FLOW: DBG:PUTS:      update_csynth_reports appended to csynth rpt file
INFO: [HLS 200-111] Finished Updating report files: CPU user time: 0.67 seconds. CPU system time: 0.15 seconds. Elapsed time: 1.79 seconds; current allocated memory: 0.000 MB.
INFO: [VHDL 208-304] Generating VHDL RTL for top_kernel.
INFO: [VLOG 209-307] Generating Verilog RTL for top_kernel.
Execute         syn_report -model top_kernel -printsummary 
INFO: [HLS 200-790] **** Loop Constraint Status: All loop constraints were satisfied.
INFO: [HLS 200-789] **** Estimated Fmax: 136.99 MHz
Command       autosyn done; 3.05 sec.
Command     csynth_design done; 23.82 sec.
INFO: [HLS 200-2161] Finished Command csynth_design Elapsed time: 00:00:23; Allocated memory: 0.000 MB.
Execute     cosim_design 
INFO: [HLS 200-1510] Running: cosim_design 
Execute       ::AP::init_summary_file cosim 
Execute         AP::app_get_file_relativeroot [AP::app_get_root] {}
Command       AP::init_summary_file done; 7.84 sec.
Execute       write_ini /nethome/sparakh7/fpga_8893/2026_Spring/lab0/project_1/hls_config.cfg -apsfile /nethome/sparakh7/fpga_8893/2026_Spring/lab0/project_1/hls/hls.aps -filepaths relative 
Execute         send_msg_by_id INFO @200-1915@%s /nethome/sparakh7/fpga_8893/2026_Spring/lab0/project_1/hls_config.cfg 
INFO: [HLS 200-1915] Writing HLS config ini file /nethome/sparakh7/fpga_8893/2026_Spring/lab0/project_1/hls_config.cfg
Execute       source /nethome/sparakh7/fpga_8893/2026_Spring/lab0/project_1/hls/.autopilot/db/global.setting.tcl 
Execute       source /nethome/sparakh7/fpga_8893/2026_Spring/lab0/project_1/hls/.autopilot/db/global.setting.tcl 
Execute       source /nethome/sparakh7/fpga_8893/2026_Spring/lab0/project_1/hls/.autopilot/db/global.setting.tcl 
Execute       send_msg_by_id WARNING @200-626@ 
WARNING: [HLS 200-626] This design is unable to schedule all read ports in the first II cycle. The RTL testbench may treat the design as non-pipelined
INFO-FLOW: DBG:PUTS: read_platform_lib /nethome/sparakh7/fpga_8893/2026_Spring/lab0/project_1/hls/.autopilot/db/global.setting.tcl
Execute       source /tools/software/xilinx/2025.1.1/Vitis/common/technology/generic/autopilot/common.gen 
Execute         source /tools/software/xilinx/2025.1.1/Vitis/common/technology/generic/autopilot/APCoreGen.gen 
Execute       source /tools/software/xilinx/2025.1.1/Vitis/common/technology/generic/autopilot/op.gen 
Execute       source /tools/software/xilinx/2025.1.1/Vitis/common/technology/generic/autopilot/op_simcore.gen 
Execute       source /tools/software/xilinx/2025.1.1/Vitis/common/technology/generic/autopilot/interface.gen 
Execute       source /nethome/sparakh7/fpga_8893/2026_Spring/lab0/project_1/hls/.autopilot/db/global.setting.tcl 
Execute       source /tools/software/xilinx/2025.1.1/Vitis/common/technology/xilinx/common/xilinx.gen 
Execute         source /tools/software/xilinx/2025.1.1/Vitis/common/technology/xilinx/interface/plb46.gen 
Execute         source /tools/software/xilinx/2025.1.1/Vitis/common/technology/xilinx/interface/axi4.gen 
Execute         source /tools/software/xilinx/2025.1.1/Vitis/common/technology/xilinx/interface/nativeAXI4.gen 
Execute           source /tools/software/xilinx/2025.1.1/Vitis/common/technology/xilinx/interface/saxilite.gen 
Execute         source /tools/software/xilinx/2025.1.1/Vitis/common/technology/xilinx/scripts/xilinxcoregen.gen 
Execute         source /tools/software/xilinx/2025.1.1/Vitis/common/technology/xilinx/interface/XilEDKCoreGen.gen 
Execute         source /tools/software/xilinx/2025.1.1/Vitis/common/technology/xilinx/ip/util.gen 
Execute         source /tools/software/xilinx/2025.1.1/Vitis/common/technology/xilinx/ip/xfft.gen 
Execute         source /tools/software/xilinx/2025.1.1/Vitis/common/technology/xilinx/ip/xfir.gen 
Execute         source /tools/software/xilinx/2025.1.1/Vitis/common/technology/xilinx/ip/dds_compiler.gen 
Execute         source /tools/software/xilinx/2025.1.1/Vitis/common/technology/xilinx/DSP48/dsp48.gen 
Command       ap_source done; 0.14 sec.
Execute       ap_part_info -name xczu3eg-sbva484-1-e -data names -quiet 
Execute       ap_part_info -name xczu3eg-sbva484-1-e -data info -quiet 
Execute       source /nethome/sparakh7/fpga_8893/2026_Spring/lab0/project_1/hls/.autopilot/db/global.setting.tcl 
Execute       source /nethome/sparakh7/fpga_8893/2026_Spring/lab0/project_1/hls/.autopilot/db/top_kernel.rtl_wrap.cfg.tcl 
Execute       source /nethome/sparakh7/fpga_8893/2026_Spring/lab0/project_1/hls/.autopilot/db/top_kernel.tbgen.tcl 
Execute       source /nethome/sparakh7/fpga_8893/2026_Spring/lab0/project_1/hls/.autopilot/db/cosimDB.tcl 
Execute       source /nethome/sparakh7/fpga_8893/2026_Spring/lab0/project_1/hls/.autopilot/db/top_kernel.tbgen.tcl 
Execute       source /nethome/sparakh7/fpga_8893/2026_Spring/lab0/project_1/hls/.autopilot/db/top_kernel.tbgen.tcl 
Execute       source /nethome/sparakh7/fpga_8893/2026_Spring/lab0/project_1/hls/.autopilot/db/top_kernel.tbgen.tcl 
INFO: [COSIM 212-47] Using XSIM for RTL simulation.
INFO: [COSIM 212-14] Instrumenting C test bench ...
Execute       ap_part_info -name xczu3eg-sbva484-1-e -data info 
INFO-FLOW: run_clang exec: /tools/software/xilinx/2025.1.1/Vitis/lnx64/tools/vcxx/libexec/clang -fno-builtin-isinf -fno-builtin-isnan -E -Wno-unknown-pragmas -Wno-unknown-pragmas -DGCC_COMPATIBLE_APINT -DAESL_TB -D__HLS_COSIM__ -D__VITIS_HLS__ -I /tools/software/xilinx/2025.1.1/Vitis/include -I include /nethome/sparakh7/fpga_8893/2026_Spring/lab0/host.cpp -o /nethome/sparakh7/fpga_8893/2026_Spring/lab0/project_1/hls/./sim/autowrap/testbench/host.cpp_pre.cpp -std=gnu++14 -D__DSP48E2__ --gcc-toolchain=/tools/software/xilinx/2025.1.1/Vitis/tps/lnx64/gcc-8.3.0 > /nethome/sparakh7/fpga_8893/2026_Spring/lab0/project_1/hls/.autopilot/db/host.cpp.clang.autosim-tb.out.log 2> /nethome/sparakh7/fpga_8893/2026_Spring/lab0/project_1/hls/.autopilot/db/host.cpp.clang.autosim-tb.err.log
INFO-FLOW: TB processing: /nethome/sparakh7/fpga_8893/2026_Spring/lab0/host.cpp /nethome/sparakh7/fpga_8893/2026_Spring/lab0/project_1/hls/./sim/autowrap/testbench/host.cpp_pre.cpp
Execute       clang_tidy xilinx-tb-process -desc tb-process /nethome/sparakh7/fpga_8893/2026_Spring/lab0/project_1/hls/./sim/autowrap/testbench/host.cpp_pre.cpp.tb.cpp std=gnu++14 
INFO-FLOW: exec /tools/software/xilinx/2025.1.1/Vitis/lnx64/tools/clang-3.9-csynth/bin/clang-tidy -header-filter=.* --checks=-*,xilinx-tb-process -fix-errors /nethome/sparakh7/fpga_8893/2026_Spring/lab0/project_1/hls/./sim/autowrap/testbench/host.cpp_pre.cpp.tb.cpp -- -std=gnu++14 -fhls -ferror-limit=0
Execute       ap_part_info -name xczu3eg-sbva484-1-e -data info 
INFO-FLOW: run_clang exec: /tools/software/xilinx/2025.1.1/Vitis/lnx64/tools/vcxx/libexec/clang -fno-builtin-isinf -fno-builtin-isnan -E -DGCC_COMPATIBLE_APINT -DAESL_TB -D__HLS_COSIM__ -D__VITIS_HLS__ -I /tools/software/xilinx/2025.1.1/Vitis/include -I include /nethome/sparakh7/fpga_8893/2026_Spring/lab0/top.cpp -o /nethome/sparakh7/fpga_8893/2026_Spring/lab0/project_1/hls/./sim/autowrap/testbench/top.cpp_pre.cpp -std=gnu++14 -D__DSP48E2__ --gcc-toolchain=/tools/software/xilinx/2025.1.1/Vitis/tps/lnx64/gcc-8.3.0 > /nethome/sparakh7/fpga_8893/2026_Spring/lab0/project_1/hls/.autopilot/db/top.cpp.clang.autosim-tb.out.log 2> /nethome/sparakh7/fpga_8893/2026_Spring/lab0/project_1/hls/.autopilot/db/top.cpp.clang.autosim-tb.err.log
INFO-FLOW: TB processing: /nethome/sparakh7/fpga_8893/2026_Spring/lab0/top.cpp /nethome/sparakh7/fpga_8893/2026_Spring/lab0/project_1/hls/./sim/autowrap/testbench/top.cpp_pre.cpp
Execute       clang_tidy xilinx-tb-process -desc tb-process /nethome/sparakh7/fpga_8893/2026_Spring/lab0/project_1/hls/./sim/autowrap/testbench/top.cpp_pre.cpp.tb.cpp std=gnu++14 
INFO-FLOW: exec /tools/software/xilinx/2025.1.1/Vitis/lnx64/tools/clang-3.9-csynth/bin/clang-tidy -header-filter=.* --checks=-*,xilinx-tb-process -fix-errors /nethome/sparakh7/fpga_8893/2026_Spring/lab0/project_1/hls/./sim/autowrap/testbench/top.cpp_pre.cpp.tb.cpp -- -std=gnu++14 -fhls -ferror-limit=0
Execute       source /nethome/sparakh7/fpga_8893/2026_Spring/lab0/project_1/hls/./sim/autowrap/testbench/tb.status.tcl 
Execute       source /nethome/sparakh7/fpga_8893/2026_Spring/lab0/project_1/hls/.autopilot/db/global.setting.tcl 
Execute       source /nethome/sparakh7/fpga_8893/2026_Spring/lab0/project_1/hls/.autopilot/db/top_kernel.rtl_wrap.cfg.tcl 
Execute       source /nethome/sparakh7/fpga_8893/2026_Spring/lab0/project_1/hls/.autopilot/db/top_kernel.rtl_wrap.cfg.tcl 
Execute       source /nethome/sparakh7/fpga_8893/2026_Spring/lab0/project_1/hls/.autopilot/db/top_kernel.rtl_wrap.cfg.tcl 
Execute       source /nethome/sparakh7/fpga_8893/2026_Spring/lab0/project_1/hls/.autopilot/db/top_kernel.tbgen.tcl 
Execute       source /nethome/sparakh7/fpga_8893/2026_Spring/lab0/project_1/hls/.autopilot/db/top_kernel.tbgen.tcl 
Execute       source /nethome/sparakh7/fpga_8893/2026_Spring/lab0/project_1/hls/.autopilot/db/top_kernel.tbgen.tcl 
Execute       ap_part_info -name xczu3eg-sbva484-1-e -data info 
Execute       source .run_sim.tcl 
INFO: [COSIM 212-302] Starting C TB testing ... 
Command       ap_source done; 0.11 sec.
INFO: [COSIM 212-333] Generating C post check test bench ...
Execute       source /nethome/sparakh7/fpga_8893/2026_Spring/lab0/project_1/hls/.autopilot/db/top_kernel.tbgen.tcl 
Execute       source /nethome/sparakh7/fpga_8893/2026_Spring/lab0/project_1/hls/.autopilot/db/top_kernel.tbgen.tcl 
Execute       source /nethome/sparakh7/fpga_8893/2026_Spring/lab0/project_1/hls/.autopilot/db/top_kernel.tbgen.tcl 
Execute       source /nethome/sparakh7/fpga_8893/2026_Spring/lab0/project_1/hls/.autopilot/db/top_kernel.tbgen.tcl 
Execute       source /nethome/sparakh7/fpga_8893/2026_Spring/lab0/project_1/hls/.autopilot/db/top_kernel.tbgen.tcl 
Execute       source /nethome/sparakh7/fpga_8893/2026_Spring/lab0/project_1/hls/.autopilot/db/top_kernel.tbgen.tcl 
Execute       source /nethome/sparakh7/fpga_8893/2026_Spring/lab0/project_1/hls/.autopilot/db/top_kernel.tbgen.tcl 
Execute       source /nethome/sparakh7/fpga_8893/2026_Spring/lab0/project_1/hls/.autopilot/db/top_kernel.tbgen.tcl 
INFO: [COSIM 212-12] Generating RTL test bench ...
Execute       source ../tv/cdatafile/ref.tcl 
Execute       source /nethome/sparakh7/fpga_8893/2026_Spring/lab0/project_1/hls/.autopilot/db/top_kernel.tbgen.tcl 
Execute       source /nethome/sparakh7/fpga_8893/2026_Spring/lab0/project_1/hls/.autopilot/db/top_kernel.tbgen.tcl 
Execute       source /nethome/sparakh7/fpga_8893/2026_Spring/lab0/project_1/hls/.autopilot/db/top_kernel.tbgen.tcl 
Execute       source /nethome/sparakh7/fpga_8893/2026_Spring/lab0/project_1/hls/.autopilot/db/top_kernel.tbgen.tcl 
Execute       source ../tv/cdatafile/ref.tcl 
Execute       source /nethome/sparakh7/fpga_8893/2026_Spring/lab0/project_1/hls/.autopilot/db/top_kernel.tbgen.tcl 
Execute       source /nethome/sparakh7/fpga_8893/2026_Spring/lab0/project_1/hls/.autopilot/db/top_kernel.tbgen.tcl 
Execute       source /nethome/sparakh7/fpga_8893/2026_Spring/lab0/project_1/hls/.autopilot/db/top_kernel.tbgen.tcl 
Execute       source /nethome/sparakh7/fpga_8893/2026_Spring/lab0/project_1/hls/.autopilot/db/top_kernel.tbgen.tcl 
Execute       source /nethome/sparakh7/fpga_8893/2026_Spring/lab0/project_1/hls/.autopilot/db/top_kernel.tbgen.tcl 
Execute       source /nethome/sparakh7/fpga_8893/2026_Spring/lab0/project_1/hls/.autopilot/db/top_kernel.tbgen.tcl 
Execute       source /nethome/sparakh7/fpga_8893/2026_Spring/lab0/project_1/hls/.autopilot/db/top_kernel.tbgen.tcl 
Execute       source /nethome/sparakh7/fpga_8893/2026_Spring/lab0/project_1/hls/.autopilot/db/top_kernel.tbgen.tcl 
Execute       source /nethome/sparakh7/fpga_8893/2026_Spring/lab0/project_1/hls/.autopilot/db/top_kernel.tbgen.tcl 
Execute       source /nethome/sparakh7/fpga_8893/2026_Spring/lab0/project_1/hls/.autopilot/db/top_kernel.DependenceCheck.tcl 
Execute       source /nethome/sparakh7/fpga_8893/2026_Spring/lab0/project_1/hls/.autopilot/db/top_kernel.tbgen.tcl 
Execute       source /nethome/sparakh7/fpga_8893/2026_Spring/lab0/project_1/hls/.autopilot/db/top_kernel.tbgen.tcl 
Execute       source /nethome/sparakh7/fpga_8893/2026_Spring/lab0/project_1/hls/.autopilot/db/top_kernel.tbgen.tcl 
Execute       source /nethome/sparakh7/fpga_8893/2026_Spring/lab0/project_1/hls/.autopilot/db/top_kernel.tbgen.tcl 
Execute       source /nethome/sparakh7/fpga_8893/2026_Spring/lab0/project_1/hls/.autopilot/db/top_kernel.tbgen.tcl 
Execute       source /nethome/sparakh7/fpga_8893/2026_Spring/lab0/project_1/hls/.autopilot/db/top_kernel.tbgen.tcl 
Execute       source /nethome/sparakh7/fpga_8893/2026_Spring/lab0/project_1/hls/.autopilot/db/top_kernel.tbgen.tcl 
Execute       source /nethome/sparakh7/fpga_8893/2026_Spring/lab0/project_1/hls/.autopilot/db/top_kernel.tbgen.tcl 
Execute       source /nethome/sparakh7/fpga_8893/2026_Spring/lab0/project_1/hls/.autopilot/db/top_kernel.tbgen.tcl 
Execute       source /nethome/sparakh7/fpga_8893/2026_Spring/lab0/project_1/hls/.autopilot/db/top_kernel.tbgen.tcl 
Execute       source /nethome/sparakh7/fpga_8893/2026_Spring/lab0/project_1/hls/.autopilot/db/top_kernel.tbgen.tcl 
Execute       source /nethome/sparakh7/fpga_8893/2026_Spring/lab0/project_1/hls/.autopilot/db/top_kernel.tbgen.tcl 
Execute       source /nethome/sparakh7/fpga_8893/2026_Spring/lab0/project_1/hls/.autopilot/db/top_kernel.tbgen.tcl 
Execute       source /nethome/sparakh7/fpga_8893/2026_Spring/lab0/project_1/hls/.autopilot/db/top_kernel.tbgen.tcl 
Execute       source /nethome/sparakh7/fpga_8893/2026_Spring/lab0/project_1/hls/.autopilot/db/top_kernel.tbgen.tcl 
Execute       source /nethome/sparakh7/fpga_8893/2026_Spring/lab0/project_1/hls/.autopilot/db/top_kernel.tbgen.tcl 
Execute       source /nethome/sparakh7/fpga_8893/2026_Spring/lab0/project_1/hls/.autopilot/db/top_kernel.tbgen.tcl 
Execute       source /nethome/sparakh7/fpga_8893/2026_Spring/lab0/project_1/hls/.autopilot/db/top_kernel.tbgen.tcl 
Execute       source /nethome/sparakh7/fpga_8893/2026_Spring/lab0/project_1/hls/.autopilot/db/top_kernel.tbgen.tcl 
Execute       source /nethome/sparakh7/fpga_8893/2026_Spring/lab0/project_1/hls/.autopilot/db/top_kernel.tbgen.tcl 
Execute       source /nethome/sparakh7/fpga_8893/2026_Spring/lab0/project_1/hls/.autopilot/db/top_kernel.tbgen.tcl 
Execute       source /nethome/sparakh7/fpga_8893/2026_Spring/lab0/project_1/hls/.autopilot/db/top_kernel.tbgen.tcl 
Execute       source /nethome/sparakh7/fpga_8893/2026_Spring/lab0/project_1/hls/.autopilot/db/top_kernel.tbgen.tcl 
INFO: [COSIM 212-1] *** C/RTL co-simulation file generation completed. ***
Execute       source .run_sim.tcl 
Execute         source check_sim.tcl 
Execute         source dataflow_monitor_API.tcl 
Execute         source .sim.status.tcl 
INFO: [COSIM 212-323] Starting verilog simulation. 
INFO: [COSIM 212-15] Starting XSIM ...
INFO: [COSIM 212-316] Starting C post checking ...
Command       ap_source done; 38.09 sec.
INFO: [COSIM 212-1000] *** C/RTL co-simulation finished: PASS ***
INFO: [COSIM 212-211] II is measurable only when transaction number is greater than 1 in RTL simulation. Otherwise, they will be marked as all NA. If user wants to calculate them, please make sure there are at least 2 transactions in RTL simulation.
Command     cosim_design done; 59.8 sec.
INFO: [HLS 200-2161] Finished Command cosim_design Elapsed time: 00:00:59; Allocated memory: 0.000 MB.
Execute     export_design -format ip_catalog -flow impl 
INFO: [HLS 200-1510] Running: export_design -format ip_catalog -flow impl 
Execute       config_export -flow=impl -format=ip_catalog 
Execute       write_ini /nethome/sparakh7/fpga_8893/2026_Spring/lab0/project_1/hls_config.cfg -apsfile /nethome/sparakh7/fpga_8893/2026_Spring/lab0/project_1/hls/hls.aps -filepaths relative 
Execute         send_msg_by_id INFO @200-1915@%s /nethome/sparakh7/fpga_8893/2026_Spring/lab0/project_1/hls_config.cfg 
INFO: [HLS 200-1915] Writing HLS config ini file /nethome/sparakh7/fpga_8893/2026_Spring/lab0/project_1/hls_config.cfg
Execute       ::AP::init_summary_file vivado-impl 
Execute         AP::app_get_file_relativeroot [AP::app_get_root] {}
Command       AP::init_summary_file done; 7.56 sec.
INFO-FLOW: DBG:PUTS: export_design_wrap: -flow impl -format ip_catalog -rtl verilog
Execute       source /nethome/sparakh7/fpga_8893/2026_Spring/lab0/project_1/hls/.autopilot/db/global.setting.tcl 
INFO-FLOW: DBG:PUTS:   auto_impl: pack: -export -rtl verilog
INFO-FLOW: DBG:PROC: ::AESL_AUTOIMPL::auto_impl args='-export -rtl verilog'
Execute       source /nethome/sparakh7/fpga_8893/2026_Spring/lab0/project_1/hls/.autopilot/db/global.setting.tcl 
INFO: [IMPL 213-8] Exporting RTL as a Vivado IP.
INFO-FLOW: DBG:PUTS: automg_wrap -export -pcore_version 1.00.a -rtl vlog -tool Vivado -impltomg_flag
INFO-FLOW: DBG:PROC: ::AESL_AUTOMG::auto_generate args='-export -pcore_version 1.00.a -rtl vlog -tool Vivado -impltomg_flag'
INFO-FLOW: DBG:PUTS:     auto_generate -export -pcore_version 1.00.a -rtl vlog -tool Vivado -impltomg_flag
Execute       source /nethome/sparakh7/fpga_8893/2026_Spring/lab0/project_1/hls/.autopilot/db/global.setting.tcl 
INFO-FLOW: DBG:PUTS: read_platform_lib /nethome/sparakh7/fpga_8893/2026_Spring/lab0/project_1/hls/.autopilot/db/global.setting.tcl
Execute       source /tools/software/xilinx/2025.1.1/Vitis/common/technology/generic/autopilot/common.gen 
Execute         source /tools/software/xilinx/2025.1.1/Vitis/common/technology/generic/autopilot/APCoreGen.gen 
Execute       source /tools/software/xilinx/2025.1.1/Vitis/common/technology/generic/autopilot/op.gen 
Execute       source /tools/software/xilinx/2025.1.1/Vitis/common/technology/generic/autopilot/op_simcore.gen 
Execute       source /tools/software/xilinx/2025.1.1/Vitis/common/technology/generic/autopilot/interface.gen 
Execute       source /nethome/sparakh7/fpga_8893/2026_Spring/lab0/project_1/hls/.autopilot/db/global.setting.tcl 
Execute       source /tools/software/xilinx/2025.1.1/Vitis/common/technology/xilinx/common/xilinx.gen 
Execute         source /tools/software/xilinx/2025.1.1/Vitis/common/technology/xilinx/interface/plb46.gen 
Execute         source /tools/software/xilinx/2025.1.1/Vitis/common/technology/xilinx/interface/axi4.gen 
Execute         source /tools/software/xilinx/2025.1.1/Vitis/common/technology/xilinx/interface/nativeAXI4.gen 
Execute           source /tools/software/xilinx/2025.1.1/Vitis/common/technology/xilinx/interface/saxilite.gen 
Execute         source /tools/software/xilinx/2025.1.1/Vitis/common/technology/xilinx/scripts/xilinxcoregen.gen 
Execute         source /tools/software/xilinx/2025.1.1/Vitis/common/technology/xilinx/interface/XilEDKCoreGen.gen 
Execute         source /tools/software/xilinx/2025.1.1/Vitis/common/technology/xilinx/ip/util.gen 
Execute         source /tools/software/xilinx/2025.1.1/Vitis/common/technology/xilinx/ip/xfft.gen 
Execute         source /tools/software/xilinx/2025.1.1/Vitis/common/technology/xilinx/ip/xfir.gen 
Execute         source /tools/software/xilinx/2025.1.1/Vitis/common/technology/xilinx/ip/dds_compiler.gen 
Execute         source /tools/software/xilinx/2025.1.1/Vitis/common/technology/xilinx/DSP48/dsp48.gen 
Command       ap_source done; 0.14 sec.
INFO-FLOW: DBG:PUTS:       initCTypeInfo top_module=top_kernel xml_exists=0
Execute       source /nethome/sparakh7/fpga_8893/2026_Spring/lab0/project_1/hls/.autopilot/db/top_kernel.rtl_wrap.cfg.tcl 
Execute       source /nethome/sparakh7/fpga_8893/2026_Spring/lab0/project_1/hls/.autopilot/db/top_kernel.rtl_wrap.cfg.tcl 
Execute       source /nethome/sparakh7/fpga_8893/2026_Spring/lab0/project_1/hls/.autopilot/db/top_kernel.rtl_wrap.cfg.tcl 
Execute       source /nethome/sparakh7/fpga_8893/2026_Spring/lab0/project_1/hls/.autopilot/db/top_kernel.tbgen.tcl 
Execute       source /nethome/sparakh7/fpga_8893/2026_Spring/lab0/project_1/hls/.autopilot/db/top_kernel.tbgen.tcl 
Execute       source /nethome/sparakh7/fpga_8893/2026_Spring/lab0/project_1/hls/.autopilot/db/top_kernel.tbgen.tcl 
Execute       source /nethome/sparakh7/fpga_8893/2026_Spring/lab0/project_1/hls/.autopilot/db/global.setting.tcl 
Execute       source /nethome/sparakh7/fpga_8893/2026_Spring/lab0/project_1/hls/.autopilot/db/top_kernel.tbgen.tcl 
Execute       source /nethome/sparakh7/fpga_8893/2026_Spring/lab0/project_1/hls/.autopilot/db/cosimDB.tcl 
INFO-FLOW: DBG:PUTS:       cosim_export_main adding deadlock detection to top_kernel
INFO-FLOW: DBG:PUTS:       generate_datafile_ip_script ip_types={vitis sysgen} #gSsdmPorts=0
INFO-FLOW: DBG:PUTS: Skipping loadAnalyze_DB, #g_database=6
INFO-FLOW: DBG:PUTS:       generate_json generate_bd_files=0 generate_xo_files=false #modelList=7 #gSsdmPorts=0
INFO-FLOW: DBG:PROC: ::AP::DESIGN_DATA::generate_json generate_bd_files='0' generate_xo_files='false' modelList='top_kernel_mul_32s_32s_32_1_1
top_kernel_a_m_axi
top_kernel_b_m_axi
top_kernel_sum_m_axi
top_kernel_control_s_axi
top_kernel_flow_control_loop_pipe
top_kernel
' rtl_lang='vlog' bootstrap_tcl='false' outdir='' outfilename=''
Execute       source /nethome/sparakh7/fpga_8893/2026_Spring/lab0/project_1/hls/.autopilot/db/global.setting.tcl 
Execute       source /nethome/sparakh7/fpga_8893/2026_Spring/lab0/project_1/hls/.autopilot/db/global.setting.tcl 
Execute       source /nethome/sparakh7/fpga_8893/2026_Spring/lab0/project_1/hls/.autopilot/db/top-io-be.tcl 
Execute       source /nethome/sparakh7/fpga_8893/2026_Spring/lab0/project_1/hls/.autopilot/db/top_kernel.tbgen.tcl 
Execute       source /nethome/sparakh7/fpga_8893/2026_Spring/lab0/project_1/hls/.autopilot/db/top_kernel.compgen.dataonly.tcl 
Execute       source /nethome/sparakh7/fpga_8893/2026_Spring/lab0/project_1/hls/.autopilot/db/top_kernel.compgen.dataonly.tcl 
Execute       source /nethome/sparakh7/fpga_8893/2026_Spring/lab0/project_1/hls/.autopilot/db/top_kernel.rtl_wrap.cfg.tcl 
Execute       source /nethome/sparakh7/fpga_8893/2026_Spring/lab0/project_1/hls/.autopilot/db/top_kernel.compgen.dataonly.tcl 
Execute       source /nethome/sparakh7/fpga_8893/2026_Spring/lab0/project_1/hls/.autopilot/db/top_kernel.tbgen.tcl 
Execute       source /nethome/sparakh7/fpga_8893/2026_Spring/lab0/project_1/hls/.autopilot/db/global.setting.tcl 
Execute       ap_part_info -name xczu3eg-sbva484-1-e -data names -quiet 
Execute       ap_part_info -name xczu3eg-sbva484-1-e -data info -quiet 
Execute       source /nethome/sparakh7/fpga_8893/2026_Spring/lab0/project_1/hls/.autopilot/db/top_kernel.constraint.tcl 
Execute       sc_get_clocks top_kernel 
Execute       source /nethome/sparakh7/fpga_8893/2026_Spring/lab0/project_1/hls/.autopilot/db/global.setting.tcl 
INFO-FLOW: DBG:PUTS:       generate_syn_sh
Execute       ap_part_info -name xczu3eg-sbva484-1-e -data names -quiet 
Execute       ap_part_info -name xczu3eg-sbva484-1-e -data info -quiet 
Execute       source /nethome/sparakh7/fpga_8893/2026_Spring/lab0/project_1/hls/.autopilot/db/global.setting.tcl 
INFO-FLOW: DBG:PUTS:       generate_imp_constraints
Execute       ap_part_info -name xczu3eg-sbva484-1-e -data names -quiet 
Execute       ap_part_info -name xczu3eg-sbva484-1-e -data info -quiet 
Execute       source /nethome/sparakh7/fpga_8893/2026_Spring/lab0/project_1/hls/.autopilot/db/top_kernel.constraint.tcl 
Execute       source /nethome/sparakh7/fpga_8893/2026_Spring/lab0/project_1/hls/.autopilot/db/top_kernel.tbgen.tcl 
INFO-FLOW: DBG:PUTS:       delete-temp-dirs pwd=/nethome/sparakh7/fpga_8893/2026_Spring/lab0/project_1/hls
Execute       ap_part_info -name xczu3eg-sbva484-1-e -data names -quiet 
Execute       ap_part_info -name xczu3eg-sbva484-1-e -data info -quiet 
INFO-FLOW: DBG:PUTS: read_platform_lib /nethome/sparakh7/fpga_8893/2026_Spring/lab0/project_1/hls/.autopilot/db/global.setting.tcl
Execute       source /tools/software/xilinx/2025.1.1/Vitis/common/technology/generic/autopilot/common.gen 
Execute         source /tools/software/xilinx/2025.1.1/Vitis/common/technology/generic/autopilot/APCoreGen.gen 
Execute       source /tools/software/xilinx/2025.1.1/Vitis/common/technology/generic/autopilot/op.gen 
Execute       source /tools/software/xilinx/2025.1.1/Vitis/common/technology/generic/autopilot/op_simcore.gen 
Execute       source /tools/software/xilinx/2025.1.1/Vitis/common/technology/generic/autopilot/interface.gen 
Execute       source /nethome/sparakh7/fpga_8893/2026_Spring/lab0/project_1/hls/.autopilot/db/global.setting.tcl 
Execute       source /tools/software/xilinx/2025.1.1/Vitis/common/technology/xilinx/common/xilinx.gen 
Execute         source /tools/software/xilinx/2025.1.1/Vitis/common/technology/xilinx/interface/plb46.gen 
Execute         source /tools/software/xilinx/2025.1.1/Vitis/common/technology/xilinx/interface/axi4.gen 
Execute         source /tools/software/xilinx/2025.1.1/Vitis/common/technology/xilinx/interface/nativeAXI4.gen 
Execute           source /tools/software/xilinx/2025.1.1/Vitis/common/technology/xilinx/interface/saxilite.gen 
Execute         source /tools/software/xilinx/2025.1.1/Vitis/common/technology/xilinx/scripts/xilinxcoregen.gen 
Execute         source /tools/software/xilinx/2025.1.1/Vitis/common/technology/xilinx/interface/XilEDKCoreGen.gen 
Execute         source /tools/software/xilinx/2025.1.1/Vitis/common/technology/xilinx/ip/util.gen 
Execute         source /tools/software/xilinx/2025.1.1/Vitis/common/technology/xilinx/ip/xfft.gen 
Execute         source /tools/software/xilinx/2025.1.1/Vitis/common/technology/xilinx/ip/xfir.gen 
Execute         source /tools/software/xilinx/2025.1.1/Vitis/common/technology/xilinx/ip/dds_compiler.gen 
Execute         source /tools/software/xilinx/2025.1.1/Vitis/common/technology/xilinx/DSP48/dsp48.gen 
Command       ap_source done; 0.14 sec.
INFO-FLOW: DBG:PUTS:     IP package: exec /nethome/sparakh7/fpga_8893/2026_Spring/lab0/project_1/hls/impl/ip/pack.sh
INFO-FLOW: DBG:PUTS:     IP package: success /nethome/sparakh7/fpga_8893/2026_Spring/lab0/project_1/hls/impl/ip/pack.sh
INFO-FLOW: DBG:PUTS:   auto_impl: eval: -flow impl -rtl verilog
INFO-FLOW: DBG:PROC: ::AESL_AUTOIMPL::auto_impl args='-flow impl -rtl verilog'
Execute       source /nethome/sparakh7/fpga_8893/2026_Spring/lab0/project_1/hls/.autopilot/db/global.setting.tcl 
INFO: [IMPL 213-8] Starting RTL evaluation using Vivado ...
INFO-FLOW: DBG:PUTS: automg_wrap -rtl vlog -tool Vivado -impltomg_flag
INFO-FLOW: DBG:PROC: ::AESL_AUTOMG::auto_generate args='-rtl vlog -tool Vivado -impltomg_flag'
INFO-FLOW: DBG:PUTS:     auto_generate -rtl vlog -tool Vivado -impltomg_flag
Execute       source /nethome/sparakh7/fpga_8893/2026_Spring/lab0/project_1/hls/.autopilot/db/global.setting.tcl 
INFO-FLOW: DBG:PUTS: read_platform_lib /nethome/sparakh7/fpga_8893/2026_Spring/lab0/project_1/hls/.autopilot/db/global.setting.tcl
Execute       source /tools/software/xilinx/2025.1.1/Vitis/common/technology/generic/autopilot/common.gen 
Execute         source /tools/software/xilinx/2025.1.1/Vitis/common/technology/generic/autopilot/APCoreGen.gen 
Execute       source /tools/software/xilinx/2025.1.1/Vitis/common/technology/generic/autopilot/op.gen 
Execute       source /tools/software/xilinx/2025.1.1/Vitis/common/technology/generic/autopilot/op_simcore.gen 
Execute       source /tools/software/xilinx/2025.1.1/Vitis/common/technology/generic/autopilot/interface.gen 
Execute       source /nethome/sparakh7/fpga_8893/2026_Spring/lab0/project_1/hls/.autopilot/db/global.setting.tcl 
Execute       source /tools/software/xilinx/2025.1.1/Vitis/common/technology/xilinx/common/xilinx.gen 
Execute         source /tools/software/xilinx/2025.1.1/Vitis/common/technology/xilinx/interface/plb46.gen 
Execute         source /tools/software/xilinx/2025.1.1/Vitis/common/technology/xilinx/interface/axi4.gen 
Execute         source /tools/software/xilinx/2025.1.1/Vitis/common/technology/xilinx/interface/nativeAXI4.gen 
Execute           source /tools/software/xilinx/2025.1.1/Vitis/common/technology/xilinx/interface/saxilite.gen 
Execute         source /tools/software/xilinx/2025.1.1/Vitis/common/technology/xilinx/scripts/xilinxcoregen.gen 
Execute         source /tools/software/xilinx/2025.1.1/Vitis/common/technology/xilinx/interface/XilEDKCoreGen.gen 
Execute         source /tools/software/xilinx/2025.1.1/Vitis/common/technology/xilinx/ip/util.gen 
Execute         source /tools/software/xilinx/2025.1.1/Vitis/common/technology/xilinx/ip/xfft.gen 
Execute         source /tools/software/xilinx/2025.1.1/Vitis/common/technology/xilinx/ip/xfir.gen 
Execute         source /tools/software/xilinx/2025.1.1/Vitis/common/technology/xilinx/ip/dds_compiler.gen 
Execute         source /tools/software/xilinx/2025.1.1/Vitis/common/technology/xilinx/DSP48/dsp48.gen 
Command       ap_source done; 0.12 sec.
INFO-FLOW: DBG:PUTS:       generate_syn_sh
Execute       ap_part_info -name xczu3eg-sbva484-1-e -data names -quiet 
Execute       ap_part_info -name xczu3eg-sbva484-1-e -data info -quiet 
Execute       source /nethome/sparakh7/fpga_8893/2026_Spring/lab0/project_1/hls/.autopilot/db/global.setting.tcl 
INFO-FLOW: DBG:PUTS:       generate_imp_constraints
Execute       ap_part_info -name xczu3eg-sbva484-1-e -data names -quiet 
Execute       ap_part_info -name xczu3eg-sbva484-1-e -data info -quiet 
Execute       source /nethome/sparakh7/fpga_8893/2026_Spring/lab0/project_1/hls/.autopilot/db/top_kernel.constraint.tcl 
Execute       source /nethome/sparakh7/fpga_8893/2026_Spring/lab0/project_1/hls/.autopilot/db/top_kernel.tbgen.tcl 
INFO-FLOW: DBG:PUTS:       delete-temp-dirs pwd=/nethome/sparakh7/fpga_8893/2026_Spring/lab0/project_1/hls
Execute       ap_part_info -name xczu3eg-sbva484-1-e -data names -quiet 
Execute       ap_part_info -name xczu3eg-sbva484-1-e -data info -quiet 
INFO-FLOW: DBG:PUTS: read_platform_lib /nethome/sparakh7/fpga_8893/2026_Spring/lab0/project_1/hls/.autopilot/db/global.setting.tcl
Execute       source /tools/software/xilinx/2025.1.1/Vitis/common/technology/generic/autopilot/common.gen 
Execute         source /tools/software/xilinx/2025.1.1/Vitis/common/technology/generic/autopilot/APCoreGen.gen 
Execute       source /tools/software/xilinx/2025.1.1/Vitis/common/technology/generic/autopilot/op.gen 
Execute       source /tools/software/xilinx/2025.1.1/Vitis/common/technology/generic/autopilot/op_simcore.gen 
Execute       source /tools/software/xilinx/2025.1.1/Vitis/common/technology/generic/autopilot/interface.gen 
Execute       source /nethome/sparakh7/fpga_8893/2026_Spring/lab0/project_1/hls/.autopilot/db/global.setting.tcl 
Execute       source /tools/software/xilinx/2025.1.1/Vitis/common/technology/xilinx/common/xilinx.gen 
Execute         source /tools/software/xilinx/2025.1.1/Vitis/common/technology/xilinx/interface/plb46.gen 
Execute         source /tools/software/xilinx/2025.1.1/Vitis/common/technology/xilinx/interface/axi4.gen 
Execute         source /tools/software/xilinx/2025.1.1/Vitis/common/technology/xilinx/interface/nativeAXI4.gen 
Execute           source /tools/software/xilinx/2025.1.1/Vitis/common/technology/xilinx/interface/saxilite.gen 
Execute         source /tools/software/xilinx/2025.1.1/Vitis/common/technology/xilinx/scripts/xilinxcoregen.gen 
Execute         source /tools/software/xilinx/2025.1.1/Vitis/common/technology/xilinx/interface/XilEDKCoreGen.gen 
Execute         source /tools/software/xilinx/2025.1.1/Vitis/common/technology/xilinx/ip/util.gen 
Execute         source /tools/software/xilinx/2025.1.1/Vitis/common/technology/xilinx/ip/xfft.gen 
Execute         source /tools/software/xilinx/2025.1.1/Vitis/common/technology/xilinx/ip/xfir.gen 
Execute         source /tools/software/xilinx/2025.1.1/Vitis/common/technology/xilinx/ip/dds_compiler.gen 
Execute         source /tools/software/xilinx/2025.1.1/Vitis/common/technology/xilinx/DSP48/dsp48.gen 
Command       ap_source done; 0.12 sec.
Execute       source /nethome/sparakh7/fpga_8893/2026_Spring/lab0/project_1/hls/.autopilot/db/autopilot.rtl.models.tcl 
Execute       source /nethome/sparakh7/fpga_8893/2026_Spring/lab0/project_1/hls/.autopilot/db/global.setting.tcl 
Execute       ap_part_info -name xczu3eg-sbva484-1-e -data names -quiet 
Execute       ap_part_info -name xczu3eg-sbva484-1-e -data info -quiet 
INFO-FLOW: DBG:PUTS: debug_in_auto_impl: vlog exec /nethome/sparakh7/fpga_8893/2026_Spring/lab0/project_1/hls/impl/verilog/impl.sh
INFO-FLOW: DBG:PROC: ::HLSREPORTS::auto_impl_report topinfo_dict='RtlTopPrefix {} RtlSubPrefix top_kernel_ TopModuleNoPrefix top_kernel TopModuleWithPrefix top_kernel' export_design_flow='impl' impl_dir='/nethome/sparakh7/fpga_8893/2026_Spring/lab0/project_1/hls/impl' lang='verilog' out_dir=''
INFO-FLOW: DBG:PUTS:     auto_impl_report: impl processing xml
Execute       ap_part_info -quiet -data family -name xczu3eg-sbva484-1-e 
INFO-FLOW: DBG:PUTS:     writing export xml file: /nethome/sparakh7/fpga_8893/2026_Spring/lab0/project_1/hls/impl/report/verilog/export_impl.xml
INFO-FLOW: DBG:PROC: ::HLSREPORTS::auto_impl_report_txt xml_root='domNode0x7eff24c80b88' export_design_flow='impl' export_rpt='/nethome/sparakh7/fpga_8893/2026_Spring/lab0/project_1/hls/impl/report/verilog/export_impl.rpt' rpt_txt_var=''
INFO-FLOW: DBG:PUTS:     wrote export rpt file: export_impl.rpt
INFO-FLOW: DBG:PUTS:     auto_impl_report: syn processing xml
Execute       ap_part_info -quiet -data family -name xczu3eg-sbva484-1-e 
INFO-FLOW: DBG:PUTS:     writing export xml file: /nethome/sparakh7/fpga_8893/2026_Spring/lab0/project_1/hls/impl/report/verilog/export_syn.xml
INFO-FLOW: DBG:PROC: ::HLSREPORTS::auto_impl_report_txt xml_root='domNode0x7eff24c003b8' export_design_flow='syn' export_rpt='/nethome/sparakh7/fpga_8893/2026_Spring/lab0/project_1/hls/impl/report/verilog/export_syn.rpt' rpt_txt_var=''
INFO-FLOW: DBG:PUTS:     wrote export rpt file: export_syn.rpt
Execute       send_msg_by_id INFO @200-802@%s project_1/hls/impl/export.zip 
INFO: [HLS 200-802] Generated output file project_1/hls/impl/export.zip
Command     export_design done; 580.95 sec.
INFO: [HLS 200-2161] Finished Command export_design Elapsed time: 00:09:40; Allocated memory: 0.000 MB.
Execute     cleanup_all 
