Vivado Simulator v2025.1.1
Copyright 1986-2022 Xilinx, Inc. All Rights Reserved.
Copyright 2022-2025 Advanced Micro Devices, Inc. All Rights Reserved.
Running: /tools/software/xilinx/2025.1.1/Vivado/bin/unwrapped/lnx64.o/xelab xil_defaultlib.apatb_top_kernel_top xil_defaultlib.glbl -Oenable_linking_all_libraries -prj top_kernel.prj -L smartconnect_v1_0 -L axi_protocol_checker_v1_1_12 -L axi_protocol_checker_v1_1_13 -L axis_protocol_checker_v1_1_11 -L axis_protocol_checker_v1_1_12 -L xil_defaultlib -L unisims_ver -L xpm -L floating_point_v7_1_20 -L floating_point_v7_0_25 --lib ieee_proposed=./ieee_proposed -L uvm -relax -i ./svr -i ./svtb -i ./file_agent -i ./top_kernel_subsystem -s top_kernel 
Multi-threading is on. Using 110 slave threads.
INFO: [VRFC 10-2263] Analyzing SystemVerilog file "/nethome/sparakh7/fpga_8893/2026_Spring/lab0/project_1/hls/sim/verilog/glbl.v" into library xil_defaultlib
INFO: [VRFC 10-311] analyzing module glbl
INFO: [VRFC 10-2263] Analyzing SystemVerilog file "/nethome/sparakh7/fpga_8893/2026_Spring/lab0/project_1/hls/sim/verilog/top_kernel.autotb.v" into library xil_defaultlib
INFO: [VRFC 10-311] analyzing module apatb_top_kernel_top
INFO: [VRFC 10-2263] Analyzing SystemVerilog file "/nethome/sparakh7/fpga_8893/2026_Spring/lab0/project_1/hls/sim/verilog/top_kernel.v" into library xil_defaultlib
INFO: [VRFC 10-311] analyzing module top_kernel
INFO: [VRFC 10-2263] Analyzing SystemVerilog file "/nethome/sparakh7/fpga_8893/2026_Spring/lab0/project_1/hls/sim/verilog/top_kernel_flow_control_loop_pipe.v" into library xil_defaultlib
INFO: [VRFC 10-311] analyzing module top_kernel_flow_control_loop_pipe
INFO: [VRFC 10-2263] Analyzing SystemVerilog file "/nethome/sparakh7/fpga_8893/2026_Spring/lab0/project_1/hls/sim/verilog/top_kernel_mul_32s_32s_32_1_1.v" into library xil_defaultlib
INFO: [VRFC 10-311] analyzing module top_kernel_mul_32s_32s_32_1_1
INFO: [VRFC 10-2263] Analyzing SystemVerilog file "/nethome/sparakh7/fpga_8893/2026_Spring/lab0/project_1/hls/sim/verilog/top_kernel_a_m_axi.v" into library xil_defaultlib
INFO: [VRFC 10-311] analyzing module top_kernel_a_m_axi
INFO: [VRFC 10-311] analyzing module top_kernel_a_m_axi_load
INFO: [VRFC 10-311] analyzing module top_kernel_a_m_axi_read
INFO: [VRFC 10-311] analyzing module top_kernel_a_m_axi_burst_converter
INFO: [VRFC 10-311] analyzing module top_kernel_a_m_axi_burst_interleave
INFO: [VRFC 10-311] analyzing module top_kernel_a_m_axi_burst_sequential
INFO: [VRFC 10-311] analyzing module top_kernel_a_m_axi_reg_slice
INFO: [VRFC 10-311] analyzing module top_kernel_a_m_axi_fifo
INFO: [VRFC 10-311] analyzing module top_kernel_a_m_axi_srl
INFO: [VRFC 10-311] analyzing module top_kernel_a_m_axi_mem
INFO: [VRFC 10-2263] Analyzing SystemVerilog file "/nethome/sparakh7/fpga_8893/2026_Spring/lab0/project_1/hls/sim/verilog/top_kernel_b_m_axi.v" into library xil_defaultlib
INFO: [VRFC 10-311] analyzing module top_kernel_b_m_axi
INFO: [VRFC 10-311] analyzing module top_kernel_b_m_axi_load
INFO: [VRFC 10-311] analyzing module top_kernel_b_m_axi_read
INFO: [VRFC 10-311] analyzing module top_kernel_b_m_axi_burst_converter
INFO: [VRFC 10-311] analyzing module top_kernel_b_m_axi_burst_interleave
INFO: [VRFC 10-311] analyzing module top_kernel_b_m_axi_burst_sequential
INFO: [VRFC 10-311] analyzing module top_kernel_b_m_axi_reg_slice
INFO: [VRFC 10-311] analyzing module top_kernel_b_m_axi_fifo
INFO: [VRFC 10-311] analyzing module top_kernel_b_m_axi_srl
INFO: [VRFC 10-311] analyzing module top_kernel_b_m_axi_mem
INFO: [VRFC 10-2263] Analyzing SystemVerilog file "/nethome/sparakh7/fpga_8893/2026_Spring/lab0/project_1/hls/sim/verilog/top_kernel_sum_m_axi.v" into library xil_defaultlib
INFO: [VRFC 10-311] analyzing module top_kernel_sum_m_axi
INFO: [VRFC 10-311] analyzing module top_kernel_sum_m_axi_store
INFO: [VRFC 10-311] analyzing module top_kernel_sum_m_axi_write
INFO: [VRFC 10-311] analyzing module top_kernel_sum_m_axi_burst_converter
INFO: [VRFC 10-311] analyzing module top_kernel_sum_m_axi_burst_interleave
INFO: [VRFC 10-311] analyzing module top_kernel_sum_m_axi_burst_sequential
INFO: [VRFC 10-311] analyzing module top_kernel_sum_m_axi_throttle
INFO: [VRFC 10-311] analyzing module top_kernel_sum_m_axi_reg_slice
INFO: [VRFC 10-311] analyzing module top_kernel_sum_m_axi_fifo
INFO: [VRFC 10-311] analyzing module top_kernel_sum_m_axi_srl
INFO: [VRFC 10-311] analyzing module top_kernel_sum_m_axi_mem
INFO: [VRFC 10-2263] Analyzing SystemVerilog file "/nethome/sparakh7/fpga_8893/2026_Spring/lab0/project_1/hls/sim/verilog/top_kernel_control_s_axi.v" into library xil_defaultlib
INFO: [VRFC 10-311] analyzing module top_kernel_control_s_axi
INFO: [VRFC 10-2263] Analyzing SystemVerilog file "/nethome/sparakh7/fpga_8893/2026_Spring/lab0/project_1/hls/sim/verilog/dataflow_monitor.sv" into library xil_defaultlib
INFO: [VRFC 10-311] analyzing module dataflow_monitor
INFO: [VRFC 10-2263] Analyzing SystemVerilog file "/nethome/sparakh7/fpga_8893/2026_Spring/lab0/project_1/hls/sim/verilog/file_agent/file_agent_pkg.sv" into library xil_defaultlib
INFO: [VRFC 10-2263] Analyzing SystemVerilog file "/nethome/sparakh7/fpga_8893/2026_Spring/lab0/project_1/hls/sim/verilog/axivip/axi_pkg.sv" into library xil_defaultlib
INFO: [VRFC 10-2263] Analyzing SystemVerilog file "/nethome/sparakh7/fpga_8893/2026_Spring/lab0/project_1/hls/sim/verilog/axivip/axi_if.sv" into library xil_defaultlib
INFO: [VRFC 10-2263] Analyzing SystemVerilog file "/nethome/sparakh7/fpga_8893/2026_Spring/lab0/project_1/hls/sim/verilog/top_kernel_subsystem/top_kernel_subsystem_pkg.sv" into library xil_defaultlib
INFO: [VRFC 10-2263] Analyzing SystemVerilog file "/nethome/sparakh7/fpga_8893/2026_Spring/lab0/project_1/hls/sim/verilog/svtb/misc_interface.sv" into library xil_defaultlib
INFO: [VRFC 10-2263] Analyzing SystemVerilog file "/nethome/sparakh7/fpga_8893/2026_Spring/lab0/project_1/hls/sim/verilog/svtb/sv_module_top.sv" into library xil_defaultlib
INFO: [VRFC 10-311] analyzing module sv_module_top
Starting static elaboration
Pass Through NonSizing Optimizer
Completed static elaboration
Starting simulation data flow analysis
WARNING: [XSIM 43-4099] "/proj/primebuilds/9999.0_PRIME_0428_0031/installs/data/system_verilog/uvm_1.2/xlnx_uvm_package.sv" Line 4356. Module uvm_pkg doesn't have a timescale but at least one module in design has a timescale.
WARNING: [XSIM 43-4099] "/proj/primebuilds/9999.0_PRIME_0428_0031/installs/data/system_verilog/uvm_1.2/xlnx_uvm_package.sv" Line 4356. Module uvm_pkg doesn't have a timescale but at least one module in design has a timescale.
WARNING: [XSIM 43-4468] File : /proj/primebuilds/9999.0_PRIME_0428_0031/installs/data/system_verilog/uvm_1.2/xlnx_uvm_package.sv, Line : 25994, RANDC variable size more than 8 bits. This will be treated as a RAND variable instead.
Completed simulation data flow analysis
Time Resolution for simulation is 1ps
Compiling package xil_defaultlib.$unit_sv_module_top_sv
Compiling package uvm.uvm_pkg
Compiling package std.std
Compiling package xil_defaultlib.axi_pkg
Compiling package xil_defaultlib.top_kernel_subsystem_pkg
Compiling package xil_defaultlib.file_agent_pkg
Compiling package xil_defaultlib.$unit_dataflow_monitor_sv
Compiling module xil_defaultlib.top_kernel_control_s_axi
Compiling module xil_defaultlib.top_kernel_a_m_axi_srl(DATA_WIDT...
Compiling module xil_defaultlib.top_kernel_a_m_axi_fifo(DATA_WID...
Compiling module xil_defaultlib.top_kernel_a_m_axi_mem(MEM_STYLE...
Compiling module xil_defaultlib.top_kernel_a_m_axi_fifo(MEM_STYL...
Compiling module xil_defaultlib.top_kernel_a_m_axi_load(NUM_READ...
Compiling module xil_defaultlib.top_kernel_a_m_axi_reg_slice(DAT...
Compiling module xil_defaultlib.top_kernel_a_m_axi_burst_sequent...
Compiling module xil_defaultlib.top_kernel_a_m_axi_reg_slice(DAT...
Compiling module xil_defaultlib.top_kernel_a_m_axi_srl(DATA_WIDT...
Compiling module xil_defaultlib.top_kernel_a_m_axi_fifo(DATA_WID...
Compiling module xil_defaultlib.top_kernel_a_m_axi_read(C_USER_V...
Compiling module xil_defaultlib.top_kernel_a_m_axi(C_M_AXI_ADDR_...
Compiling module xil_defaultlib.top_kernel_b_m_axi_srl(DATA_WIDT...
Compiling module xil_defaultlib.top_kernel_b_m_axi_fifo(DATA_WID...
Compiling module xil_defaultlib.top_kernel_b_m_axi_mem(MEM_STYLE...
Compiling module xil_defaultlib.top_kernel_b_m_axi_fifo(MEM_STYL...
Compiling module xil_defaultlib.top_kernel_b_m_axi_load(NUM_READ...
Compiling module xil_defaultlib.top_kernel_b_m_axi_reg_slice(DAT...
Compiling module xil_defaultlib.top_kernel_b_m_axi_burst_sequent...
Compiling module xil_defaultlib.top_kernel_b_m_axi_reg_slice(DAT...
Compiling module xil_defaultlib.top_kernel_b_m_axi_srl(DATA_WIDT...
Compiling module xil_defaultlib.top_kernel_b_m_axi_fifo(DATA_WID...
Compiling module xil_defaultlib.top_kernel_b_m_axi_read(C_USER_V...
Compiling module xil_defaultlib.top_kernel_b_m_axi(C_M_AXI_ADDR_...
Compiling module xil_defaultlib.top_kernel_sum_m_axi_srl(DATA_WI...
Compiling module xil_defaultlib.top_kernel_sum_m_axi_fifo(DATA_W...
Compiling module xil_defaultlib.top_kernel_sum_m_axi_srl(DATA_WI...
Compiling module xil_defaultlib.top_kernel_sum_m_axi_fifo(DATA_W...
Compiling module xil_defaultlib.top_kernel_sum_m_axi_srl(DATA_WI...
Compiling module xil_defaultlib.top_kernel_sum_m_axi_fifo(DATA_W...
Compiling module xil_defaultlib.top_kernel_sum_m_axi_srl(DATA_WI...
Compiling module xil_defaultlib.top_kernel_sum_m_axi_fifo(DATA_W...
Compiling module xil_defaultlib.top_kernel_sum_m_axi_srl(DATA_WI...
Compiling module xil_defaultlib.top_kernel_sum_m_axi_fifo(DATA_W...
Compiling module xil_defaultlib.top_kernel_sum_m_axi_store(CONSE...
Compiling module xil_defaultlib.top_kernel_sum_m_axi_reg_slice(D...
Compiling module xil_defaultlib.top_kernel_sum_m_axi_burst_seque...
Compiling module xil_defaultlib.top_kernel_sum_m_axi_reg_slice(D...
Compiling module xil_defaultlib.top_kernel_sum_m_axi_srl(DATA_WI...
Compiling module xil_defaultlib.top_kernel_sum_m_axi_fifo(DATA_W...
Compiling module xil_defaultlib.top_kernel_sum_m_axi_reg_slice(D...
Compiling module xil_defaultlib.top_kernel_sum_m_axi_throttle(CO...
Compiling module xil_defaultlib.top_kernel_sum_m_axi_reg_slice(D...
Compiling module xil_defaultlib.top_kernel_sum_m_axi_write(CONSE...
Compiling module xil_defaultlib.top_kernel_sum_m_axi(C_M_AXI_ADD...
Compiling module xil_defaultlib.top_kernel_mul_32s_32s_32_1_1(NU...
Compiling module xil_defaultlib.top_kernel_flow_control_loop_pip...
Compiling module xil_defaultlib.top_kernel
Compiling module xil_defaultlib.misc_interface_default
Compiling module xil_defaultlib.axi_if(ADDR_WIDTH=64,STRB_WIDTH=...
Compiling module xil_defaultlib.axi_if(ADDR_WIDTH=6,STRB_WIDTH=4...
Compiling module xil_defaultlib.sv_module_top
Compiling module xil_defaultlib.nodf_module_intf_default
Compiling module xil_defaultlib.upc_loop_intf(FSM_WIDTH=1)
Compiling module xil_defaultlib.dataflow_monitor_1
Compiling module xil_defaultlib.apatb_top_kernel_top
Compiling module xil_defaultlib.glbl
Built simulation snapshot top_kernel
