Copyright 1986-2022 Xilinx, Inc. All Rights Reserved. Copyright 2022-2025 Advanced Micro Devices, Inc. All Rights Reserved.
--------------------------------------------------------------------------------------------------------------------------------------------------
| Tool Version      : Vivado v.2025.1.1 (lin64) Build 6233196 Thu Sep 11 21:27:11 MDT 2025
| Date              : Thu Jan 22 16:11:11 2026
| Host              : ece-linlabsrv01 running 64-bit Red Hat Enterprise Linux release 8.10 (Ootpa)
| Command           : report_timing -max_paths 10 -file ./report/top_kernel_timing_paths_synth.rpt
| Design            : bd_0_wrapper
| Device            : xczu3eg-sbva484
| Speed File        : -1  PRODUCTION 1.30 05-15-2022
| Design State      : Synthesized
| Temperature Grade : E
--------------------------------------------------------------------------------------------------------------------------------------------------

Timing Report

Slack (MET) :             7.221ns  (required time - arrival time)
  Source:                 bd_0_i/hls_inst/inst/mul_32s_32s_32_1_1_U1/tmp_product__0/DSP_A_B_DATA_INST/CLK
                            (rising edge-triggered cell DSP_A_B_DATA clocked by ap_clk  {rise@0.000ns fall@5.000ns period=10.000ns})
  Destination:            bd_0_i/hls_inst/inst/mul_ln12_reg_315_reg/DSP_OUTPUT_INST/ALU_OUT[0]
                            (rising edge-triggered cell DSP_OUTPUT clocked by ap_clk  {rise@0.000ns fall@5.000ns period=10.000ns})
  Path Group:             ap_clk
  Path Type:              Setup (Max at Slow Process Corner)
  Requirement:            10.000ns  (ap_clk rise@10.000ns - ap_clk rise@0.000ns)
  Data Path Delay:        2.723ns  (logic 2.707ns (99.412%)  route 0.016ns (0.588%))
  Logic Levels:           6  (DSP_ALU=2 DSP_M_DATA=1 DSP_MULTIPLIER=1 DSP_OUTPUT=1 DSP_PREADD_DATA=1)
  Clock Path Skew:        -0.031ns (DCD - SCD + CPR)
    Destination Clock Delay (DCD):    0.044ns = ( 10.044 - 10.000 ) 
    Source Clock Delay      (SCD):    0.075ns
    Clock Pessimism Removal (CPR):    0.000ns
  Clock Uncertainty:      0.035ns  ((TSJ^2 + TIJ^2)^1/2 + DJ) / 2 + PE
    Total System Jitter     (TSJ):    0.071ns
    Total Input Jitter      (TIJ):    0.000ns
    Discrete Jitter          (DJ):    0.000ns
    Phase Error              (PE):    0.000ns

    Location             Delay type                Incr(ns)  Path(ns)    Netlist Resource(s)
  -------------------------------------------------------------------    -------------------
                         (clock ap_clk rise edge)     0.000     0.000 r  
                                                      0.000     0.000 r  ap_clk (IN)
                         net (fo=3406, unset)         0.075     0.075    bd_0_i/hls_inst/inst/mul_32s_32s_32_1_1_U1/tmp_product__0/CLK
                         DSP_A_B_DATA                                 r  bd_0_i/hls_inst/inst/mul_32s_32s_32_1_1_U1/tmp_product__0/DSP_A_B_DATA_INST/CLK
  -------------------------------------------------------------------    -------------------
                         DSP_A_B_DATA (Prop_DSP_A_B_DATA_CLK_B2_DATA[17])
                                                      0.263     0.338 r  bd_0_i/hls_inst/inst/mul_32s_32s_32_1_1_U1/tmp_product__0/DSP_A_B_DATA_INST/B2_DATA[17]
                         net (fo=1, unplaced)         0.000     0.338    bd_0_i/hls_inst/inst/mul_32s_32s_32_1_1_U1/tmp_product__0/DSP_A_B_DATA.B2_DATA<17>
                         DSP_PREADD_DATA (Prop_DSP_PREADD_DATA_B2_DATA[17]_B2B1[17])
                                                      0.092     0.430 r  bd_0_i/hls_inst/inst/mul_32s_32s_32_1_1_U1/tmp_product__0/DSP_PREADD_DATA_INST/B2B1[17]
                         net (fo=1, unplaced)         0.000     0.430    bd_0_i/hls_inst/inst/mul_32s_32s_32_1_1_U1/tmp_product__0/DSP_PREADD_DATA.B2B1<17>
                         DSP_MULTIPLIER (Prop_DSP_MULTIPLIER_B2B1[17]_U[43])
                                                      0.737     1.167 f  bd_0_i/hls_inst/inst/mul_32s_32s_32_1_1_U1/tmp_product__0/DSP_MULTIPLIER_INST/U[43]
                         net (fo=1, unplaced)         0.000     1.167    bd_0_i/hls_inst/inst/mul_32s_32s_32_1_1_U1/tmp_product__0/DSP_MULTIPLIER.U<43>
                         DSP_M_DATA (Prop_DSP_M_DATA_U[43]_U_DATA[43])
                                                      0.059     1.226 r  bd_0_i/hls_inst/inst/mul_32s_32s_32_1_1_U1/tmp_product__0/DSP_M_DATA_INST/U_DATA[43]
                         net (fo=1, unplaced)         0.000     1.226    bd_0_i/hls_inst/inst/mul_32s_32s_32_1_1_U1/tmp_product__0/DSP_M_DATA.U_DATA<43>
                         DSP_ALU (Prop_DSP_ALU_U_DATA[43]_ALU_OUT[47])
                                                      0.699     1.925 f  bd_0_i/hls_inst/inst/mul_32s_32s_32_1_1_U1/tmp_product__0/DSP_ALU_INST/ALU_OUT[47]
                         net (fo=1, unplaced)         0.000     1.925    bd_0_i/hls_inst/inst/mul_32s_32s_32_1_1_U1/tmp_product__0/DSP_ALU.ALU_OUT<47>
                         DSP_OUTPUT (Prop_DSP_OUTPUT_ALU_OUT[47]_PCOUT[47])
                                                      0.159     2.084 r  bd_0_i/hls_inst/inst/mul_32s_32s_32_1_1_U1/tmp_product__0/DSP_OUTPUT_INST/PCOUT[47]
                         net (fo=1, unplaced)         0.016     2.100    bd_0_i/hls_inst/inst/mul_ln12_reg_315_reg/PCIN[47]
                         DSP_ALU (Prop_DSP_ALU_PCIN[47]_ALU_OUT[0])
                                                      0.698     2.798 r  bd_0_i/hls_inst/inst/mul_ln12_reg_315_reg/DSP_ALU_INST/ALU_OUT[0]
                         net (fo=1, unplaced)         0.000     2.798    bd_0_i/hls_inst/inst/mul_ln12_reg_315_reg/DSP_ALU.ALU_OUT<0>
                         DSP_OUTPUT                                   r  bd_0_i/hls_inst/inst/mul_ln12_reg_315_reg/DSP_OUTPUT_INST/ALU_OUT[0]
  -------------------------------------------------------------------    -------------------

                         (clock ap_clk rise edge)    10.000    10.000 r  
                                                      0.000    10.000 r  ap_clk (IN)
                         net (fo=3406, unset)         0.044    10.044    bd_0_i/hls_inst/inst/mul_ln12_reg_315_reg/CLK
                         DSP_OUTPUT                                   r  bd_0_i/hls_inst/inst/mul_ln12_reg_315_reg/DSP_OUTPUT_INST/CLK
                         clock pessimism              0.000    10.044    
                         clock uncertainty           -0.035    10.009    
                         DSP_OUTPUT (Setup_DSP_OUTPUT_CLK_ALU_OUT[0])
                                                      0.010    10.019    bd_0_i/hls_inst/inst/mul_ln12_reg_315_reg/DSP_OUTPUT_INST
  -------------------------------------------------------------------
                         required time                         10.019    
                         arrival time                          -2.798    
  -------------------------------------------------------------------
                         slack                                  7.221    

Slack (MET) :             7.221ns  (required time - arrival time)
  Source:                 bd_0_i/hls_inst/inst/mul_32s_32s_32_1_1_U1/tmp_product__0/DSP_A_B_DATA_INST/CLK
                            (rising edge-triggered cell DSP_A_B_DATA clocked by ap_clk  {rise@0.000ns fall@5.000ns period=10.000ns})
  Destination:            bd_0_i/hls_inst/inst/mul_ln12_reg_315_reg/DSP_OUTPUT_INST/ALU_OUT[10]
                            (rising edge-triggered cell DSP_OUTPUT clocked by ap_clk  {rise@0.000ns fall@5.000ns period=10.000ns})
  Path Group:             ap_clk
  Path Type:              Setup (Max at Slow Process Corner)
  Requirement:            10.000ns  (ap_clk rise@10.000ns - ap_clk rise@0.000ns)
  Data Path Delay:        2.723ns  (logic 2.707ns (99.412%)  route 0.016ns (0.588%))
  Logic Levels:           6  (DSP_ALU=2 DSP_M_DATA=1 DSP_MULTIPLIER=1 DSP_OUTPUT=1 DSP_PREADD_DATA=1)
  Clock Path Skew:        -0.031ns (DCD - SCD + CPR)
    Destination Clock Delay (DCD):    0.044ns = ( 10.044 - 10.000 ) 
    Source Clock Delay      (SCD):    0.075ns
    Clock Pessimism Removal (CPR):    0.000ns
  Clock Uncertainty:      0.035ns  ((TSJ^2 + TIJ^2)^1/2 + DJ) / 2 + PE
    Total System Jitter     (TSJ):    0.071ns
    Total Input Jitter      (TIJ):    0.000ns
    Discrete Jitter          (DJ):    0.000ns
    Phase Error              (PE):    0.000ns

    Location             Delay type                Incr(ns)  Path(ns)    Netlist Resource(s)
  -------------------------------------------------------------------    -------------------
                         (clock ap_clk rise edge)     0.000     0.000 r  
                                                      0.000     0.000 r  ap_clk (IN)
                         net (fo=3406, unset)         0.075     0.075    bd_0_i/hls_inst/inst/mul_32s_32s_32_1_1_U1/tmp_product__0/CLK
                         DSP_A_B_DATA                                 r  bd_0_i/hls_inst/inst/mul_32s_32s_32_1_1_U1/tmp_product__0/DSP_A_B_DATA_INST/CLK
  -------------------------------------------------------------------    -------------------
                         DSP_A_B_DATA (Prop_DSP_A_B_DATA_CLK_B2_DATA[17])
                                                      0.263     0.338 r  bd_0_i/hls_inst/inst/mul_32s_32s_32_1_1_U1/tmp_product__0/DSP_A_B_DATA_INST/B2_DATA[17]
                         net (fo=1, unplaced)         0.000     0.338    bd_0_i/hls_inst/inst/mul_32s_32s_32_1_1_U1/tmp_product__0/DSP_A_B_DATA.B2_DATA<17>
                         DSP_PREADD_DATA (Prop_DSP_PREADD_DATA_B2_DATA[17]_B2B1[17])
                                                      0.092     0.430 r  bd_0_i/hls_inst/inst/mul_32s_32s_32_1_1_U1/tmp_product__0/DSP_PREADD_DATA_INST/B2B1[17]
                         net (fo=1, unplaced)         0.000     0.430    bd_0_i/hls_inst/inst/mul_32s_32s_32_1_1_U1/tmp_product__0/DSP_PREADD_DATA.B2B1<17>
                         DSP_MULTIPLIER (Prop_DSP_MULTIPLIER_B2B1[17]_U[43])
                                                      0.737     1.167 f  bd_0_i/hls_inst/inst/mul_32s_32s_32_1_1_U1/tmp_product__0/DSP_MULTIPLIER_INST/U[43]
                         net (fo=1, unplaced)         0.000     1.167    bd_0_i/hls_inst/inst/mul_32s_32s_32_1_1_U1/tmp_product__0/DSP_MULTIPLIER.U<43>
                         DSP_M_DATA (Prop_DSP_M_DATA_U[43]_U_DATA[43])
                                                      0.059     1.226 r  bd_0_i/hls_inst/inst/mul_32s_32s_32_1_1_U1/tmp_product__0/DSP_M_DATA_INST/U_DATA[43]
                         net (fo=1, unplaced)         0.000     1.226    bd_0_i/hls_inst/inst/mul_32s_32s_32_1_1_U1/tmp_product__0/DSP_M_DATA.U_DATA<43>
                         DSP_ALU (Prop_DSP_ALU_U_DATA[43]_ALU_OUT[47])
                                                      0.699     1.925 f  bd_0_i/hls_inst/inst/mul_32s_32s_32_1_1_U1/tmp_product__0/DSP_ALU_INST/ALU_OUT[47]
                         net (fo=1, unplaced)         0.000     1.925    bd_0_i/hls_inst/inst/mul_32s_32s_32_1_1_U1/tmp_product__0/DSP_ALU.ALU_OUT<47>
                         DSP_OUTPUT (Prop_DSP_OUTPUT_ALU_OUT[47]_PCOUT[47])
                                                      0.159     2.084 r  bd_0_i/hls_inst/inst/mul_32s_32s_32_1_1_U1/tmp_product__0/DSP_OUTPUT_INST/PCOUT[47]
                         net (fo=1, unplaced)         0.016     2.100    bd_0_i/hls_inst/inst/mul_ln12_reg_315_reg/PCIN[47]
                         DSP_ALU (Prop_DSP_ALU_PCIN[47]_ALU_OUT[10])
                                                      0.698     2.798 r  bd_0_i/hls_inst/inst/mul_ln12_reg_315_reg/DSP_ALU_INST/ALU_OUT[10]
                         net (fo=1, unplaced)         0.000     2.798    bd_0_i/hls_inst/inst/mul_ln12_reg_315_reg/DSP_ALU.ALU_OUT<10>
                         DSP_OUTPUT                                   r  bd_0_i/hls_inst/inst/mul_ln12_reg_315_reg/DSP_OUTPUT_INST/ALU_OUT[10]
  -------------------------------------------------------------------    -------------------

                         (clock ap_clk rise edge)    10.000    10.000 r  
                                                      0.000    10.000 r  ap_clk (IN)
                         net (fo=3406, unset)         0.044    10.044    bd_0_i/hls_inst/inst/mul_ln12_reg_315_reg/CLK
                         DSP_OUTPUT                                   r  bd_0_i/hls_inst/inst/mul_ln12_reg_315_reg/DSP_OUTPUT_INST/CLK
                         clock pessimism              0.000    10.044    
                         clock uncertainty           -0.035    10.009    
                         DSP_OUTPUT (Setup_DSP_OUTPUT_CLK_ALU_OUT[10])
                                                      0.010    10.019    bd_0_i/hls_inst/inst/mul_ln12_reg_315_reg/DSP_OUTPUT_INST
  -------------------------------------------------------------------
                         required time                         10.019    
                         arrival time                          -2.798    
  -------------------------------------------------------------------
                         slack                                  7.221    

Slack (MET) :             7.221ns  (required time - arrival time)
  Source:                 bd_0_i/hls_inst/inst/mul_32s_32s_32_1_1_U1/tmp_product__0/DSP_A_B_DATA_INST/CLK
                            (rising edge-triggered cell DSP_A_B_DATA clocked by ap_clk  {rise@0.000ns fall@5.000ns period=10.000ns})
  Destination:            bd_0_i/hls_inst/inst/mul_ln12_reg_315_reg/DSP_OUTPUT_INST/ALU_OUT[11]
                            (rising edge-triggered cell DSP_OUTPUT clocked by ap_clk  {rise@0.000ns fall@5.000ns period=10.000ns})
  Path Group:             ap_clk
  Path Type:              Setup (Max at Slow Process Corner)
  Requirement:            10.000ns  (ap_clk rise@10.000ns - ap_clk rise@0.000ns)
  Data Path Delay:        2.723ns  (logic 2.707ns (99.412%)  route 0.016ns (0.588%))
  Logic Levels:           6  (DSP_ALU=2 DSP_M_DATA=1 DSP_MULTIPLIER=1 DSP_OUTPUT=1 DSP_PREADD_DATA=1)
  Clock Path Skew:        -0.031ns (DCD - SCD + CPR)
    Destination Clock Delay (DCD):    0.044ns = ( 10.044 - 10.000 ) 
    Source Clock Delay      (SCD):    0.075ns
    Clock Pessimism Removal (CPR):    0.000ns
  Clock Uncertainty:      0.035ns  ((TSJ^2 + TIJ^2)^1/2 + DJ) / 2 + PE
    Total System Jitter     (TSJ):    0.071ns
    Total Input Jitter      (TIJ):    0.000ns
    Discrete Jitter          (DJ):    0.000ns
    Phase Error              (PE):    0.000ns

    Location             Delay type                Incr(ns)  Path(ns)    Netlist Resource(s)
  -------------------------------------------------------------------    -------------------
                         (clock ap_clk rise edge)     0.000     0.000 r  
                                                      0.000     0.000 r  ap_clk (IN)
                         net (fo=3406, unset)         0.075     0.075    bd_0_i/hls_inst/inst/mul_32s_32s_32_1_1_U1/tmp_product__0/CLK
                         DSP_A_B_DATA                                 r  bd_0_i/hls_inst/inst/mul_32s_32s_32_1_1_U1/tmp_product__0/DSP_A_B_DATA_INST/CLK
  -------------------------------------------------------------------    -------------------
                         DSP_A_B_DATA (Prop_DSP_A_B_DATA_CLK_B2_DATA[17])
                                                      0.263     0.338 r  bd_0_i/hls_inst/inst/mul_32s_32s_32_1_1_U1/tmp_product__0/DSP_A_B_DATA_INST/B2_DATA[17]
                         net (fo=1, unplaced)         0.000     0.338    bd_0_i/hls_inst/inst/mul_32s_32s_32_1_1_U1/tmp_product__0/DSP_A_B_DATA.B2_DATA<17>
                         DSP_PREADD_DATA (Prop_DSP_PREADD_DATA_B2_DATA[17]_B2B1[17])
                                                      0.092     0.430 r  bd_0_i/hls_inst/inst/mul_32s_32s_32_1_1_U1/tmp_product__0/DSP_PREADD_DATA_INST/B2B1[17]
                         net (fo=1, unplaced)         0.000     0.430    bd_0_i/hls_inst/inst/mul_32s_32s_32_1_1_U1/tmp_product__0/DSP_PREADD_DATA.B2B1<17>
                         DSP_MULTIPLIER (Prop_DSP_MULTIPLIER_B2B1[17]_U[43])
                                                      0.737     1.167 f  bd_0_i/hls_inst/inst/mul_32s_32s_32_1_1_U1/tmp_product__0/DSP_MULTIPLIER_INST/U[43]
                         net (fo=1, unplaced)         0.000     1.167    bd_0_i/hls_inst/inst/mul_32s_32s_32_1_1_U1/tmp_product__0/DSP_MULTIPLIER.U<43>
                         DSP_M_DATA (Prop_DSP_M_DATA_U[43]_U_DATA[43])
                                                      0.059     1.226 r  bd_0_i/hls_inst/inst/mul_32s_32s_32_1_1_U1/tmp_product__0/DSP_M_DATA_INST/U_DATA[43]
                         net (fo=1, unplaced)         0.000     1.226    bd_0_i/hls_inst/inst/mul_32s_32s_32_1_1_U1/tmp_product__0/DSP_M_DATA.U_DATA<43>
                         DSP_ALU (Prop_DSP_ALU_U_DATA[43]_ALU_OUT[47])
                                                      0.699     1.925 f  bd_0_i/hls_inst/inst/mul_32s_32s_32_1_1_U1/tmp_product__0/DSP_ALU_INST/ALU_OUT[47]
                         net (fo=1, unplaced)         0.000     1.925    bd_0_i/hls_inst/inst/mul_32s_32s_32_1_1_U1/tmp_product__0/DSP_ALU.ALU_OUT<47>
                         DSP_OUTPUT (Prop_DSP_OUTPUT_ALU_OUT[47]_PCOUT[47])
                                                      0.159     2.084 r  bd_0_i/hls_inst/inst/mul_32s_32s_32_1_1_U1/tmp_product__0/DSP_OUTPUT_INST/PCOUT[47]
                         net (fo=1, unplaced)         0.016     2.100    bd_0_i/hls_inst/inst/mul_ln12_reg_315_reg/PCIN[47]
                         DSP_ALU (Prop_DSP_ALU_PCIN[47]_ALU_OUT[11])
                                                      0.698     2.798 r  bd_0_i/hls_inst/inst/mul_ln12_reg_315_reg/DSP_ALU_INST/ALU_OUT[11]
                         net (fo=1, unplaced)         0.000     2.798    bd_0_i/hls_inst/inst/mul_ln12_reg_315_reg/DSP_ALU.ALU_OUT<11>
                         DSP_OUTPUT                                   r  bd_0_i/hls_inst/inst/mul_ln12_reg_315_reg/DSP_OUTPUT_INST/ALU_OUT[11]
  -------------------------------------------------------------------    -------------------

                         (clock ap_clk rise edge)    10.000    10.000 r  
                                                      0.000    10.000 r  ap_clk (IN)
                         net (fo=3406, unset)         0.044    10.044    bd_0_i/hls_inst/inst/mul_ln12_reg_315_reg/CLK
                         DSP_OUTPUT                                   r  bd_0_i/hls_inst/inst/mul_ln12_reg_315_reg/DSP_OUTPUT_INST/CLK
                         clock pessimism              0.000    10.044    
                         clock uncertainty           -0.035    10.009    
                         DSP_OUTPUT (Setup_DSP_OUTPUT_CLK_ALU_OUT[11])
                                                      0.010    10.019    bd_0_i/hls_inst/inst/mul_ln12_reg_315_reg/DSP_OUTPUT_INST
  -------------------------------------------------------------------
                         required time                         10.019    
                         arrival time                          -2.798    
  -------------------------------------------------------------------
                         slack                                  7.221    

Slack (MET) :             7.221ns  (required time - arrival time)
  Source:                 bd_0_i/hls_inst/inst/mul_32s_32s_32_1_1_U1/tmp_product__0/DSP_A_B_DATA_INST/CLK
                            (rising edge-triggered cell DSP_A_B_DATA clocked by ap_clk  {rise@0.000ns fall@5.000ns period=10.000ns})
  Destination:            bd_0_i/hls_inst/inst/mul_ln12_reg_315_reg/DSP_OUTPUT_INST/ALU_OUT[12]
                            (rising edge-triggered cell DSP_OUTPUT clocked by ap_clk  {rise@0.000ns fall@5.000ns period=10.000ns})
  Path Group:             ap_clk
  Path Type:              Setup (Max at Slow Process Corner)
  Requirement:            10.000ns  (ap_clk rise@10.000ns - ap_clk rise@0.000ns)
  Data Path Delay:        2.723ns  (logic 2.707ns (99.412%)  route 0.016ns (0.588%))
  Logic Levels:           6  (DSP_ALU=2 DSP_M_DATA=1 DSP_MULTIPLIER=1 DSP_OUTPUT=1 DSP_PREADD_DATA=1)
  Clock Path Skew:        -0.031ns (DCD - SCD + CPR)
    Destination Clock Delay (DCD):    0.044ns = ( 10.044 - 10.000 ) 
    Source Clock Delay      (SCD):    0.075ns
    Clock Pessimism Removal (CPR):    0.000ns
  Clock Uncertainty:      0.035ns  ((TSJ^2 + TIJ^2)^1/2 + DJ) / 2 + PE
    Total System Jitter     (TSJ):    0.071ns
    Total Input Jitter      (TIJ):    0.000ns
    Discrete Jitter          (DJ):    0.000ns
    Phase Error              (PE):    0.000ns

    Location             Delay type                Incr(ns)  Path(ns)    Netlist Resource(s)
  -------------------------------------------------------------------    -------------------
                         (clock ap_clk rise edge)     0.000     0.000 r  
                                                      0.000     0.000 r  ap_clk (IN)
                         net (fo=3406, unset)         0.075     0.075    bd_0_i/hls_inst/inst/mul_32s_32s_32_1_1_U1/tmp_product__0/CLK
                         DSP_A_B_DATA                                 r  bd_0_i/hls_inst/inst/mul_32s_32s_32_1_1_U1/tmp_product__0/DSP_A_B_DATA_INST/CLK
  -------------------------------------------------------------------    -------------------
                         DSP_A_B_DATA (Prop_DSP_A_B_DATA_CLK_B2_DATA[17])
                                                      0.263     0.338 r  bd_0_i/hls_inst/inst/mul_32s_32s_32_1_1_U1/tmp_product__0/DSP_A_B_DATA_INST/B2_DATA[17]
                         net (fo=1, unplaced)         0.000     0.338    bd_0_i/hls_inst/inst/mul_32s_32s_32_1_1_U1/tmp_product__0/DSP_A_B_DATA.B2_DATA<17>
                         DSP_PREADD_DATA (Prop_DSP_PREADD_DATA_B2_DATA[17]_B2B1[17])
                                                      0.092     0.430 r  bd_0_i/hls_inst/inst/mul_32s_32s_32_1_1_U1/tmp_product__0/DSP_PREADD_DATA_INST/B2B1[17]
                         net (fo=1, unplaced)         0.000     0.430    bd_0_i/hls_inst/inst/mul_32s_32s_32_1_1_U1/tmp_product__0/DSP_PREADD_DATA.B2B1<17>
                         DSP_MULTIPLIER (Prop_DSP_MULTIPLIER_B2B1[17]_U[43])
                                                      0.737     1.167 f  bd_0_i/hls_inst/inst/mul_32s_32s_32_1_1_U1/tmp_product__0/DSP_MULTIPLIER_INST/U[43]
                         net (fo=1, unplaced)         0.000     1.167    bd_0_i/hls_inst/inst/mul_32s_32s_32_1_1_U1/tmp_product__0/DSP_MULTIPLIER.U<43>
                         DSP_M_DATA (Prop_DSP_M_DATA_U[43]_U_DATA[43])
                                                      0.059     1.226 r  bd_0_i/hls_inst/inst/mul_32s_32s_32_1_1_U1/tmp_product__0/DSP_M_DATA_INST/U_DATA[43]
                         net (fo=1, unplaced)         0.000     1.226    bd_0_i/hls_inst/inst/mul_32s_32s_32_1_1_U1/tmp_product__0/DSP_M_DATA.U_DATA<43>
                         DSP_ALU (Prop_DSP_ALU_U_DATA[43]_ALU_OUT[47])
                                                      0.699     1.925 f  bd_0_i/hls_inst/inst/mul_32s_32s_32_1_1_U1/tmp_product__0/DSP_ALU_INST/ALU_OUT[47]
                         net (fo=1, unplaced)         0.000     1.925    bd_0_i/hls_inst/inst/mul_32s_32s_32_1_1_U1/tmp_product__0/DSP_ALU.ALU_OUT<47>
                         DSP_OUTPUT (Prop_DSP_OUTPUT_ALU_OUT[47]_PCOUT[47])
                                                      0.159     2.084 r  bd_0_i/hls_inst/inst/mul_32s_32s_32_1_1_U1/tmp_product__0/DSP_OUTPUT_INST/PCOUT[47]
                         net (fo=1, unplaced)         0.016     2.100    bd_0_i/hls_inst/inst/mul_ln12_reg_315_reg/PCIN[47]
                         DSP_ALU (Prop_DSP_ALU_PCIN[47]_ALU_OUT[12])
                                                      0.698     2.798 r  bd_0_i/hls_inst/inst/mul_ln12_reg_315_reg/DSP_ALU_INST/ALU_OUT[12]
                         net (fo=1, unplaced)         0.000     2.798    bd_0_i/hls_inst/inst/mul_ln12_reg_315_reg/DSP_ALU.ALU_OUT<12>
                         DSP_OUTPUT                                   r  bd_0_i/hls_inst/inst/mul_ln12_reg_315_reg/DSP_OUTPUT_INST/ALU_OUT[12]
  -------------------------------------------------------------------    -------------------

                         (clock ap_clk rise edge)    10.000    10.000 r  
                                                      0.000    10.000 r  ap_clk (IN)
                         net (fo=3406, unset)         0.044    10.044    bd_0_i/hls_inst/inst/mul_ln12_reg_315_reg/CLK
                         DSP_OUTPUT                                   r  bd_0_i/hls_inst/inst/mul_ln12_reg_315_reg/DSP_OUTPUT_INST/CLK
                         clock pessimism              0.000    10.044    
                         clock uncertainty           -0.035    10.009    
                         DSP_OUTPUT (Setup_DSP_OUTPUT_CLK_ALU_OUT[12])
                                                      0.010    10.019    bd_0_i/hls_inst/inst/mul_ln12_reg_315_reg/DSP_OUTPUT_INST
  -------------------------------------------------------------------
                         required time                         10.019    
                         arrival time                          -2.798    
  -------------------------------------------------------------------
                         slack                                  7.221    

Slack (MET) :             7.221ns  (required time - arrival time)
  Source:                 bd_0_i/hls_inst/inst/mul_32s_32s_32_1_1_U1/tmp_product__0/DSP_A_B_DATA_INST/CLK
                            (rising edge-triggered cell DSP_A_B_DATA clocked by ap_clk  {rise@0.000ns fall@5.000ns period=10.000ns})
  Destination:            bd_0_i/hls_inst/inst/mul_ln12_reg_315_reg/DSP_OUTPUT_INST/ALU_OUT[13]
                            (rising edge-triggered cell DSP_OUTPUT clocked by ap_clk  {rise@0.000ns fall@5.000ns period=10.000ns})
  Path Group:             ap_clk
  Path Type:              Setup (Max at Slow Process Corner)
  Requirement:            10.000ns  (ap_clk rise@10.000ns - ap_clk rise@0.000ns)
  Data Path Delay:        2.723ns  (logic 2.707ns (99.412%)  route 0.016ns (0.588%))
  Logic Levels:           6  (DSP_ALU=2 DSP_M_DATA=1 DSP_MULTIPLIER=1 DSP_OUTPUT=1 DSP_PREADD_DATA=1)
  Clock Path Skew:        -0.031ns (DCD - SCD + CPR)
    Destination Clock Delay (DCD):    0.044ns = ( 10.044 - 10.000 ) 
    Source Clock Delay      (SCD):    0.075ns
    Clock Pessimism Removal (CPR):    0.000ns
  Clock Uncertainty:      0.035ns  ((TSJ^2 + TIJ^2)^1/2 + DJ) / 2 + PE
    Total System Jitter     (TSJ):    0.071ns
    Total Input Jitter      (TIJ):    0.000ns
    Discrete Jitter          (DJ):    0.000ns
    Phase Error              (PE):    0.000ns

    Location             Delay type                Incr(ns)  Path(ns)    Netlist Resource(s)
  -------------------------------------------------------------------    -------------------
                         (clock ap_clk rise edge)     0.000     0.000 r  
                                                      0.000     0.000 r  ap_clk (IN)
                         net (fo=3406, unset)         0.075     0.075    bd_0_i/hls_inst/inst/mul_32s_32s_32_1_1_U1/tmp_product__0/CLK
                         DSP_A_B_DATA                                 r  bd_0_i/hls_inst/inst/mul_32s_32s_32_1_1_U1/tmp_product__0/DSP_A_B_DATA_INST/CLK
  -------------------------------------------------------------------    -------------------
                         DSP_A_B_DATA (Prop_DSP_A_B_DATA_CLK_B2_DATA[17])
                                                      0.263     0.338 r  bd_0_i/hls_inst/inst/mul_32s_32s_32_1_1_U1/tmp_product__0/DSP_A_B_DATA_INST/B2_DATA[17]
                         net (fo=1, unplaced)         0.000     0.338    bd_0_i/hls_inst/inst/mul_32s_32s_32_1_1_U1/tmp_product__0/DSP_A_B_DATA.B2_DATA<17>
                         DSP_PREADD_DATA (Prop_DSP_PREADD_DATA_B2_DATA[17]_B2B1[17])
                                                      0.092     0.430 r  bd_0_i/hls_inst/inst/mul_32s_32s_32_1_1_U1/tmp_product__0/DSP_PREADD_DATA_INST/B2B1[17]
                         net (fo=1, unplaced)         0.000     0.430    bd_0_i/hls_inst/inst/mul_32s_32s_32_1_1_U1/tmp_product__0/DSP_PREADD_DATA.B2B1<17>
                         DSP_MULTIPLIER (Prop_DSP_MULTIPLIER_B2B1[17]_U[43])
                                                      0.737     1.167 f  bd_0_i/hls_inst/inst/mul_32s_32s_32_1_1_U1/tmp_product__0/DSP_MULTIPLIER_INST/U[43]
                         net (fo=1, unplaced)         0.000     1.167    bd_0_i/hls_inst/inst/mul_32s_32s_32_1_1_U1/tmp_product__0/DSP_MULTIPLIER.U<43>
                         DSP_M_DATA (Prop_DSP_M_DATA_U[43]_U_DATA[43])
                                                      0.059     1.226 r  bd_0_i/hls_inst/inst/mul_32s_32s_32_1_1_U1/tmp_product__0/DSP_M_DATA_INST/U_DATA[43]
                         net (fo=1, unplaced)         0.000     1.226    bd_0_i/hls_inst/inst/mul_32s_32s_32_1_1_U1/tmp_product__0/DSP_M_DATA.U_DATA<43>
                         DSP_ALU (Prop_DSP_ALU_U_DATA[43]_ALU_OUT[47])
                                                      0.699     1.925 f  bd_0_i/hls_inst/inst/mul_32s_32s_32_1_1_U1/tmp_product__0/DSP_ALU_INST/ALU_OUT[47]
                         net (fo=1, unplaced)         0.000     1.925    bd_0_i/hls_inst/inst/mul_32s_32s_32_1_1_U1/tmp_product__0/DSP_ALU.ALU_OUT<47>
                         DSP_OUTPUT (Prop_DSP_OUTPUT_ALU_OUT[47]_PCOUT[47])
                                                      0.159     2.084 r  bd_0_i/hls_inst/inst/mul_32s_32s_32_1_1_U1/tmp_product__0/DSP_OUTPUT_INST/PCOUT[47]
                         net (fo=1, unplaced)         0.016     2.100    bd_0_i/hls_inst/inst/mul_ln12_reg_315_reg/PCIN[47]
                         DSP_ALU (Prop_DSP_ALU_PCIN[47]_ALU_OUT[13])
                                                      0.698     2.798 r  bd_0_i/hls_inst/inst/mul_ln12_reg_315_reg/DSP_ALU_INST/ALU_OUT[13]
                         net (fo=1, unplaced)         0.000     2.798    bd_0_i/hls_inst/inst/mul_ln12_reg_315_reg/DSP_ALU.ALU_OUT<13>
                         DSP_OUTPUT                                   r  bd_0_i/hls_inst/inst/mul_ln12_reg_315_reg/DSP_OUTPUT_INST/ALU_OUT[13]
  -------------------------------------------------------------------    -------------------

                         (clock ap_clk rise edge)    10.000    10.000 r  
                                                      0.000    10.000 r  ap_clk (IN)
                         net (fo=3406, unset)         0.044    10.044    bd_0_i/hls_inst/inst/mul_ln12_reg_315_reg/CLK
                         DSP_OUTPUT                                   r  bd_0_i/hls_inst/inst/mul_ln12_reg_315_reg/DSP_OUTPUT_INST/CLK
                         clock pessimism              0.000    10.044    
                         clock uncertainty           -0.035    10.009    
                         DSP_OUTPUT (Setup_DSP_OUTPUT_CLK_ALU_OUT[13])
                                                      0.010    10.019    bd_0_i/hls_inst/inst/mul_ln12_reg_315_reg/DSP_OUTPUT_INST
  -------------------------------------------------------------------
                         required time                         10.019    
                         arrival time                          -2.798    
  -------------------------------------------------------------------
                         slack                                  7.221    

Slack (MET) :             7.221ns  (required time - arrival time)
  Source:                 bd_0_i/hls_inst/inst/mul_32s_32s_32_1_1_U1/tmp_product__0/DSP_A_B_DATA_INST/CLK
                            (rising edge-triggered cell DSP_A_B_DATA clocked by ap_clk  {rise@0.000ns fall@5.000ns period=10.000ns})
  Destination:            bd_0_i/hls_inst/inst/mul_ln12_reg_315_reg/DSP_OUTPUT_INST/ALU_OUT[14]
                            (rising edge-triggered cell DSP_OUTPUT clocked by ap_clk  {rise@0.000ns fall@5.000ns period=10.000ns})
  Path Group:             ap_clk
  Path Type:              Setup (Max at Slow Process Corner)
  Requirement:            10.000ns  (ap_clk rise@10.000ns - ap_clk rise@0.000ns)
  Data Path Delay:        2.723ns  (logic 2.707ns (99.412%)  route 0.016ns (0.588%))
  Logic Levels:           6  (DSP_ALU=2 DSP_M_DATA=1 DSP_MULTIPLIER=1 DSP_OUTPUT=1 DSP_PREADD_DATA=1)
  Clock Path Skew:        -0.031ns (DCD - SCD + CPR)
    Destination Clock Delay (DCD):    0.044ns = ( 10.044 - 10.000 ) 
    Source Clock Delay      (SCD):    0.075ns
    Clock Pessimism Removal (CPR):    0.000ns
  Clock Uncertainty:      0.035ns  ((TSJ^2 + TIJ^2)^1/2 + DJ) / 2 + PE
    Total System Jitter     (TSJ):    0.071ns
    Total Input Jitter      (TIJ):    0.000ns
    Discrete Jitter          (DJ):    0.000ns
    Phase Error              (PE):    0.000ns

    Location             Delay type                Incr(ns)  Path(ns)    Netlist Resource(s)
  -------------------------------------------------------------------    -------------------
                         (clock ap_clk rise edge)     0.000     0.000 r  
                                                      0.000     0.000 r  ap_clk (IN)
                         net (fo=3406, unset)         0.075     0.075    bd_0_i/hls_inst/inst/mul_32s_32s_32_1_1_U1/tmp_product__0/CLK
                         DSP_A_B_DATA                                 r  bd_0_i/hls_inst/inst/mul_32s_32s_32_1_1_U1/tmp_product__0/DSP_A_B_DATA_INST/CLK
  -------------------------------------------------------------------    -------------------
                         DSP_A_B_DATA (Prop_DSP_A_B_DATA_CLK_B2_DATA[17])
                                                      0.263     0.338 r  bd_0_i/hls_inst/inst/mul_32s_32s_32_1_1_U1/tmp_product__0/DSP_A_B_DATA_INST/B2_DATA[17]
                         net (fo=1, unplaced)         0.000     0.338    bd_0_i/hls_inst/inst/mul_32s_32s_32_1_1_U1/tmp_product__0/DSP_A_B_DATA.B2_DATA<17>
                         DSP_PREADD_DATA (Prop_DSP_PREADD_DATA_B2_DATA[17]_B2B1[17])
                                                      0.092     0.430 r  bd_0_i/hls_inst/inst/mul_32s_32s_32_1_1_U1/tmp_product__0/DSP_PREADD_DATA_INST/B2B1[17]
                         net (fo=1, unplaced)         0.000     0.430    bd_0_i/hls_inst/inst/mul_32s_32s_32_1_1_U1/tmp_product__0/DSP_PREADD_DATA.B2B1<17>
                         DSP_MULTIPLIER (Prop_DSP_MULTIPLIER_B2B1[17]_U[43])
                                                      0.737     1.167 f  bd_0_i/hls_inst/inst/mul_32s_32s_32_1_1_U1/tmp_product__0/DSP_MULTIPLIER_INST/U[43]
                         net (fo=1, unplaced)         0.000     1.167    bd_0_i/hls_inst/inst/mul_32s_32s_32_1_1_U1/tmp_product__0/DSP_MULTIPLIER.U<43>
                         DSP_M_DATA (Prop_DSP_M_DATA_U[43]_U_DATA[43])
                                                      0.059     1.226 r  bd_0_i/hls_inst/inst/mul_32s_32s_32_1_1_U1/tmp_product__0/DSP_M_DATA_INST/U_DATA[43]
                         net (fo=1, unplaced)         0.000     1.226    bd_0_i/hls_inst/inst/mul_32s_32s_32_1_1_U1/tmp_product__0/DSP_M_DATA.U_DATA<43>
                         DSP_ALU (Prop_DSP_ALU_U_DATA[43]_ALU_OUT[47])
                                                      0.699     1.925 f  bd_0_i/hls_inst/inst/mul_32s_32s_32_1_1_U1/tmp_product__0/DSP_ALU_INST/ALU_OUT[47]
                         net (fo=1, unplaced)         0.000     1.925    bd_0_i/hls_inst/inst/mul_32s_32s_32_1_1_U1/tmp_product__0/DSP_ALU.ALU_OUT<47>
                         DSP_OUTPUT (Prop_DSP_OUTPUT_ALU_OUT[47]_PCOUT[47])
                                                      0.159     2.084 r  bd_0_i/hls_inst/inst/mul_32s_32s_32_1_1_U1/tmp_product__0/DSP_OUTPUT_INST/PCOUT[47]
                         net (fo=1, unplaced)         0.016     2.100    bd_0_i/hls_inst/inst/mul_ln12_reg_315_reg/PCIN[47]
                         DSP_ALU (Prop_DSP_ALU_PCIN[47]_ALU_OUT[14])
                                                      0.698     2.798 r  bd_0_i/hls_inst/inst/mul_ln12_reg_315_reg/DSP_ALU_INST/ALU_OUT[14]
                         net (fo=1, unplaced)         0.000     2.798    bd_0_i/hls_inst/inst/mul_ln12_reg_315_reg/DSP_ALU.ALU_OUT<14>
                         DSP_OUTPUT                                   r  bd_0_i/hls_inst/inst/mul_ln12_reg_315_reg/DSP_OUTPUT_INST/ALU_OUT[14]
  -------------------------------------------------------------------    -------------------

                         (clock ap_clk rise edge)    10.000    10.000 r  
                                                      0.000    10.000 r  ap_clk (IN)
                         net (fo=3406, unset)         0.044    10.044    bd_0_i/hls_inst/inst/mul_ln12_reg_315_reg/CLK
                         DSP_OUTPUT                                   r  bd_0_i/hls_inst/inst/mul_ln12_reg_315_reg/DSP_OUTPUT_INST/CLK
                         clock pessimism              0.000    10.044    
                         clock uncertainty           -0.035    10.009    
                         DSP_OUTPUT (Setup_DSP_OUTPUT_CLK_ALU_OUT[14])
                                                      0.010    10.019    bd_0_i/hls_inst/inst/mul_ln12_reg_315_reg/DSP_OUTPUT_INST
  -------------------------------------------------------------------
                         required time                         10.019    
                         arrival time                          -2.798    
  -------------------------------------------------------------------
                         slack                                  7.221    

Slack (MET) :             7.221ns  (required time - arrival time)
  Source:                 bd_0_i/hls_inst/inst/mul_32s_32s_32_1_1_U1/tmp_product__0/DSP_A_B_DATA_INST/CLK
                            (rising edge-triggered cell DSP_A_B_DATA clocked by ap_clk  {rise@0.000ns fall@5.000ns period=10.000ns})
  Destination:            bd_0_i/hls_inst/inst/mul_ln12_reg_315_reg/DSP_OUTPUT_INST/ALU_OUT[15]
                            (rising edge-triggered cell DSP_OUTPUT clocked by ap_clk  {rise@0.000ns fall@5.000ns period=10.000ns})
  Path Group:             ap_clk
  Path Type:              Setup (Max at Slow Process Corner)
  Requirement:            10.000ns  (ap_clk rise@10.000ns - ap_clk rise@0.000ns)
  Data Path Delay:        2.723ns  (logic 2.707ns (99.412%)  route 0.016ns (0.588%))
  Logic Levels:           6  (DSP_ALU=2 DSP_M_DATA=1 DSP_MULTIPLIER=1 DSP_OUTPUT=1 DSP_PREADD_DATA=1)
  Clock Path Skew:        -0.031ns (DCD - SCD + CPR)
    Destination Clock Delay (DCD):    0.044ns = ( 10.044 - 10.000 ) 
    Source Clock Delay      (SCD):    0.075ns
    Clock Pessimism Removal (CPR):    0.000ns
  Clock Uncertainty:      0.035ns  ((TSJ^2 + TIJ^2)^1/2 + DJ) / 2 + PE
    Total System Jitter     (TSJ):    0.071ns
    Total Input Jitter      (TIJ):    0.000ns
    Discrete Jitter          (DJ):    0.000ns
    Phase Error              (PE):    0.000ns

    Location             Delay type                Incr(ns)  Path(ns)    Netlist Resource(s)
  -------------------------------------------------------------------    -------------------
                         (clock ap_clk rise edge)     0.000     0.000 r  
                                                      0.000     0.000 r  ap_clk (IN)
                         net (fo=3406, unset)         0.075     0.075    bd_0_i/hls_inst/inst/mul_32s_32s_32_1_1_U1/tmp_product__0/CLK
                         DSP_A_B_DATA                                 r  bd_0_i/hls_inst/inst/mul_32s_32s_32_1_1_U1/tmp_product__0/DSP_A_B_DATA_INST/CLK
  -------------------------------------------------------------------    -------------------
                         DSP_A_B_DATA (Prop_DSP_A_B_DATA_CLK_B2_DATA[17])
                                                      0.263     0.338 r  bd_0_i/hls_inst/inst/mul_32s_32s_32_1_1_U1/tmp_product__0/DSP_A_B_DATA_INST/B2_DATA[17]
                         net (fo=1, unplaced)         0.000     0.338    bd_0_i/hls_inst/inst/mul_32s_32s_32_1_1_U1/tmp_product__0/DSP_A_B_DATA.B2_DATA<17>
                         DSP_PREADD_DATA (Prop_DSP_PREADD_DATA_B2_DATA[17]_B2B1[17])
                                                      0.092     0.430 r  bd_0_i/hls_inst/inst/mul_32s_32s_32_1_1_U1/tmp_product__0/DSP_PREADD_DATA_INST/B2B1[17]
                         net (fo=1, unplaced)         0.000     0.430    bd_0_i/hls_inst/inst/mul_32s_32s_32_1_1_U1/tmp_product__0/DSP_PREADD_DATA.B2B1<17>
                         DSP_MULTIPLIER (Prop_DSP_MULTIPLIER_B2B1[17]_U[43])
                                                      0.737     1.167 f  bd_0_i/hls_inst/inst/mul_32s_32s_32_1_1_U1/tmp_product__0/DSP_MULTIPLIER_INST/U[43]
                         net (fo=1, unplaced)         0.000     1.167    bd_0_i/hls_inst/inst/mul_32s_32s_32_1_1_U1/tmp_product__0/DSP_MULTIPLIER.U<43>
                         DSP_M_DATA (Prop_DSP_M_DATA_U[43]_U_DATA[43])
                                                      0.059     1.226 r  bd_0_i/hls_inst/inst/mul_32s_32s_32_1_1_U1/tmp_product__0/DSP_M_DATA_INST/U_DATA[43]
                         net (fo=1, unplaced)         0.000     1.226    bd_0_i/hls_inst/inst/mul_32s_32s_32_1_1_U1/tmp_product__0/DSP_M_DATA.U_DATA<43>
                         DSP_ALU (Prop_DSP_ALU_U_DATA[43]_ALU_OUT[47])
                                                      0.699     1.925 f  bd_0_i/hls_inst/inst/mul_32s_32s_32_1_1_U1/tmp_product__0/DSP_ALU_INST/ALU_OUT[47]
                         net (fo=1, unplaced)         0.000     1.925    bd_0_i/hls_inst/inst/mul_32s_32s_32_1_1_U1/tmp_product__0/DSP_ALU.ALU_OUT<47>
                         DSP_OUTPUT (Prop_DSP_OUTPUT_ALU_OUT[47]_PCOUT[47])
                                                      0.159     2.084 r  bd_0_i/hls_inst/inst/mul_32s_32s_32_1_1_U1/tmp_product__0/DSP_OUTPUT_INST/PCOUT[47]
                         net (fo=1, unplaced)         0.016     2.100    bd_0_i/hls_inst/inst/mul_ln12_reg_315_reg/PCIN[47]
                         DSP_ALU (Prop_DSP_ALU_PCIN[47]_ALU_OUT[15])
                                                      0.698     2.798 r  bd_0_i/hls_inst/inst/mul_ln12_reg_315_reg/DSP_ALU_INST/ALU_OUT[15]
                         net (fo=1, unplaced)         0.000     2.798    bd_0_i/hls_inst/inst/mul_ln12_reg_315_reg/DSP_ALU.ALU_OUT<15>
                         DSP_OUTPUT                                   r  bd_0_i/hls_inst/inst/mul_ln12_reg_315_reg/DSP_OUTPUT_INST/ALU_OUT[15]
  -------------------------------------------------------------------    -------------------

                         (clock ap_clk rise edge)    10.000    10.000 r  
                                                      0.000    10.000 r  ap_clk (IN)
                         net (fo=3406, unset)         0.044    10.044    bd_0_i/hls_inst/inst/mul_ln12_reg_315_reg/CLK
                         DSP_OUTPUT                                   r  bd_0_i/hls_inst/inst/mul_ln12_reg_315_reg/DSP_OUTPUT_INST/CLK
                         clock pessimism              0.000    10.044    
                         clock uncertainty           -0.035    10.009    
                         DSP_OUTPUT (Setup_DSP_OUTPUT_CLK_ALU_OUT[15])
                                                      0.010    10.019    bd_0_i/hls_inst/inst/mul_ln12_reg_315_reg/DSP_OUTPUT_INST
  -------------------------------------------------------------------
                         required time                         10.019    
                         arrival time                          -2.798    
  -------------------------------------------------------------------
                         slack                                  7.221    

Slack (MET) :             7.221ns  (required time - arrival time)
  Source:                 bd_0_i/hls_inst/inst/mul_32s_32s_32_1_1_U1/tmp_product__0/DSP_A_B_DATA_INST/CLK
                            (rising edge-triggered cell DSP_A_B_DATA clocked by ap_clk  {rise@0.000ns fall@5.000ns period=10.000ns})
  Destination:            bd_0_i/hls_inst/inst/mul_ln12_reg_315_reg/DSP_OUTPUT_INST/ALU_OUT[16]
                            (rising edge-triggered cell DSP_OUTPUT clocked by ap_clk  {rise@0.000ns fall@5.000ns period=10.000ns})
  Path Group:             ap_clk
  Path Type:              Setup (Max at Slow Process Corner)
  Requirement:            10.000ns  (ap_clk rise@10.000ns - ap_clk rise@0.000ns)
  Data Path Delay:        2.723ns  (logic 2.707ns (99.412%)  route 0.016ns (0.588%))
  Logic Levels:           6  (DSP_ALU=2 DSP_M_DATA=1 DSP_MULTIPLIER=1 DSP_OUTPUT=1 DSP_PREADD_DATA=1)
  Clock Path Skew:        -0.031ns (DCD - SCD + CPR)
    Destination Clock Delay (DCD):    0.044ns = ( 10.044 - 10.000 ) 
    Source Clock Delay      (SCD):    0.075ns
    Clock Pessimism Removal (CPR):    0.000ns
  Clock Uncertainty:      0.035ns  ((TSJ^2 + TIJ^2)^1/2 + DJ) / 2 + PE
    Total System Jitter     (TSJ):    0.071ns
    Total Input Jitter      (TIJ):    0.000ns
    Discrete Jitter          (DJ):    0.000ns
    Phase Error              (PE):    0.000ns

    Location             Delay type                Incr(ns)  Path(ns)    Netlist Resource(s)
  -------------------------------------------------------------------    -------------------
                         (clock ap_clk rise edge)     0.000     0.000 r  
                                                      0.000     0.000 r  ap_clk (IN)
                         net (fo=3406, unset)         0.075     0.075    bd_0_i/hls_inst/inst/mul_32s_32s_32_1_1_U1/tmp_product__0/CLK
                         DSP_A_B_DATA                                 r  bd_0_i/hls_inst/inst/mul_32s_32s_32_1_1_U1/tmp_product__0/DSP_A_B_DATA_INST/CLK
  -------------------------------------------------------------------    -------------------
                         DSP_A_B_DATA (Prop_DSP_A_B_DATA_CLK_B2_DATA[17])
                                                      0.263     0.338 r  bd_0_i/hls_inst/inst/mul_32s_32s_32_1_1_U1/tmp_product__0/DSP_A_B_DATA_INST/B2_DATA[17]
                         net (fo=1, unplaced)         0.000     0.338    bd_0_i/hls_inst/inst/mul_32s_32s_32_1_1_U1/tmp_product__0/DSP_A_B_DATA.B2_DATA<17>
                         DSP_PREADD_DATA (Prop_DSP_PREADD_DATA_B2_DATA[17]_B2B1[17])
                                                      0.092     0.430 r  bd_0_i/hls_inst/inst/mul_32s_32s_32_1_1_U1/tmp_product__0/DSP_PREADD_DATA_INST/B2B1[17]
                         net (fo=1, unplaced)         0.000     0.430    bd_0_i/hls_inst/inst/mul_32s_32s_32_1_1_U1/tmp_product__0/DSP_PREADD_DATA.B2B1<17>
                         DSP_MULTIPLIER (Prop_DSP_MULTIPLIER_B2B1[17]_U[43])
                                                      0.737     1.167 f  bd_0_i/hls_inst/inst/mul_32s_32s_32_1_1_U1/tmp_product__0/DSP_MULTIPLIER_INST/U[43]
                         net (fo=1, unplaced)         0.000     1.167    bd_0_i/hls_inst/inst/mul_32s_32s_32_1_1_U1/tmp_product__0/DSP_MULTIPLIER.U<43>
                         DSP_M_DATA (Prop_DSP_M_DATA_U[43]_U_DATA[43])
                                                      0.059     1.226 r  bd_0_i/hls_inst/inst/mul_32s_32s_32_1_1_U1/tmp_product__0/DSP_M_DATA_INST/U_DATA[43]
                         net (fo=1, unplaced)         0.000     1.226    bd_0_i/hls_inst/inst/mul_32s_32s_32_1_1_U1/tmp_product__0/DSP_M_DATA.U_DATA<43>
                         DSP_ALU (Prop_DSP_ALU_U_DATA[43]_ALU_OUT[47])
                                                      0.699     1.925 f  bd_0_i/hls_inst/inst/mul_32s_32s_32_1_1_U1/tmp_product__0/DSP_ALU_INST/ALU_OUT[47]
                         net (fo=1, unplaced)         0.000     1.925    bd_0_i/hls_inst/inst/mul_32s_32s_32_1_1_U1/tmp_product__0/DSP_ALU.ALU_OUT<47>
                         DSP_OUTPUT (Prop_DSP_OUTPUT_ALU_OUT[47]_PCOUT[47])
                                                      0.159     2.084 r  bd_0_i/hls_inst/inst/mul_32s_32s_32_1_1_U1/tmp_product__0/DSP_OUTPUT_INST/PCOUT[47]
                         net (fo=1, unplaced)         0.016     2.100    bd_0_i/hls_inst/inst/mul_ln12_reg_315_reg/PCIN[47]
                         DSP_ALU (Prop_DSP_ALU_PCIN[47]_ALU_OUT[16])
                                                      0.698     2.798 r  bd_0_i/hls_inst/inst/mul_ln12_reg_315_reg/DSP_ALU_INST/ALU_OUT[16]
                         net (fo=1, unplaced)         0.000     2.798    bd_0_i/hls_inst/inst/mul_ln12_reg_315_reg/DSP_ALU.ALU_OUT<16>
                         DSP_OUTPUT                                   r  bd_0_i/hls_inst/inst/mul_ln12_reg_315_reg/DSP_OUTPUT_INST/ALU_OUT[16]
  -------------------------------------------------------------------    -------------------

                         (clock ap_clk rise edge)    10.000    10.000 r  
                                                      0.000    10.000 r  ap_clk (IN)
                         net (fo=3406, unset)         0.044    10.044    bd_0_i/hls_inst/inst/mul_ln12_reg_315_reg/CLK
                         DSP_OUTPUT                                   r  bd_0_i/hls_inst/inst/mul_ln12_reg_315_reg/DSP_OUTPUT_INST/CLK
                         clock pessimism              0.000    10.044    
                         clock uncertainty           -0.035    10.009    
                         DSP_OUTPUT (Setup_DSP_OUTPUT_CLK_ALU_OUT[16])
                                                      0.010    10.019    bd_0_i/hls_inst/inst/mul_ln12_reg_315_reg/DSP_OUTPUT_INST
  -------------------------------------------------------------------
                         required time                         10.019    
                         arrival time                          -2.798    
  -------------------------------------------------------------------
                         slack                                  7.221    

Slack (MET) :             7.221ns  (required time - arrival time)
  Source:                 bd_0_i/hls_inst/inst/mul_32s_32s_32_1_1_U1/tmp_product__0/DSP_A_B_DATA_INST/CLK
                            (rising edge-triggered cell DSP_A_B_DATA clocked by ap_clk  {rise@0.000ns fall@5.000ns period=10.000ns})
  Destination:            bd_0_i/hls_inst/inst/mul_ln12_reg_315_reg/DSP_OUTPUT_INST/ALU_OUT[17]
                            (rising edge-triggered cell DSP_OUTPUT clocked by ap_clk  {rise@0.000ns fall@5.000ns period=10.000ns})
  Path Group:             ap_clk
  Path Type:              Setup (Max at Slow Process Corner)
  Requirement:            10.000ns  (ap_clk rise@10.000ns - ap_clk rise@0.000ns)
  Data Path Delay:        2.723ns  (logic 2.707ns (99.412%)  route 0.016ns (0.588%))
  Logic Levels:           6  (DSP_ALU=2 DSP_M_DATA=1 DSP_MULTIPLIER=1 DSP_OUTPUT=1 DSP_PREADD_DATA=1)
  Clock Path Skew:        -0.031ns (DCD - SCD + CPR)
    Destination Clock Delay (DCD):    0.044ns = ( 10.044 - 10.000 ) 
    Source Clock Delay      (SCD):    0.075ns
    Clock Pessimism Removal (CPR):    0.000ns
  Clock Uncertainty:      0.035ns  ((TSJ^2 + TIJ^2)^1/2 + DJ) / 2 + PE
    Total System Jitter     (TSJ):    0.071ns
    Total Input Jitter      (TIJ):    0.000ns
    Discrete Jitter          (DJ):    0.000ns
    Phase Error              (PE):    0.000ns

    Location             Delay type                Incr(ns)  Path(ns)    Netlist Resource(s)
  -------------------------------------------------------------------    -------------------
                         (clock ap_clk rise edge)     0.000     0.000 r  
                                                      0.000     0.000 r  ap_clk (IN)
                         net (fo=3406, unset)         0.075     0.075    bd_0_i/hls_inst/inst/mul_32s_32s_32_1_1_U1/tmp_product__0/CLK
                         DSP_A_B_DATA                                 r  bd_0_i/hls_inst/inst/mul_32s_32s_32_1_1_U1/tmp_product__0/DSP_A_B_DATA_INST/CLK
  -------------------------------------------------------------------    -------------------
                         DSP_A_B_DATA (Prop_DSP_A_B_DATA_CLK_B2_DATA[17])
                                                      0.263     0.338 r  bd_0_i/hls_inst/inst/mul_32s_32s_32_1_1_U1/tmp_product__0/DSP_A_B_DATA_INST/B2_DATA[17]
                         net (fo=1, unplaced)         0.000     0.338    bd_0_i/hls_inst/inst/mul_32s_32s_32_1_1_U1/tmp_product__0/DSP_A_B_DATA.B2_DATA<17>
                         DSP_PREADD_DATA (Prop_DSP_PREADD_DATA_B2_DATA[17]_B2B1[17])
                                                      0.092     0.430 r  bd_0_i/hls_inst/inst/mul_32s_32s_32_1_1_U1/tmp_product__0/DSP_PREADD_DATA_INST/B2B1[17]
                         net (fo=1, unplaced)         0.000     0.430    bd_0_i/hls_inst/inst/mul_32s_32s_32_1_1_U1/tmp_product__0/DSP_PREADD_DATA.B2B1<17>
                         DSP_MULTIPLIER (Prop_DSP_MULTIPLIER_B2B1[17]_U[43])
                                                      0.737     1.167 f  bd_0_i/hls_inst/inst/mul_32s_32s_32_1_1_U1/tmp_product__0/DSP_MULTIPLIER_INST/U[43]
                         net (fo=1, unplaced)         0.000     1.167    bd_0_i/hls_inst/inst/mul_32s_32s_32_1_1_U1/tmp_product__0/DSP_MULTIPLIER.U<43>
                         DSP_M_DATA (Prop_DSP_M_DATA_U[43]_U_DATA[43])
                                                      0.059     1.226 r  bd_0_i/hls_inst/inst/mul_32s_32s_32_1_1_U1/tmp_product__0/DSP_M_DATA_INST/U_DATA[43]
                         net (fo=1, unplaced)         0.000     1.226    bd_0_i/hls_inst/inst/mul_32s_32s_32_1_1_U1/tmp_product__0/DSP_M_DATA.U_DATA<43>
                         DSP_ALU (Prop_DSP_ALU_U_DATA[43]_ALU_OUT[47])
                                                      0.699     1.925 f  bd_0_i/hls_inst/inst/mul_32s_32s_32_1_1_U1/tmp_product__0/DSP_ALU_INST/ALU_OUT[47]
                         net (fo=1, unplaced)         0.000     1.925    bd_0_i/hls_inst/inst/mul_32s_32s_32_1_1_U1/tmp_product__0/DSP_ALU.ALU_OUT<47>
                         DSP_OUTPUT (Prop_DSP_OUTPUT_ALU_OUT[47]_PCOUT[47])
                                                      0.159     2.084 r  bd_0_i/hls_inst/inst/mul_32s_32s_32_1_1_U1/tmp_product__0/DSP_OUTPUT_INST/PCOUT[47]
                         net (fo=1, unplaced)         0.016     2.100    bd_0_i/hls_inst/inst/mul_ln12_reg_315_reg/PCIN[47]
                         DSP_ALU (Prop_DSP_ALU_PCIN[47]_ALU_OUT[17])
                                                      0.698     2.798 r  bd_0_i/hls_inst/inst/mul_ln12_reg_315_reg/DSP_ALU_INST/ALU_OUT[17]
                         net (fo=1, unplaced)         0.000     2.798    bd_0_i/hls_inst/inst/mul_ln12_reg_315_reg/DSP_ALU.ALU_OUT<17>
                         DSP_OUTPUT                                   r  bd_0_i/hls_inst/inst/mul_ln12_reg_315_reg/DSP_OUTPUT_INST/ALU_OUT[17]
  -------------------------------------------------------------------    -------------------

                         (clock ap_clk rise edge)    10.000    10.000 r  
                                                      0.000    10.000 r  ap_clk (IN)
                         net (fo=3406, unset)         0.044    10.044    bd_0_i/hls_inst/inst/mul_ln12_reg_315_reg/CLK
                         DSP_OUTPUT                                   r  bd_0_i/hls_inst/inst/mul_ln12_reg_315_reg/DSP_OUTPUT_INST/CLK
                         clock pessimism              0.000    10.044    
                         clock uncertainty           -0.035    10.009    
                         DSP_OUTPUT (Setup_DSP_OUTPUT_CLK_ALU_OUT[17])
                                                      0.010    10.019    bd_0_i/hls_inst/inst/mul_ln12_reg_315_reg/DSP_OUTPUT_INST
  -------------------------------------------------------------------
                         required time                         10.019    
                         arrival time                          -2.798    
  -------------------------------------------------------------------
                         slack                                  7.221    

Slack (MET) :             7.221ns  (required time - arrival time)
  Source:                 bd_0_i/hls_inst/inst/mul_32s_32s_32_1_1_U1/tmp_product__0/DSP_A_B_DATA_INST/CLK
                            (rising edge-triggered cell DSP_A_B_DATA clocked by ap_clk  {rise@0.000ns fall@5.000ns period=10.000ns})
  Destination:            bd_0_i/hls_inst/inst/mul_ln12_reg_315_reg/DSP_OUTPUT_INST/ALU_OUT[18]
                            (rising edge-triggered cell DSP_OUTPUT clocked by ap_clk  {rise@0.000ns fall@5.000ns period=10.000ns})
  Path Group:             ap_clk
  Path Type:              Setup (Max at Slow Process Corner)
  Requirement:            10.000ns  (ap_clk rise@10.000ns - ap_clk rise@0.000ns)
  Data Path Delay:        2.723ns  (logic 2.707ns (99.412%)  route 0.016ns (0.588%))
  Logic Levels:           6  (DSP_ALU=2 DSP_M_DATA=1 DSP_MULTIPLIER=1 DSP_OUTPUT=1 DSP_PREADD_DATA=1)
  Clock Path Skew:        -0.031ns (DCD - SCD + CPR)
    Destination Clock Delay (DCD):    0.044ns = ( 10.044 - 10.000 ) 
    Source Clock Delay      (SCD):    0.075ns
    Clock Pessimism Removal (CPR):    0.000ns
  Clock Uncertainty:      0.035ns  ((TSJ^2 + TIJ^2)^1/2 + DJ) / 2 + PE
    Total System Jitter     (TSJ):    0.071ns
    Total Input Jitter      (TIJ):    0.000ns
    Discrete Jitter          (DJ):    0.000ns
    Phase Error              (PE):    0.000ns

    Location             Delay type                Incr(ns)  Path(ns)    Netlist Resource(s)
  -------------------------------------------------------------------    -------------------
                         (clock ap_clk rise edge)     0.000     0.000 r  
                                                      0.000     0.000 r  ap_clk (IN)
                         net (fo=3406, unset)         0.075     0.075    bd_0_i/hls_inst/inst/mul_32s_32s_32_1_1_U1/tmp_product__0/CLK
                         DSP_A_B_DATA                                 r  bd_0_i/hls_inst/inst/mul_32s_32s_32_1_1_U1/tmp_product__0/DSP_A_B_DATA_INST/CLK
  -------------------------------------------------------------------    -------------------
                         DSP_A_B_DATA (Prop_DSP_A_B_DATA_CLK_B2_DATA[17])
                                                      0.263     0.338 r  bd_0_i/hls_inst/inst/mul_32s_32s_32_1_1_U1/tmp_product__0/DSP_A_B_DATA_INST/B2_DATA[17]
                         net (fo=1, unplaced)         0.000     0.338    bd_0_i/hls_inst/inst/mul_32s_32s_32_1_1_U1/tmp_product__0/DSP_A_B_DATA.B2_DATA<17>
                         DSP_PREADD_DATA (Prop_DSP_PREADD_DATA_B2_DATA[17]_B2B1[17])
                                                      0.092     0.430 r  bd_0_i/hls_inst/inst/mul_32s_32s_32_1_1_U1/tmp_product__0/DSP_PREADD_DATA_INST/B2B1[17]
                         net (fo=1, unplaced)         0.000     0.430    bd_0_i/hls_inst/inst/mul_32s_32s_32_1_1_U1/tmp_product__0/DSP_PREADD_DATA.B2B1<17>
                         DSP_MULTIPLIER (Prop_DSP_MULTIPLIER_B2B1[17]_U[43])
                                                      0.737     1.167 f  bd_0_i/hls_inst/inst/mul_32s_32s_32_1_1_U1/tmp_product__0/DSP_MULTIPLIER_INST/U[43]
                         net (fo=1, unplaced)         0.000     1.167    bd_0_i/hls_inst/inst/mul_32s_32s_32_1_1_U1/tmp_product__0/DSP_MULTIPLIER.U<43>
                         DSP_M_DATA (Prop_DSP_M_DATA_U[43]_U_DATA[43])
                                                      0.059     1.226 r  bd_0_i/hls_inst/inst/mul_32s_32s_32_1_1_U1/tmp_product__0/DSP_M_DATA_INST/U_DATA[43]
                         net (fo=1, unplaced)         0.000     1.226    bd_0_i/hls_inst/inst/mul_32s_32s_32_1_1_U1/tmp_product__0/DSP_M_DATA.U_DATA<43>
                         DSP_ALU (Prop_DSP_ALU_U_DATA[43]_ALU_OUT[47])
                                                      0.699     1.925 f  bd_0_i/hls_inst/inst/mul_32s_32s_32_1_1_U1/tmp_product__0/DSP_ALU_INST/ALU_OUT[47]
                         net (fo=1, unplaced)         0.000     1.925    bd_0_i/hls_inst/inst/mul_32s_32s_32_1_1_U1/tmp_product__0/DSP_ALU.ALU_OUT<47>
                         DSP_OUTPUT (Prop_DSP_OUTPUT_ALU_OUT[47]_PCOUT[47])
                                                      0.159     2.084 r  bd_0_i/hls_inst/inst/mul_32s_32s_32_1_1_U1/tmp_product__0/DSP_OUTPUT_INST/PCOUT[47]
                         net (fo=1, unplaced)         0.016     2.100    bd_0_i/hls_inst/inst/mul_ln12_reg_315_reg/PCIN[47]
                         DSP_ALU (Prop_DSP_ALU_PCIN[47]_ALU_OUT[18])
                                                      0.698     2.798 r  bd_0_i/hls_inst/inst/mul_ln12_reg_315_reg/DSP_ALU_INST/ALU_OUT[18]
                         net (fo=1, unplaced)         0.000     2.798    bd_0_i/hls_inst/inst/mul_ln12_reg_315_reg/DSP_ALU.ALU_OUT<18>
                         DSP_OUTPUT                                   r  bd_0_i/hls_inst/inst/mul_ln12_reg_315_reg/DSP_OUTPUT_INST/ALU_OUT[18]
  -------------------------------------------------------------------    -------------------

                         (clock ap_clk rise edge)    10.000    10.000 r  
                                                      0.000    10.000 r  ap_clk (IN)
                         net (fo=3406, unset)         0.044    10.044    bd_0_i/hls_inst/inst/mul_ln12_reg_315_reg/CLK
                         DSP_OUTPUT                                   r  bd_0_i/hls_inst/inst/mul_ln12_reg_315_reg/DSP_OUTPUT_INST/CLK
                         clock pessimism              0.000    10.044    
                         clock uncertainty           -0.035    10.009    
                         DSP_OUTPUT (Setup_DSP_OUTPUT_CLK_ALU_OUT[18])
                                                      0.010    10.019    bd_0_i/hls_inst/inst/mul_ln12_reg_315_reg/DSP_OUTPUT_INST
  -------------------------------------------------------------------
                         required time                         10.019    
                         arrival time                          -2.798    
  -------------------------------------------------------------------
                         slack                                  7.221    




