Copyright 1986-2022 Xilinx, Inc. All Rights Reserved. Copyright 2022-2025 Advanced Micro Devices, Inc. All Rights Reserved.
---------------------------------------------------------------------------------------------------------------------------------------------
| Tool Version : Vivado v.2025.1.1 (lin64) Build 6233196 Thu Sep 11 21:27:11 MDT 2025
| Date         : Thu Jan 22 16:11:12 2026
| Host         : ece-linlabsrv01 running 64-bit Red Hat Enterprise Linux release 8.10 (Ootpa)
| Command      : report_design_analysis -file ./report/top_kernel_design_analysis_synth.rpt
| Design       : bd_0_wrapper
| Device       : xczu3eg
| Design State : Synthesized
---------------------------------------------------------------------------------------------------------------------------------------------

Report Design Analysis

Table of Contents
-----------------
1. Setup Path Characteristics 1-1
2. Logic Level Distribution
3. Placer Final Level Congestion Reporting
4. SLR Net Crossing Reporting

1. Setup Path Characteristics 1-1
---------------------------------

+---------------------------+-----------------------------------------------------------------------------------------------------------------+
|      Characteristics      |                                                     Path #1                                                     |
+---------------------------+-----------------------------------------------------------------------------------------------------------------+
| Requirement               | 10.000                                                                                                          |
| Path Delay                | 2.723                                                                                                           |
| Logic Delay               | 2.707(100%)                                                                                                     |
| Net Delay                 | 0.016(0%)                                                                                                       |
| Clock Skew                | -0.031                                                                                                          |
| Slack                     | 7.221                                                                                                           |
| Clock Uncertainty         | 0.035                                                                                                           |
| Clock Pair Classification | Timed                                                                                                           |
| Clock Delay Group         | Same Clock                                                                                                      |
| Logic Levels              | 6                                                                                                               |
| Routes                    | NA                                                                                                              |
| Logical Path              | DSP_A_B_DATA/CLK-(1)-DSP_PREADD_DATA-DSP_MULTIPLIER-DSP_M_DATA-DSP_ALU-DSP_OUTPUT-DSP_ALU-DSP_OUTPUT/ALU_OUT[0] |
| Start Point Clock         | ap_clk                                                                                                          |
| End Point Clock           | ap_clk                                                                                                          |
| DSP Block                 | Seq                                                                                                             |
| RAM Registers             | None-None                                                                                                       |
| IO Crossings              | 0                                                                                                               |
| SLR Crossings             | 0                                                                                                               |
| PBlocks                   | 0                                                                                                               |
| High Fanout               | 1                                                                                                               |
| ASYNC REG                 | 0                                                                                                               |
| Dont Touch                | 0                                                                                                               |
| Mark Debug                | 0                                                                                                               |
| Start Point Pin Primitive | DSP_A_B_DATA/CLK                                                                                                |
| End Point Pin Primitive   | DSP_OUTPUT/ALU_OUT[0]                                                                                           |
| Start Point Pin           | DSP_A_B_DATA_INST/CLK                                                                                           |
| End Point Pin             | DSP_OUTPUT_INST/ALU_OUT[0]                                                                                      |
+---------------------------+-----------------------------------------------------------------------------------------------------------------+
* Bounding box calculated as % of dimensions for the target device (2447, 372)


2. Logic Level Distribution
---------------------------

+-----------------+-------------+----+---+---+-----+-----+----+----+
| End Point Clock | Requirement |  0 | 1 | 2 |  3  |  4  |  5 |  6 |
+-----------------+-------------+----+---+---+-----+-----+----+----+
| ap_clk          | 10.000ns    | 87 | 2 | 7 | 303 | 528 | 25 | 48 |
+-----------------+-------------+----+---+---+-----+-----+----+----+
* Columns represent the logic levels per end point clock
** Distribution is for top worst 1000 paths


3. Placer Final Level Congestion Reporting
------------------------------------------

+-----------+------+-------+--------+---------------+----------------+-----+--------+------+------+------+------+-----+-------+-----+------------+
| Direction | Type | Level | Window | Combined LUTs | Avg LUT Inputs | LUT | LUTRAM | Flop | MUXF | RAMB | URAM | DSP | CARRY | SRL | Cell Names |
+-----------+------+-------+--------+---------------+----------------+-----+--------+------+------+------+------+-----+-------+-----+------------+
* The design has not been placed, hence congestion data is not available. The command report_design_analysis -congestion should be run only after place_design has completed.


4. SLR Net Crossing Reporting
-----------------------------

+------------+-----------------------------+
| Cell Names | Number of Nets crossing SLR |
+------------+-----------------------------+
* The current part is not an SSI device


