#include "dcl.h"
#include <ap_fixed.h>

// ----------------------------------------------------------------------
// CONFIGURATION
// Target: 30x Speedup -> We use Factor 16 Parallelism
// ----------------------------------------------------------------------
#define PAR 16

// CRITICAL: Ensure data_t is fixed point in dcl.h
// typedef ap_fixed<32, 16> data_t; 

// ======================================================================
// 1. Burst Read
// ======================================================================
void read_input(data_t A_DRAM[N_ROWS][N_COLS], data_t A_local[N_ROWS][N_COLS]) {
    // Read sequentially to maximize AXI burst length
    read_row: for (int i = 0; i < N_ROWS; i++) {
        read_col: for (int j = 0; j < N_COLS; j++) {
            #pragma HLS PIPELINE II=1
            A_local[i][j] = A_DRAM[i][j];
        }
    }
}

// ======================================================================
// 2. Row Normalization
// Strategy: Process 16 Rows in parallel
// ======================================================================
void compute_row_norm(data_t A[N_ROWS][N_COLS], data_t tmp[N_ROWS][N_COLS]) {
    
    // Iterate over rows in blocks of 16
    row_norm_outer: for (int i = 0; i < N_ROWS; i += PAR) {
        #pragma HLS PIPELINE off 
        // We do not pipeline the outer loop; we exploit spatial parallelism inside.

        data_t row_sums[PAR];
        #pragma HLS ARRAY_PARTITION variable=row_sums complete

        // Step 1: Accumulate Sums for 16 rows concurrently
        sum_loop: for (int j = 0; j < N_COLS; j++) {
            #pragma HLS PIPELINE II=1
            
            // Unroll to create 16 parallel adders
            sum_unroll: for (int k = 0; k < PAR; k++) {
                #pragma HLS UNROLL
                if (i + k < N_ROWS) {
                    if (j == 0) row_sums[k] = 0; // Reset at start of row
                    
                    #pragma HLS BIND_OP variable=row_sums op=add impl=dsp
                    row_sums[k] += A[i + k][j];
                }
            }
        }

        // Step 2: Normalize 16 rows concurrently
        norm_loop: for (int j = 0; j < N_COLS; j++) {
            #pragma HLS PIPELINE II=1
            
            norm_unroll: for (int k = 0; k < PAR; k++) {
                #pragma HLS UNROLL
                if (i + k < N_ROWS) {
                    data_t denom = row_sums[k] + (data_t)1;
                    
                    // Fixed point division is expensive, but we have DSPs to spare.
                    // This creates 16 parallel dividers/multipliers.
                    #pragma HLS BIND_OP variable=tmp op=mul impl=dsp
                    tmp[i + k][j] = A[i + k][j] / denom;
                }
            }
        }
    }
}

// ======================================================================
// 3. Column Scaling
// Strategy: Iterate Columns (Outer), Access 16 Rows (Inner) in parallel
// ======================================================================
void compute_col_scale(data_t tmp[N_ROWS][N_COLS], data_t C[N_ROWS][N_COLS]) {
    
    // Process one column at a time
    col_scale_j: for (int j = 0; j < N_COLS; j++) {
        #pragma HLS PIPELINE off
        
        data_t col_sum = 0;

        // Step 1: Column Summation
        // We stride through the column 16 rows at a time
        col_sum_i: for (int i = 0; i < N_ROWS; i += PAR) {
            #pragma HLS PIPELINE II=1
            
            data_t partial_sum = 0;
            
            // Because 'tmp' is partitioned cyclically, these 16 accesses 
            // hit 16 different banks. No conflict.
            sum_reduce: for (int k = 0; k < PAR; k++) {
                #pragma HLS UNROLL
                if (i + k < N_ROWS) {
                    partial_sum += tmp[i + k][j];
                }
            }
            #pragma HLS BIND_OP variable=col_sum op=add impl=dsp
            col_sum += partial_sum;
        }

        data_t scale = col_sum / (data_t)N_ROWS;

        // Step 2: Apply Scale
        col_write_i: for (int i = 0; i < N_ROWS; i += PAR) {
            #pragma HLS PIPELINE II=1
            
            write_unroll: for (int k = 0; k < PAR; k++) {
                #pragma HLS UNROLL
                if (i + k < N_ROWS) {
                    // 16 parallel writes to 'C' (which is also partitioned)
                    #pragma HLS BIND_OP variable=C op=mul impl=dsp
                    C[i + k][j] = tmp[i + k][j] * scale;
                }
            }
        }
    }
}

// ======================================================================
// 4. Burst Write
// ======================================================================
void write_output(data_t C_local[N_ROWS][N_COLS], data_t C_DRAM[N_ROWS][N_COLS]) {
    write_row: for (int i = 0; i < N_ROWS; i++) {
        write_col: for (int j = 0; j < N_COLS; j++) {
            #pragma HLS PIPELINE II=1
            C_DRAM[i][j] = C_local[i][j];
        }
    }
}

// ======================================================================
// TOP LEVEL
// ======================================================================
void top_kernel(data_t A_DRAM[N_ROWS][N_COLS], data_t C_DRAM[N_ROWS][N_COLS]) {
    #pragma HLS INTERFACE m_axi port=A_DRAM offset=slave bundle=gmem0 depth=N_ROWS*N_COLS
    #pragma HLS INTERFACE m_axi port=C_DRAM offset=slave bundle=gmem1 depth=N_ROWS*N_COLS
    #pragma HLS INTERFACE s_axilite port=return

    // On-chip buffers
    data_t A_local[N_ROWS][N_COLS];
    data_t tmp_local[N_ROWS][N_COLS];
    data_t C_local[N_ROWS][N_COLS];

    // ------------------------------------------------------------------
    // MEMORY PARTITIONING: FACTOR 16
    // ------------------------------------------------------------------
    // We partition by ROW (dim 1) cyclically.
    // Bank 0 holds row 0, 16, 32...
    // Bank 1 holds row 1, 17, 33...
    // This allows simultaneous access to rows i, i+1, ... i+15.
    #pragma HLS ARRAY_PARTITION variable=A_local   cyclic factor=16 dim=1
    #pragma HLS ARRAY_PARTITION variable=tmp_local cyclic factor=16 dim=1
    #pragma HLS ARRAY_PARTITION variable=C_local   cyclic factor=16 dim=1

    // ------------------------------------------------------------------
    // TASK PARALLELISM
    // ------------------------------------------------------------------
    #pragma HLS DATAFLOW

    read_input(A_DRAM, A_local);
    compute_row_norm(A_local, tmp_local);
    compute_col_scale(tmp_local, C_local);
    write_output(C_local, C_DRAM);
}